Archive member included to satisfy reference by file (symbol)

c:/st/stm32cubeide_1.7.0/stm32cubeide/plugins/com.st.stm32cube.ide.mcu.externaltools.gnu-tools-for-stm32.9-2020-q2-update.win32_2.0.0.202105311346/tools/bin/../lib/gcc/arm-none-eabi/9.3.1/../../../../arm-none-eabi/lib/thumb/v7e-m+fp/hard\libc_nano.a(lib_a-errno.o)
                              ./Src/syscalls.o (__errno)
c:/st/stm32cubeide_1.7.0/stm32cubeide/plugins/com.st.stm32cube.ide.mcu.externaltools.gnu-tools-for-stm32.9-2020-q2-update.win32_2.0.0.202105311346/tools/bin/../lib/gcc/arm-none-eabi/9.3.1/../../../../arm-none-eabi/lib/thumb/v7e-m+fp/hard\libc_nano.a(lib_a-exit.o)
                              c:/st/stm32cubeide_1.7.0/stm32cubeide/plugins/com.st.stm32cube.ide.mcu.externaltools.gnu-tools-for-stm32.9-2020-q2-update.win32_2.0.0.202105311346/tools/bin/../lib/gcc/arm-none-eabi/9.3.1/../../../../arm-none-eabi/lib/thumb/v7e-m+fp/hard/crt0.o (exit)
c:/st/stm32cubeide_1.7.0/stm32cubeide/plugins/com.st.stm32cube.ide.mcu.externaltools.gnu-tools-for-stm32.9-2020-q2-update.win32_2.0.0.202105311346/tools/bin/../lib/gcc/arm-none-eabi/9.3.1/../../../../arm-none-eabi/lib/thumb/v7e-m+fp/hard\libc_nano.a(lib_a-impure.o)
                              c:/st/stm32cubeide_1.7.0/stm32cubeide/plugins/com.st.stm32cube.ide.mcu.externaltools.gnu-tools-for-stm32.9-2020-q2-update.win32_2.0.0.202105311346/tools/bin/../lib/gcc/arm-none-eabi/9.3.1/../../../../arm-none-eabi/lib/thumb/v7e-m+fp/hard\libc_nano.a(lib_a-exit.o) (_global_impure_ptr)
c:/st/stm32cubeide_1.7.0/stm32cubeide/plugins/com.st.stm32cube.ide.mcu.externaltools.gnu-tools-for-stm32.9-2020-q2-update.win32_2.0.0.202105311346/tools/bin/../lib/gcc/arm-none-eabi/9.3.1/../../../../arm-none-eabi/lib/thumb/v7e-m+fp/hard\libc_nano.a(lib_a-init.o)
                              c:/st/stm32cubeide_1.7.0/stm32cubeide/plugins/com.st.stm32cube.ide.mcu.externaltools.gnu-tools-for-stm32.9-2020-q2-update.win32_2.0.0.202105311346/tools/bin/../lib/gcc/arm-none-eabi/9.3.1/../../../../arm-none-eabi/lib/thumb/v7e-m+fp/hard/crt0.o (__libc_init_array)
c:/st/stm32cubeide_1.7.0/stm32cubeide/plugins/com.st.stm32cube.ide.mcu.externaltools.gnu-tools-for-stm32.9-2020-q2-update.win32_2.0.0.202105311346/tools/bin/../lib/gcc/arm-none-eabi/9.3.1/../../../../arm-none-eabi/lib/thumb/v7e-m+fp/hard\libc_nano.a(lib_a-malloc.o)
                              ./Src/MN15439A.o (malloc)
c:/st/stm32cubeide_1.7.0/stm32cubeide/plugins/com.st.stm32cube.ide.mcu.externaltools.gnu-tools-for-stm32.9-2020-q2-update.win32_2.0.0.202105311346/tools/bin/../lib/gcc/arm-none-eabi/9.3.1/../../../../arm-none-eabi/lib/thumb/v7e-m+fp/hard\libc_nano.a(lib_a-memcpy-stub.o)
                              ./Src/MN15439A.o (memcpy)
c:/st/stm32cubeide_1.7.0/stm32cubeide/plugins/com.st.stm32cube.ide.mcu.externaltools.gnu-tools-for-stm32.9-2020-q2-update.win32_2.0.0.202105311346/tools/bin/../lib/gcc/arm-none-eabi/9.3.1/../../../../arm-none-eabi/lib/thumb/v7e-m+fp/hard\libc_nano.a(lib_a-memset.o)
                              c:/st/stm32cubeide_1.7.0/stm32cubeide/plugins/com.st.stm32cube.ide.mcu.externaltools.gnu-tools-for-stm32.9-2020-q2-update.win32_2.0.0.202105311346/tools/bin/../lib/gcc/arm-none-eabi/9.3.1/../../../../arm-none-eabi/lib/thumb/v7e-m+fp/hard/crt0.o (memset)
c:/st/stm32cubeide_1.7.0/stm32cubeide/plugins/com.st.stm32cube.ide.mcu.externaltools.gnu-tools-for-stm32.9-2020-q2-update.win32_2.0.0.202105311346/tools/bin/../lib/gcc/arm-none-eabi/9.3.1/../../../../arm-none-eabi/lib/thumb/v7e-m+fp/hard\libc_nano.a(lib_a-nano-freer.o)
                              c:/st/stm32cubeide_1.7.0/stm32cubeide/plugins/com.st.stm32cube.ide.mcu.externaltools.gnu-tools-for-stm32.9-2020-q2-update.win32_2.0.0.202105311346/tools/bin/../lib/gcc/arm-none-eabi/9.3.1/../../../../arm-none-eabi/lib/thumb/v7e-m+fp/hard\libc_nano.a(lib_a-malloc.o) (_free_r)
c:/st/stm32cubeide_1.7.0/stm32cubeide/plugins/com.st.stm32cube.ide.mcu.externaltools.gnu-tools-for-stm32.9-2020-q2-update.win32_2.0.0.202105311346/tools/bin/../lib/gcc/arm-none-eabi/9.3.1/../../../../arm-none-eabi/lib/thumb/v7e-m+fp/hard\libc_nano.a(lib_a-nano-mallocr.o)
                              c:/st/stm32cubeide_1.7.0/stm32cubeide/plugins/com.st.stm32cube.ide.mcu.externaltools.gnu-tools-for-stm32.9-2020-q2-update.win32_2.0.0.202105311346/tools/bin/../lib/gcc/arm-none-eabi/9.3.1/../../../../arm-none-eabi/lib/thumb/v7e-m+fp/hard\libc_nano.a(lib_a-malloc.o) (_malloc_r)
c:/st/stm32cubeide_1.7.0/stm32cubeide/plugins/com.st.stm32cube.ide.mcu.externaltools.gnu-tools-for-stm32.9-2020-q2-update.win32_2.0.0.202105311346/tools/bin/../lib/gcc/arm-none-eabi/9.3.1/../../../../arm-none-eabi/lib/thumb/v7e-m+fp/hard\libc_nano.a(lib_a-sbrkr.o)
[...]
Memory Configuration

Name             Origin             Length             Attributes
RAM              0x0000000020000000 0x000000000000a000 xrw
CCMRAM           0x0000000010000000 0x0000000000002000 xrw
FLASH            0x0000000008000000 0x0000000000040000 xr
*default*        0x0000000000000000 0xffffffffffffffff

Linker script and memory map

LOAD c:/st/stm32cubeide_1.7.0/stm32cubeide/plugins/com.st.stm32cube.ide.mcu.externaltools.gnu-tools-for-stm32.9-2020-q2-update.win32_2.0.0.202105311346/tools/bin/../lib/gcc/arm-none-eabi/9.3.1/thumb/v7e-m+fp/hard/crti.o
LOAD c:/st/stm32cubeide_1.7.0/stm32cubeide/plugins/com.st.stm32cube.ide.mcu.externaltools.gnu-tools-for-stm32.9-2020-q2-update.win32_2.0.0.202105311346/tools/bin/../lib/gcc/arm-none-eabi/9.3.1/thumb/v7e-m+fp/hard/crtbegin.o
LOAD c:/st/stm32cubeide_1.7.0/stm32cubeide/plugins/com.st.stm32cube.ide.mcu.externaltools.gnu-tools-for-stm32.9-2020-q2-update.win32_2.0.0.202105311346/tools/bin/../lib/gcc/arm-none-eabi/9.3.1/../../../../arm-none-eabi/lib/thumb/v7e-m+fp/hard/crt0.o
LOAD ./Drivers/STM32F3xx_HAL_Driver/Src/stm32f3xx_hal.o
LOAD ./Drivers/STM32F3xx_HAL_Driver/Src/stm32f3xx_hal_cortex.o
LOAD ./Drivers/STM32F3xx_HAL_Driver/Src/stm32f3xx_hal_dma.o
LOAD ./Drivers/STM32F3xx_HAL_Driver/Src/stm32f3xx_hal_exti.o
LOAD ./Drivers/STM32F3xx_HAL_Driver/Src/stm32f3xx_hal_flash.o
LOAD ./Drivers/STM32F3xx_HAL_Driver/Src/stm32f3xx_hal_flash_ex.o
LOAD ./Drivers/STM32F3xx_HAL_Driver/Src/stm32f3xx_hal_gpio.o
LOAD ./Drivers/STM32F3xx_HAL_Driver/Src/stm32f3xx_hal_i2c.o
LOAD ./Drivers/STM32F3xx_HAL_Driver/Src/stm32f3xx_hal_i2c_ex.o
LOAD ./Drivers/STM32F3xx_HAL_Driver/Src/stm32f3xx_hal_pwr.o
LOAD ./Drivers/STM32F3xx_HAL_Driver/Src/stm32f3xx_hal_pwr_ex.o
LOAD ./Drivers/STM32F3xx_HAL_Driver/Src/stm32f3xx_hal_rcc.o
LOAD ./Drivers/STM32F3xx_HAL_Driver/Src/stm32f3xx_hal_rcc_ex.o
LOAD ./Drivers/STM32F3xx_HAL_Driver/Src/stm32f3xx_hal_spi.o
LOAD ./Drivers/STM32F3xx_HAL_Driver/Src/stm32f3xx_hal_spi_ex.o
LOAD ./Drivers/STM32F3xx_HAL_Driver/Src/stm32f3xx_hal_tim.o
LOAD ./Drivers/STM32F3xx_HAL_Driver/Src/stm32f3xx_hal_tim_ex.o
LOAD ./Src/MN15439A.o
LOAD ./Src/dma.o
LOAD ./Src/gpio.o
LOAD ./Src/main.o
LOAD ./Src/spi.o
LOAD ./Src/stm32f3xx_hal_msp.o
LOAD ./Src/stm32f3xx_it.o
LOAD ./Src/syscalls.o
LOAD ./Src/system_stm32f3xx.o
LOAD ./Startup/startup_stm32f303vctx.o
START GROUP
LOAD c:/st/stm32cubeide_1.7.0/stm32cubeide/plugins/com.st.stm32cube.ide.mcu.externaltools.gnu-tools-for-stm32.9-2020-q2-update.win32_2.0.0.202105311346/tools/bin/../lib/gcc/arm-none-eabi/9.3.1/../../../../arm-none-eabi/lib/thumb/v7e-m+fp/hard\libc_nano.a
LOAD c:/st/stm32cubeide_1.7.0/stm32cubeide/plugins/com.st.stm32cube.ide.mcu.externaltools.gnu-tools-for-stm32.9-2020-q2-update.win32_2.0.0.202105311346/tools/bin/../lib/gcc/arm-none-eabi/9.3.1/../../../../arm-none-eabi/lib/thumb/v7e-m+fp/hard\libm.a
END GROUP
START GROUP
LOAD c:/st/stm32cubeide_1.7.0/stm32cubeide/plugins/com.st.stm32cube.ide.mcu.externaltools.gnu-tools-for-stm32.9-2020-q2-update.win32_2.0.0.202105311346/tools/bin/../lib/gcc/arm-none-eabi/9.3.1/thumb/v7e-m+fp/hard\libgcc.a
LOAD c:/st/stm32cubeide_1.7.0/stm32cubeide/plugins/com.st.stm32cube.ide.mcu.externaltools.gnu-tools-for-stm32.9-2020-q2-update.win32_2.0.0.202105311346/tools/bin/../lib/gcc/arm-none-eabi/9.3.1/../../../../arm-none-eabi/lib/thumb/v7e-m+fp/hard\libc_nano.a
END GROUP
START GROUP
LOAD c:/st/stm32cubeide_1.7.0/stm32cubeide/plugins/com.st.stm32cube.ide.mcu.externaltools.gnu-tools-for-stm32.9-2020-q2-update.win32_2.0.0.202105311346/tools/bin/../lib/gcc/arm-none-eabi/9.3.1/thumb/v7e-m+fp/hard\libgcc.a
LOAD c:/st/stm32cubeide_1.7.0/stm32cubeide/plugins/com.st.stm32cube.ide.mcu.externaltools.gnu-tools-for-stm32.9-2020-q2-update.win32_2.0.0.202105311346/tools/bin/../lib/gcc/arm-none-eabi/9.3.1/../../../../arm-none-eabi/lib/thumb/v7e-m+fp/hard\libc_nano.a
LOAD c:/st/stm32cubeide_1.7.0/stm32cubeide/plugins/com.st.stm32cube.ide.mcu.externaltools.gnu-tools-for-stm32.9-2020-q2-update.win32_2.0.0.202105311346/tools/bin/../lib/gcc/arm-none-eabi/9.3.1/../../../../arm-none-eabi/lib/thumb/v7e-m+fp/hard\libnosys.a
END GROUP
START GROUP
LOAD c:/st/stm32cubeide_1.7.0/stm32cubeide/plugins/com.st.stm32cube.ide.mcu.externaltools.gnu-tools-for-stm32.9-2020-q2-update.win32_2.0.0.202105311346/tools/bin/../lib/gcc/arm-none-eabi/9.3.1/thumb/v7e-m+fp/hard\libgcc.a
LOAD c:/st/stm32cubeide_1.7.0/stm32cubeide/plugins/com.st.stm32cube.ide.mcu.externaltools.gnu-tools-for-stm32.9-2020-q2-update.win32_2.0.0.202105311346/tools/bin/../lib/gcc/arm-none-eabi/9.3.1/../../../../arm-none-eabi/lib/thumb/v7e-m+fp/hard\libc_nano.a
LOAD c:/st/stm32cubeide_1.7.0/stm32cubeide/plugins/com.st.stm32cube.ide.mcu.externaltools.gnu-tools-for-stm32.9-2020-q2-update.win32_2.0.0.202105311346/tools/bin/../lib/gcc/arm-none-eabi/9.3.1/../../../../arm-none-eabi/lib/thumb/v7e-m+fp/hard\libnosys.a
END GROUP
LOAD c:/st/stm32cubeide_1.7.0/stm32cubeide/plugins/com.st.stm32cube.ide.mcu.externaltools.gnu-tools-for-stm32.9-2020-q2-update.win32_2.0.0.202105311346/tools/bin/../lib/gcc/arm-none-eabi/9.3.1/thumb/v7e-m+fp/hard/crtend.o
LOAD c:/st/stm32cubeide_1.7.0/stm32cubeide/plugins/com.st.stm32cube.ide.mcu.externaltools.gnu-tools-for-stm32.9-2020-q2-update.win32_2.0.0.202105311346/tools/bin/../lib/gcc/arm-none-eabi/9.3.1/thumb/v7e-m+fp/hard/crtn.o
                0x000000002000a000                _estack = 0x2000a000
                0x0000000000000200                _Min_Heap_Size = 0x200
                0x0000000000000400                _Min_Stack_Size = 0x400

.isr_vector     0x0000000008000000      0x188
                0x0000000008000000                . = ALIGN (0x4)
 *(.isr_vector)
 .isr_vector    0x0000000008000000      0x188 ./Startup/startup_stm32f303vctx.o
                0x0000000008000000                g_pfnVectors
                0x0000000008000188                . = ALIGN (0x4)

.text           0x0000000008000188     0x26c4
                0x0000000008000188                . = ALIGN (0x4)
 *(.text)
 .text          0x0000000008000188       0x40 c:/st/stm32cubeide_1.7.0/stm32cubeide/plugins/com.st.stm32cube.ide.mcu.externaltools.gnu-tools-for-stm32.9-2020-q2-update.win32_2.0.0.202105311346/tools/bin/../lib/gcc/arm-none-eabi/9.3.1/thumb/v7e-m+fp/hard/crtbegin.o
 *(.text*)
 .text.HAL_InitTick
                0x00000000080001c8       0x44 ./Drivers/STM32F3xx_HAL_Driver/Src/stm32f3xx_hal.o
                0x00000000080001c8                HAL_InitTick
 .text.HAL_Init
                0x000000000800020c       0x24 ./Drivers/STM32F3xx_HAL_Driver/Src/stm32f3xx_hal.o
                0x000000000800020c                HAL_Init
 .text.HAL_IncTick
                0x0000000008000230       0x18 ./Drivers/STM32F3xx_HAL_Driver/Src/stm32f3xx_hal.o
                0x0000000008000230                HAL_IncTick
 .text.HAL_GetTick
                0x0000000008000248        0xc ./Drivers/STM32F3xx_HAL_Driver/Src/stm32f3xx_hal.o
                0x0000000008000248                HAL_GetTick
 .text.HAL_NVIC_SetPriorityGrouping
                0x0000000008000254       0x28 ./Drivers/STM32F3xx_HAL_Driver/Src/stm32f3xx_hal_cortex.o
                0x0000000008000254                HAL_NVIC_SetPriorityGrouping
 .text.HAL_NVIC_SetPriority
                0x000000000800027c       0x70 ./Drivers/STM32F3xx_HAL_Driver/Src/stm32f3xx_hal_cortex.o
                0x000000000800027c                HAL_NVIC_SetPriority
 .text.HAL_NVIC_EnableIRQ
                0x00000000080002ec       0x1c ./Drivers/STM32F3xx_HAL_Driver/Src/stm32f3xx_hal_cortex.o
                0x00000000080002ec                HAL_NVIC_EnableIRQ
 .text.HAL_SYSTICK_Config
                0x0000000008000308       0x34 ./Drivers/STM32F3xx_HAL_Driver/Src/stm32f3xx_hal_cortex.o
                0x0000000008000308                HAL_SYSTICK_Config
 .text.HAL_DMA_Init
                0x000000000800033c       0x88 ./Drivers/STM32F3xx_HAL_Driver/Src/stm32f3xx_hal_dma.o
                0x000000000800033c                HAL_DMA_Init
 .text.HAL_DMA_Start_IT
                0x00000000080003c4       0x84 ./Drivers/STM32F3xx_HAL_Driver/Src/stm32f3xx_hal_dma.o
                0x00000000080003c4                HAL_DMA_Start_IT
 .text.HAL_DMA_IRQHandler
                0x0000000008000448       0x94 ./Drivers/STM32F3xx_HAL_Driver/Src/stm32f3xx_hal_dma.o
                0x0000000008000448                HAL_DMA_IRQHandler
 .text.HAL_GPIO_Init
                0x00000000080004dc      0x1ec ./Drivers/STM32F3xx_HAL_Driver/Src/stm32f3xx_hal_gpio.o
                0x00000000080004dc                HAL_GPIO_Init
 .text.HAL_GPIO_WritePin
                0x00000000080006c8        0xc ./Drivers/STM32F3xx_HAL_Driver/Src/stm32f3xx_hal_gpio.o
                0x00000000080006c8                HAL_GPIO_WritePin
 .text.HAL_GPIO_EXTI_IRQHandler
                0x00000000080006d4       0x18 ./Drivers/STM32F3xx_HAL_Driver/Src/stm32f3xx_hal_gpio.o
                0x00000000080006d4                HAL_GPIO_EXTI_IRQHandler
 .text.HAL_RCC_OscConfig
                0x00000000080006ec      0x5d8 ./Drivers/STM32F3xx_HAL_Driver/Src/stm32f3xx_hal_rcc.o
                0x00000000080006ec                HAL_RCC_OscConfig
 .text.HAL_RCC_ClockConfig
                0x0000000008000cc4      0x1e4 ./Drivers/STM32F3xx_HAL_Driver/Src/stm32f3xx_hal_rcc.o
                0x0000000008000cc4                HAL_RCC_ClockConfig
 .text.SPI_WaitFifoStateUntilTimeout.constprop.1
                0x0000000008000ea8       0xec ./Drivers/STM32F3xx_HAL_Driver/Src/stm32f3xx_hal_spi.o
 .text.SPI_EndRxTxTransaction
                0x0000000008000f94      0x138 ./Drivers/STM32F3xx_HAL_Driver/Src/stm32f3xx_hal_spi.o
 .text.SPI_WaitFlagStateUntilTimeout.constprop.0
                0x00000000080010cc       0xb4 ./Drivers/STM32F3xx_HAL_Driver/Src/stm32f3xx_hal_spi.o
 .text.SPI_EndRxTxTransaction.constprop.0
                0x0000000008001180       0xec ./Drivers/STM32F3xx_HAL_Driver/Src/stm32f3xx_hal_spi.o
 .text.HAL_SPI_Init
                0x000000000800126c      0x10c ./Drivers/STM32F3xx_HAL_Driver/Src/stm32f3xx_hal_spi.o
                0x000000000800126c                HAL_SPI_Init
 .text.HAL_SPI_Transmit
                0x0000000008001378      0x244 ./Drivers/STM32F3xx_HAL_Driver/Src/stm32f3xx_hal_spi.o
                0x0000000008001378                HAL_SPI_Transmit
 .text.HAL_SPI_TransmitReceive_DMA
                0x00000000080015bc      0x174 ./Drivers/STM32F3xx_HAL_Driver/Src/stm32f3xx_hal_spi.o
                0x00000000080015bc                HAL_SPI_TransmitReceive_DMA
 .text.HAL_SPI_Receive_DMA
                0x0000000008001730      0x130 ./Drivers/STM32F3xx_HAL_Driver/Src/stm32f3xx_hal_spi.o
                0x0000000008001730                HAL_SPI_Receive_DMA
 .text.HAL_SPI_RxCpltCallback
                0x0000000008001860        0x4 ./Drivers/STM32F3xx_HAL_Driver/Src/stm32f3xx_hal_spi.o
                0x0000000008001860                HAL_SPI_RxCpltCallback
 .text.HAL_SPI_TxRxCpltCallback
                0x0000000008001864        0x4 ./Drivers/STM32F3xx_HAL_Driver/Src/stm32f3xx_hal_spi.o
                0x0000000008001864                HAL_SPI_TxRxCpltCallback
 .text.HAL_SPI_RxHalfCpltCallback
                0x0000000008001868        0x4 ./Drivers/STM32F3xx_HAL_Driver/Src/stm32f3xx_hal_spi.o
                0x0000000008001868                HAL_SPI_RxHalfCpltCallback
 .text.SPI_DMAHalfReceiveCplt
                0x000000000800186c        0xc ./Drivers/STM32F3xx_HAL_Driver/Src/stm32f3xx_hal_spi.o
 .text.HAL_SPI_TxRxHalfCpltCallback
                0x0000000008001878        0x4 ./Drivers/STM32F3xx_HAL_Driver/Src/stm32f3xx_hal_spi.o
                0x0000000008001878                HAL_SPI_TxRxHalfCpltCallback
 .text.SPI_DMAHalfTransmitReceiveCplt
                0x000000000800187c        0xc ./Drivers/STM32F3xx_HAL_Driver/Src/stm32f3xx_hal_spi.o
 .text.HAL_SPI_ErrorCallback
                0x0000000008001888        0x4 ./Drivers/STM32F3xx_HAL_Driver/Src/stm32f3xx_hal_spi.o
                0x0000000008001888                HAL_SPI_ErrorCallback
 .text.SPI_DMAError
                0x000000000800188c       0x24 ./Drivers/STM32F3xx_HAL_Driver/Src/stm32f3xx_hal_spi.o
 .text.SPI_DMAReceiveCplt
                0x00000000080018b0       0xcc ./Drivers/STM32F3xx_HAL_Driver/Src/stm32f3xx_hal_spi.o
 .text.SPI_DMATransmitReceiveCplt
                0x000000000800197c       0x5c ./Drivers/STM32F3xx_HAL_Driver/Src/stm32f3xx_hal_spi.o
 .text.VFDsetup
                0x00000000080019d8       0x2c ./Src/MN15439A.o
                0x00000000080019d8                VFDsetup
 .text.VFDLoadBMP
                0x0000000008001a04      0x684 ./Src/MN15439A.o
                0x0000000008001a04                VFDLoadBMP
 .text.VFDPrint
                0x0000000008002088      0x17c ./Src/MN15439A.o
                0x0000000008002088                VFDPrint
 .text.MX_DMA_Init
                0x0000000008002204       0x34 ./Src/dma.o
                0x0000000008002204                MX_DMA_Init
 .text.MX_GPIO_Init
                0x0000000008002238      0x124 ./Src/gpio.o
                0x0000000008002238                MX_GPIO_Init
 .text.SystemClock_Config
                0x000000000800235c       0x54 ./Src/main.o
                0x000000000800235c                SystemClock_Config
 .text.startup.main
                0x00000000080023b0       0x68 ./Src/main.o
                0x00000000080023b0                main
 .text.HAL_GPIO_EXTI_Callback
                0x0000000008002418       0x10 ./Src/main.o
                0x0000000008002418                HAL_GPIO_EXTI_Callback
 .text.Error_Handler
                0x0000000008002428        0x4 ./Src/main.o
                0x0000000008002428                Error_Handler
 .text.MX_SPI1_Init
                0x000000000800242c       0x48 ./Src/spi.o
                0x000000000800242c                MX_SPI1_Init
 .text.MX_SPI2_Init
                0x0000000008002474       0x50 ./Src/spi.o
                0x0000000008002474                MX_SPI2_Init
 .text.HAL_SPI_MspInit
                0x00000000080024c4       0xf4 ./Src/spi.o
                0x00000000080024c4                HAL_SPI_MspInit
 .text.HAL_MspInit
                0x00000000080025b8       0x34 ./Src/stm32f3xx_hal_msp.o
                0x00000000080025b8                HAL_MspInit
 .text.NMI_Handler
                0x00000000080025ec        0x4 ./Src/stm32f3xx_it.o
                0x00000000080025ec                NMI_Handler
 .text.HardFault_Handler
                0x00000000080025f0        0x4 ./Src/stm32f3xx_it.o
                0x00000000080025f0                HardFault_Handler
 .text.MemManage_Handler
                0x00000000080025f4        0x4 ./Src/stm32f3xx_it.o
                0x00000000080025f4                MemManage_Handler
 .text.BusFault_Handler
                0x00000000080025f8        0x4 ./Src/stm32f3xx_it.o
                0x00000000080025f8                BusFault_Handler
 .text.UsageFault_Handler
                0x00000000080025fc        0x4 ./Src/stm32f3xx_it.o
                0x00000000080025fc                UsageFault_Handler
 .text.SVC_Handler
                0x0000000008002600        0x4 ./Src/stm32f3xx_it.o
                0x0000000008002600                SVC_Handler
 .text.DebugMon_Handler
                0x0000000008002604        0x4 ./Src/stm32f3xx_it.o
                0x0000000008002604                DebugMon_Handler
 .text.PendSV_Handler
                0x0000000008002608        0x4 ./Src/stm32f3xx_it.o
                0x0000000008002608                PendSV_Handler
 .text.SysTick_Handler
                0x000000000800260c        0x4 ./Src/stm32f3xx_it.o
                0x000000000800260c                SysTick_Handler
 .text.EXTI4_IRQHandler
                0x0000000008002610        0x8 ./Src/stm32f3xx_it.o
                0x0000000008002610                EXTI4_IRQHandler
 .text.DMA1_Channel2_IRQHandler
                0x0000000008002618        0xc ./Src/stm32f3xx_it.o
                0x0000000008002618                DMA1_Channel2_IRQHandler
 .text._sbrk    0x0000000008002624       0x3c ./Src/syscalls.o
                0x0000000008002624                _sbrk
 .text.SystemInit
                0x0000000008002660       0x1c ./Src/system_stm32f3xx.o
                0x0000000008002660                SystemInit
 .text.Reset_Handler
                0x000000000800267c       0x50 ./Startup/startup_stm32f303vctx.o
                0x000000000800267c                Reset_Handler
 .text.Default_Handler
                0x00000000080026cc        0x2 ./Startup/startup_stm32f303vctx.o
                0x00000000080026cc                RTC_Alarm_IRQHandler
                0x00000000080026cc                TIM8_TRG_COM_IRQHandler
                0x00000000080026cc                TIM8_CC_IRQHandler
                0x00000000080026cc                TIM1_CC_IRQHandler
                0x00000000080026cc                USB_HP_IRQHandler
                0x00000000080026cc                PVD_IRQHandler
                0x00000000080026cc                TAMP_STAMP_IRQHandler
                0x00000000080026cc                EXTI3_IRQHandler
                0x00000000080026cc                USB_HP_CAN_TX_IRQHandler
                0x00000000080026cc                EXTI0_IRQHandler
                0x00000000080026cc                I2C2_EV_IRQHandler
                0x00000000080026cc                FPU_IRQHandler
                0x00000000080026cc                TIM1_UP_TIM16_IRQHandler
                0x00000000080026cc                ADC1_2_IRQHandler
                0x00000000080026cc                SPI1_IRQHandler
                0x00000000080026cc                CAN_SCE_IRQHandler
                0x00000000080026cc                TIM6_DAC_IRQHandler
                0x00000000080026cc                TIM8_UP_IRQHandler
                0x00000000080026cc                DMA2_Channel2_IRQHandler
                0x00000000080026cc                DMA1_Channel4_IRQHandler
                0x00000000080026cc                USART3_IRQHandler
                0x00000000080026cc                DMA1_Channel7_IRQHandler
                0x00000000080026cc                UART5_IRQHandler
                0x00000000080026cc                ADC3_IRQHandler
                0x00000000080026cc                TIM4_IRQHandler
                0x00000000080026cc                CAN_RX1_IRQHandler
                0x00000000080026cc                DMA2_Channel1_IRQHandler
                0x00000000080026cc                I2C1_EV_IRQHandler
                0x00000000080026cc                DMA1_Channel6_IRQHandler
                0x00000000080026cc                UART4_IRQHandler
                0x00000000080026cc                DMA2_Channel4_IRQHandler
                0x00000000080026cc                TIM3_IRQHandler
                0x00000000080026cc                RCC_IRQHandler
                0x00000000080026cc                DMA1_Channel1_IRQHandler
                0x00000000080026cc                Default_Handler
                0x00000000080026cc                USBWakeUp_RMP_IRQHandler
                0x00000000080026cc                EXTI15_10_IRQHandler
                0x00000000080026cc                TIM7_IRQHandler
                0x00000000080026cc                EXTI9_5_IRQHandler
                0x00000000080026cc                RTC_WKUP_IRQHandler
                0x00000000080026cc                SPI2_IRQHandler
                0x00000000080026cc                USB_LP_CAN_RX0_IRQHandler
                0x00000000080026cc                DMA2_Channel5_IRQHandler
                0x00000000080026cc                DMA1_Channel5_IRQHandler
                0x00000000080026cc                USB_LP_IRQHandler
                0x00000000080026cc                TIM1_TRG_COM_TIM17_IRQHandler
                0x00000000080026cc                DMA1_Channel3_IRQHandler
                0x00000000080026cc                ADC4_IRQHandler
                0x00000000080026cc                WWDG_IRQHandler
                0x00000000080026cc                TIM2_IRQHandler
                0x00000000080026cc                COMP7_IRQHandler
                0x00000000080026cc                COMP1_2_3_IRQHandler
                0x00000000080026cc                EXTI1_IRQHandler
                0x00000000080026cc                USART2_IRQHandler
                0x00000000080026cc                COMP4_5_6_IRQHandler
                0x00000000080026cc                I2C2_ER_IRQHandler
                0x00000000080026cc                TIM8_BRK_IRQHandler
                0x00000000080026cc                FLASH_IRQHandler
                0x00000000080026cc                USART1_IRQHandler
                0x00000000080026cc                SPI3_IRQHandler
                0x00000000080026cc                I2C1_ER_IRQHandler
                0x00000000080026cc                USBWakeUp_IRQHandler
                0x00000000080026cc                DMA2_Channel3_IRQHandler
                0x00000000080026cc                EXTI2_TSC_IRQHandler
                0x00000000080026cc                TIM1_BRK_TIM15_IRQHandler
 *fill*         0x00000000080026ce        0x2 
 .text.__errno  0x00000000080026d0        0xc c:/st/stm32cubeide_1.7.0/stm32cubeide/plugins/com.st.stm32cube.ide.mcu.externaltools.gnu-tools-for-stm32.9-2020-q2-update.win32_2.0.0.202105311346/tools/bin/../lib/gcc/arm-none-eabi/9.3.1/../../../../arm-none-eabi/lib/thumb/v7e-m+fp/hard\libc_nano.a(lib_a-errno.o)
                0x00000000080026d0                __errno
 .text.__libc_init_array
                0x00000000080026dc       0x48 c:/st/stm32cubeide_1.7.0/stm32cubeide/plugins/com.st.stm32cube.ide.mcu.externaltools.gnu-tools-for-stm32.9-2020-q2-update.win32_2.0.0.202105311346/tools/bin/../lib/gcc/arm-none-eabi/9.3.1/../../../../arm-none-eabi/lib/thumb/v7e-m+fp/hard\libc_nano.a(lib_a-init.o)
                0x00000000080026dc                __libc_init_array
 .text.malloc   0x0000000008002724       0x10 c:/st/stm32cubeide_1.7.0/stm32cubeide/plugins/com.st.stm32cube.ide.mcu.externaltools.gnu-tools-for-stm32.9-2020-q2-update.win32_2.0.0.202105311346/tools/bin/../lib/gcc/arm-none-eabi/9.3.1/../../../../arm-none-eabi/lib/thumb/v7e-m+fp/hard\libc_nano.a(lib_a-malloc.o)
                0x0000000008002724                malloc
 .text.memset   0x0000000008002734       0x10 c:/st/stm32cubeide_1.7.0/stm32cubeide/plugins/com.st.stm32cube.ide.mcu.externaltools.gnu-tools-for-stm32.9-2020-q2-update.win32_2.0.0.202105311346/tools/bin/../lib/gcc/arm-none-eabi/9.3.1/../../../../arm-none-eabi/lib/thumb/v7e-m+fp/hard\libc_nano.a(lib_a-memset.o)
                0x0000000008002734                memset
 .text._malloc_r
                0x0000000008002744       0xb4 c:/st/stm32cubeide_1.7.0/stm32cubeide/plugins/com.st.stm32cube.ide.mcu.externaltools.gnu-tools-for-stm32.9-2020-q2-update.win32_2.0.0.202105311346/tools/bin/../lib/gcc/arm-none-eabi/9.3.1/../../../../arm-none-eabi/lib/thumb/v7e-m+fp/hard\libc_nano.a(lib_a-nano-mallocr.o)
                0x0000000008002744                _malloc_r
 .text._sbrk_r  0x00000000080027f8       0x20 c:/st/stm32cubeide_1.7.0/stm32cubeide/plugins/com.st.stm32cube.ide.mcu.externaltools.gnu-tools-for-stm32.9-2020-q2-update.win32_2.0.0.202105311346/tools/bin/../lib/gcc/arm-none-eabi/9.3.1/../../../../arm-none-eabi/lib/thumb/v7e-m+fp/hard\libc_nano.a(lib_a-sbrkr.o)
                0x00000000080027f8                _sbrk_r
 .text.__malloc_lock
                0x0000000008002818        0xc c:/st/stm32cubeide_1.7.0/stm32cubeide/plugins/com.st.stm32cube.ide.mcu.externaltools.gnu-tools-for-stm32.9-2020-q2-update.win32_2.0.0.202105311346/tools/bin/../lib/gcc/arm-none-eabi/9.3.1/../../../../arm-none-eabi/lib/thumb/v7e-m+fp/hard\libc_nano.a(lib_a-mlock.o)
                0x0000000008002818                __malloc_lock
 .text.__malloc_unlock
                0x0000000008002824        0xc c:/st/stm32cubeide_1.7.0/stm32cubeide/plugins/com.st.stm32cube.ide.mcu.externaltools.gnu-tools-for-stm32.9-2020-q2-update.win32_2.0.0.202105311346/tools/bin/../lib/gcc/arm-none-eabi/9.3.1/../../../../arm-none-eabi/lib/thumb/v7e-m+fp/hard\libc_nano.a(lib_a-mlock.o)
                0x0000000008002824                __malloc_unlock
 .text.__retarget_lock_acquire_recursive
                0x0000000008002830        0x2 c:/st/stm32cubeide_1.7.0/stm32cubeide/plugins/com.st.stm32cube.ide.mcu.externaltools.gnu-tools-for-stm32.9-2020-q2-update.win32_2.0.0.202105311346/tools/bin/../lib/gcc/arm-none-eabi/9.3.1/../../../../arm-none-eabi/lib/thumb/v7e-m+fp/hard\libc_nano.a(lib_a-lock.o)
                0x0000000008002830                __retarget_lock_acquire_recursive
 .text.__retarget_lock_release_recursive
                0x0000000008002832        0x2 c:/st/stm32cubeide_1.7.0/stm32cubeide/plugins/com.st.stm32cube.ide.mcu.externaltools.gnu-tools-for-stm32.9-2020-q2-update.win32_2.0.0.202105311346/tools/bin/../lib/gcc/arm-none-eabi/9.3.1/../../../../arm-none-eabi/lib/thumb/v7e-m+fp/hard\libc_nano.a(lib_a-lock.o)
                0x0000000008002832                __retarget_lock_release_recursive
 *(.glue_7)
 .glue_7        0x0000000008002834        0x0 linker stubs
 *(.glue_7t)
 .glue_7t       0x0000000008002834        0x0 linker stubs
 *(.eh_frame)
 .eh_frame      0x0000000008002834        0x0 c:/st/stm32cubeide_1.7.0/stm32cubeide/plugins/com.st.stm32cube.ide.mcu.externaltools.gnu-tools-for-stm32.9-2020-q2-update.win32_2.0.0.202105311346/tools/bin/../lib/gcc/arm-none-eabi/9.3.1/thumb/v7e-m+fp/hard/crtbegin.o
 *(.init)
 .init          0x0000000008002834        0x4 c:/st/stm32cubeide_1.7.0/stm32cubeide/plugins/com.st.stm32cube.ide.mcu.externaltools.gnu-tools-for-stm32.9-2020-q2-update.win32_2.0.0.202105311346/tools/bin/../lib/gcc/arm-none-eabi/9.3.1/thumb/v7e-m+fp/hard/crti.o
                0x0000000008002834                _init
 .init          0x0000000008002838        0x8 c:/st/stm32cubeide_1.7.0/stm32cubeide/plugins/com.st.stm32cube.ide.mcu.externaltools.gnu-tools-for-stm32.9-2020-q2-update.win32_2.0.0.202105311346/tools/bin/../lib/gcc/arm-none-eabi/9.3.1/thumb/v7e-m+fp/hard/crtn.o
 *(.fini)
 .fini          0x0000000008002840        0x4 c:/st/stm32cubeide_1.7.0/stm32cubeide/plugins/com.st.stm32cube.ide.mcu.externaltools.gnu-tools-for-stm32.9-2020-q2-update.win32_2.0.0.202105311346/tools/bin/../lib/gcc/arm-none-eabi/9.3.1/thumb/v7e-m+fp/hard/crti.o
                0x0000000008002840                _fini
 .fini          0x0000000008002844        0x8 c:/st/stm32cubeide_1.7.0/stm32cubeide/plugins/com.st.stm32cube.ide.mcu.externaltools.gnu-tools-for-stm32.9-2020-q2-update.win32_2.0.0.202105311346/tools/bin/../lib/gcc/arm-none-eabi/9.3.1/thumb/v7e-m+fp/hard/crtn.o
                0x000000000800284c                . = ALIGN (0x4)
                0x000000000800284c                _etext = .

.vfp11_veneer   0x000000000800284c        0x0
 .vfp11_veneer  0x000000000800284c        0x0 linker stubs

.v4_bx          0x000000000800284c        0x0
 .v4_bx         0x000000000800284c        0x0 linker stubs

.iplt           0x000000000800284c        0x0
 .iplt          0x000000000800284c        0x0 c:/st/stm32cubeide_1.7.0/stm32cubeide/plugins/com.st.stm32cube.ide.mcu.externaltools.gnu-tools-for-stm32.9-2020-q2-update.win32_2.0.0.202105311346/tools/bin/../lib/gcc/arm-none-eabi/9.3.1/thumb/v7e-m+fp/hard/crtbegin.o

.rodata         0x000000000800284c      0x39c
                0x000000000800284c                . = ALIGN (0x4)
 *(.rodata)
 .rodata        0x000000000800284c       0x20 ./Drivers/STM32F3xx_HAL_Driver/Src/stm32f3xx_hal_rcc.o
                0x000000000800284c                aPLLMULFactorTable
                0x000000000800285c                aPredivFactorTable
 .rodata        0x000000000800286c      0x324 ./Src/MN15439A.o
                0x0000000008002890                font8x8_basic
 .rodata        0x0000000008002b90       0x18 ./Src/system_stm32f3xx.o
                0x0000000008002b90                AHBPrescTable
                0x0000000008002ba0                APBPrescTable
 *(.rodata*)
 .rodata.str1.4
                0x0000000008002ba8       0x3f ./Src/main.o
                0x0000000008002be8                . = ALIGN (0x4)
 *fill*         0x0000000008002be7        0x1 

.rel.dyn        0x0000000008002be8        0x0
 .rel.iplt      0x0000000008002be8        0x0 c:/st/stm32cubeide_1.7.0/stm32cubeide/plugins/com.st.stm32cube.ide.mcu.externaltools.gnu-tools-for-stm32.9-2020-q2-update.win32_2.0.0.202105311346/tools/bin/../lib/gcc/arm-none-eabi/9.3.1/thumb/v7e-m+fp/hard/crtbegin.o

.ARM.extab
 *(.ARM.extab* .gnu.linkonce.armextab.*)

.ARM            0x0000000008002be8        0x0
                0x0000000008002be8                __exidx_start = .
 *(.ARM.exidx*)
                0x0000000008002be8                __exidx_end = .

.preinit_array  0x0000000008002be8        0x0
                0x0000000008002be8                PROVIDE (__preinit_array_start = .)
 *(.preinit_array*)
                0x0000000008002be8                PROVIDE (__preinit_array_end = .)

.init_array     0x0000000008002be8        0x4
                0x0000000008002be8                PROVIDE (__init_array_start = .)
 *(SORT_BY_NAME(.init_array.*))
 *(.init_array*)
 .init_array    0x0000000008002be8        0x4 c:/st/stm32cubeide_1.7.0/stm32cubeide/plugins/com.st.stm32cube.ide.mcu.externaltools.gnu-tools-for-stm32.9-2020-q2-update.win32_2.0.0.202105311346/tools/bin/../lib/gcc/arm-none-eabi/9.3.1/thumb/v7e-m+fp/hard/crtbegin.o
                0x0000000008002bec                PROVIDE (__init_array_end = .)

.fini_array     0x0000000008002bec        0x4
                [!provide]                        PROVIDE (__fini_array_start = .)
 *(SORT_BY_NAME(.fini_array.*))
 *(.fini_array*)
 .fini_array    0x0000000008002bec        0x4 c:/st/stm32cubeide_1.7.0/stm32cubeide/plugins/com.st.stm32cube.ide.mcu.externaltools.gnu-tools-for-stm32.9-2020-q2-update.win32_2.0.0.202105311346/tools/bin/../lib/gcc/arm-none-eabi/9.3.1/thumb/v7e-m+fp/hard/crtbegin.o
                [!provide]                        PROVIDE (__fini_array_end = .)
                0x0000000008002bf0                _sidata = LOADADDR (.data)

.data           0x0000000020000000       0xa0 load address 0x0000000008002bf0
                0x0000000020000000                . = ALIGN (0x4)
                0x0000000020000000                _sdata = .
 *(.data)
 .data          0x0000000020000000        0x8 ./Drivers/STM32F3xx_HAL_Driver/Src/stm32f3xx_hal.o
                0x0000000020000000                uwTickFreq
                0x0000000020000004                uwTickPrio
 .data          0x0000000020000008        0x2 ./Src/MN15439A.o
 *fill*         0x000000002000000a        0x2 
 .data          0x000000002000000c       0x2b ./Src/main.o
                0x000000002000000c                GridNum
                0x0000000020000010                DUM0
 *fill*         0x0000000020000037        0x1 
 .data          0x0000000020000038        0x4 ./Src/system_stm32f3xx.o
                0x0000000020000038                SystemCoreClock
 *(.data*)
 .data._impure_ptr
                0x000000002000003c        0x4 c:/st/stm32cubeide_1.7.0/stm32cubeide/plugins/com.st.stm32cube.ide.mcu.externaltools.gnu-tools-for-stm32.9-2020-q2-update.win32_2.0.0.202105311346/tools/bin/../lib/gcc/arm-none-eabi/9.3.1/../../../../arm-none-eabi/lib/thumb/v7e-m+fp/hard\libc_nano.a(lib_a-impure.o)
                0x000000002000003c                _impure_ptr
 .data.impure_data
                0x0000000020000040       0x60 c:/st/stm32cubeide_1.7.0/stm32cubeide/plugins/com.st.stm32cube.ide.mcu.externaltools.gnu-tools-for-stm32.9-2020-q2-update.win32_2.0.0.202105311346/tools/bin/../lib/gcc/arm-none-eabi/9.3.1/../../../../arm-none-eabi/lib/thumb/v7e-m+fp/hard\libc_nano.a(lib_a-impure.o)
                0x00000000200000a0                . = ALIGN (0x4)
                0x00000000200000a0                _edata = .
                0x0000000008002c90                _siccmram = LOADADDR (.ccmram)

.igot.plt       0x00000000200000a0        0x0 load address 0x0000000008002c90
 .igot.plt      0x00000000200000a0        0x0 c:/st/stm32cubeide_1.7.0/stm32cubeide/plugins/com.st.stm32cube.ide.mcu.externaltools.gnu-tools-for-stm32.9-2020-q2-update.win32_2.0.0.202105311346/tools/bin/../lib/gcc/arm-none-eabi/9.3.1/thumb/v7e-m+fp/hard/crtbegin.o

.ccmram         0x0000000010000000        0x0 load address 0x0000000008002c90
                0x0000000010000000                . = ALIGN (0x4)
                0x0000000010000000                _sccmram = .
 *(.ccmram)
 *(.ccmram*)
                0x0000000010000000                . = ALIGN (0x4)
                0x0000000010000000                _eccmram = .
                0x0000000010000000                . = ALIGN (0x4)

.bss            0x00000000200000a0      0x1b4
                0x00000000200000a0                _sbss = .
                0x00000000200000a0                __bss_start__ = _sbss
 *(.bss)
 .bss           0x00000000200000a0       0x1c c:/st/stm32cubeide_1.7.0/stm32cubeide/plugins/com.st.stm32cube.ide.mcu.externaltools.gnu-tools-for-stm32.9-2020-q2-update.win32_2.0.0.202105311346/tools/bin/../lib/gcc/arm-none-eabi/9.3.1/thumb/v7e-m+fp/hard/crtbegin.o
 *fill*         0x00000000200000bc        0x4 
 .bss           0x00000000200000c0       0x58 ./Src/MN15439A.o
 .bss           0x0000000020000118        0x8 ./Src/syscalls.o
                0x000000002000011c                __env
 *(.bss*)
 .bss.__malloc_free_list
                0x0000000020000120        0x4 c:/st/stm32cubeide_1.7.0/stm32cubeide/plugins/com.st.stm32cube.ide.mcu.externaltools.gnu-tools-for-stm32.9-2020-q2-update.win32_2.0.0.202105311346/tools/bin/../lib/gcc/arm-none-eabi/9.3.1/../../../../arm-none-eabi/lib/thumb/v7e-m+fp/hard\libc_nano.a(lib_a-nano-mallocr.o)
                0x0000000020000120                __malloc_free_list
 .bss.__malloc_sbrk_start
                0x0000000020000124        0x4 c:/st/stm32cubeide_1.7.0/stm32cubeide/plugins/com.st.stm32cube.ide.mcu.externaltools.gnu-tools-for-stm32.9-2020-q2-update.win32_2.0.0.202105311346/tools/bin/../lib/gcc/arm-none-eabi/9.3.1/../../../../arm-none-eabi/lib/thumb/v7e-m+fp/hard\libc_nano.a(lib_a-nano-mallocr.o)
                0x0000000020000124                __malloc_sbrk_start
 *(COMMON)
 COMMON         0x0000000020000128        0x4 ./Drivers/STM32F3xx_HAL_Driver/Src/stm32f3xx_hal.o
                0x0000000020000128                uwTick
 COMMON         0x000000002000012c        0xc ./Src/main.o
                0x000000002000012c                VFDDisp
 COMMON         0x0000000020000138      0x10c ./Src/spi.o
                0x0000000020000138                hspi2
                0x000000002000019c                hspi1
                0x0000000020000200                hdma_spi1_rx
 COMMON         0x0000000020000244        0x4 c:/st/stm32cubeide_1.7.0/stm32cubeide/plugins/com.st.stm32cube.ide.mcu.externaltools.gnu-tools-for-stm32.9-2020-q2-update.win32_2.0.0.202105311346/tools/bin/../lib/gcc/arm-none-eabi/9.3.1/../../../../arm-none-eabi/lib/thumb/v7e-m+fp/hard\libc_nano.a(lib_a-reent.o)
                0x0000000020000244                errno
 COMMON         0x0000000020000248        0x9 c:/st/stm32cubeide_1.7.0/stm32cubeide/plugins/com.st.stm32cube.ide.mcu.externaltools.gnu-tools-for-stm32.9-2020-q2-update.win32_2.0.0.202105311346/tools/bin/../lib/gcc/arm-none-eabi/9.3.1/../../../../arm-none-eabi/lib/thumb/v7e-m+fp/hard\libc_nano.a(lib_a-lock.o)
                0x0000000020000248                __lock___atexit_recursive_mutex
                0x0000000020000249                __lock___arc4random_mutex
                0x000000002000024a                __lock___env_recursive_mutex
                0x000000002000024b                __lock___sinit_recursive_mutex
                0x000000002000024c                __lock___malloc_recursive_mutex
                0x000000002000024d                __lock___at_quick_exit_mutex
                0x000000002000024e                __lock___dd_hash_mutex
                0x000000002000024f                __lock___tz_mutex
                0x0000000020000250                __lock___sfp_recursive_mutex
                0x0000000020000254                . = ALIGN (0x4)
 *fill*         0x0000000020000251        0x3 
                0x0000000020000254                _ebss = .
                0x0000000020000254                __bss_end__ = _ebss

._user_heap_stack
                0x0000000020000254      0x604
                0x0000000020000258                . = ALIGN (0x8)
 *fill*         0x0000000020000254        0x4 
                0x0000000020000258                PROVIDE (end = .)
                [!provide]                        PROVIDE (_end = .)
                0x0000000020000458                . = (. + _Min_Heap_Size)
 *fill*         0x0000000020000258      0x200 
                0x0000000020000858                . = (. + _Min_Stack_Size)
 *fill*         0x0000000020000458      0x400 
                0x0000000020000858                . = ALIGN (0x8)

/DISCARD/
 libc.a(*)
 libm.a(*)
 libgcc.a(*)

.ARM.attributes
                0x0000000000000000       0x30
 *(.ARM.attributes)
 .ARM.attributes
                0x0000000000000000       0x1e c:/st/stm32cubeide_1.7.0/stm32cubeide/plugins/com.st.stm32cube.ide.mcu.externaltools.gnu-tools-for-stm32.9-2020-q2-update.win32_2.0.0.202105311346/tools/bin/../lib/gcc/arm-none-eabi/9.3.1/thumb/v7e-m+fp/hard/crti.o
 .ARM.attributes
                0x000000000000001e       0x34 c:/st/stm32cubeide_1.7.0/stm32cubeide/plugins/com.st.stm32cube.ide.mcu.externaltools.gnu-tools-for-stm32.9-2020-q2-update.win32_2.0.0.202105311346/tools/bin/../lib/gcc/arm-none-eabi/9.3.1/thumb/v7e-m+fp/hard/crtbegin.o
 .ARM.attributes
                0x0000000000000052       0x30 ./Drivers/STM32F3xx_HAL_Driver/Src/stm32f3xx_hal.o
 .ARM.attributes
                0x0000000000000082       0x30 ./Drivers/STM32F3xx_HAL_Driver/Src/stm32f3xx_hal_cortex.o
 .ARM.attributes
                0x00000000000000b2       0x30 ./Drivers/STM32F3xx_HAL_Driver/Src/stm32f3xx_hal_dma.o
 .ARM.attributes
                0x00000000000000e2       0x30 ./Drivers/STM32F3xx_HAL_Driver/Src/stm32f3xx_hal_gpio.o
 .ARM.attributes
                0x0000000000000112       0x30 ./Drivers/STM32F3xx_HAL_Driver/Src/stm32f3xx_hal_rcc.o
 .ARM.attributes
                0x0000000000000142       0x30 ./Drivers/STM32F3xx_HAL_Driver/Src/stm32f3xx_hal_spi.o
 .ARM.attributes
                0x0000000000000172       0x30 ./Src/MN15439A.o
 .ARM.attributes
                0x00000000000001a2       0x30 ./Src/dma.o
 .ARM.attributes
                0x00000000000001d2       0x30 ./Src/gpio.o
 .ARM.attributes
                0x0000000000000202       0x30 ./Src/main.o
 .ARM.attributes
                0x0000000000000232       0x30 ./Src/spi.o
 .ARM.attributes
                0x0000000000000262       0x30 ./Src/stm32f3xx_hal_msp.o
 .ARM.attributes
                0x0000000000000292       0x30 ./Src/stm32f3xx_it.o
 .ARM.attributes
                0x00000000000002c2       0x30 ./Src/syscalls.o
 .ARM.attributes
                0x00000000000002f2       0x30 ./Src/system_stm32f3xx.o
 .ARM.attributes
                0x0000000000000322       0x21 ./Startup/startup_stm32f303vctx.o
 .ARM.attributes
                0x0000000000000343       0x34 c:/st/stm32cubeide_1.7.0/stm32cubeide/plugins/com.st.stm32cube.ide.mcu.externaltools.gnu-tools-for-stm32.9-2020-q2-update.win32_2.0.0.202105311346/tools/bin/../lib/gcc/arm-none-eabi/9.3.1/../../../../arm-none-eabi/lib/thumb/v7e-m+fp/hard\libc_nano.a(lib_a-errno.o)
 .ARM.attributes
                0x0000000000000377       0x32 c:/st/stm32cubeide_1.7.0/stm32cubeide/plugins/com.st.stm32cube.ide.mcu.externaltools.gnu-tools-for-stm32.9-2020-q2-update.win32_2.0.0.202105311346/tools/bin/../lib/gcc/arm-none-eabi/9.3.1/../../../../arm-none-eabi/lib/thumb/v7e-m+fp/hard\libc_nano.a(lib_a-impure.o)
 .ARM.attributes
                0x00000000000003a9       0x34 c:/st/stm32cubeide_1.7.0/stm32cubeide/plugins/com.st.stm32cube.ide.mcu.externaltools.gnu-tools-for-stm32.9-2020-q2-update.win32_2.0.0.202105311346/tools/bin/../lib/gcc/arm-none-eabi/9.3.1/../../../../arm-none-eabi/lib/thumb/v7e-m+fp/hard\libc_nano.a(lib_a-init.o)
 .ARM.attributes
                0x00000000000003dd       0x34 c:/st/stm32cubeide_1.7.0/stm32cubeide/plugins/com.st.stm32cube.ide.mcu.externaltools.gnu-tools-for-stm32.9-2020-q2-update.win32_2.0.0.202105311346/tools/bin/../lib/gcc/arm-none-eabi/9.3.1/../../../../arm-none-eabi/lib/thumb/v7e-m+fp/hard\libc_nano.a(lib_a-malloc.o)
 .ARM.attributes
                0x0000000000000411       0x34 c:/st/stm32cubeide_1.7.0/stm32cubeide/plugins/com.st.stm32cube.ide.mcu.externaltools.gnu-tools-for-stm32.9-2020-q2-update.win32_2.0.0.202105311346/tools/bin/../lib/gcc/arm-none-eabi/9.3.1/../../../../arm-none-eabi/lib/thumb/v7e-m+fp/hard\libc_nano.a(lib_a-memset.o)
 .ARM.attributes
                0x0000000000000445       0x34 c:/st/stm32cubeide_1.7.0/stm32cubeide/plugins/com.st.stm32cube.ide.mcu.externaltools.gnu-tools-for-stm32.9-2020-q2-update.win32_2.0.0.202105311346/tools/bin/../lib/gcc/arm-none-eabi/9.3.1/../../../../arm-none-eabi/lib/thumb/v7e-m+fp/hard\libc_nano.a(lib_a-nano-mallocr.o)
 .ARM.attributes
                0x0000000000000479       0x34 c:/st/stm32cubeide_1.7.0/stm32cubeide/plugins/com.st.stm32cube.ide.mcu.externaltools.gnu-tools-for-stm32.9-2020-q2-update.win32_2.0.0.202105311346/tools/bin/../lib/gcc/arm-none-eabi/9.3.1/../../../../arm-none-eabi/lib/thumb/v7e-m+fp/hard\libc_nano.a(lib_a-sbrkr.o)
 .ARM.attributes
                0x00000000000004ad       0x34 c:/st/stm32cubeide_1.7.0/stm32cubeide/plugins/com.st.stm32cube.ide.mcu.externaltools.gnu-tools-for-stm32.9-2020-q2-update.win32_2.0.0.202105311346/tools/bin/../lib/gcc/arm-none-eabi/9.3.1/../../../../arm-none-eabi/lib/thumb/v7e-m+fp/hard\libc_nano.a(lib_a-mlock.o)
 .ARM.attributes
                0x00000000000004e1       0x34 c:/st/stm32cubeide_1.7.0/stm32cubeide/plugins/com.st.stm32cube.ide.mcu.externaltools.gnu-tools-for-stm32.9-2020-q2-update.win32_2.0.0.202105311346/tools/bin/../lib/gcc/arm-none-eabi/9.3.1/../../../../arm-none-eabi/lib/thumb/v7e-m+fp/hard\libc_nano.a(lib_a-reent.o)
 .ARM.attributes
                0x0000000000000515       0x34 c:/st/stm32cubeide_1.7.0/stm32cubeide/plugins/com.st.stm32cube.ide.mcu.externaltools.gnu-tools-for-stm32.9-2020-q2-update.win32_2.0.0.202105311346/tools/bin/../lib/gcc/arm-none-eabi/9.3.1/../../../../arm-none-eabi/lib/thumb/v7e-m+fp/hard\libc_nano.a(lib_a-lock.o)
 .ARM.attributes
                0x0000000000000549       0x1e c:/st/stm32cubeide_1.7.0/stm32cubeide/plugins/com.st.stm32cube.ide.mcu.externaltools.gnu-tools-for-stm32.9-2020-q2-update.win32_2.0.0.202105311346/tools/bin/../lib/gcc/arm-none-eabi/9.3.1/thumb/v7e-m+fp/hard/crtn.o
OUTPUT(VFDHack32.elf elf32-littlearm)
LOAD linker stubs
LOAD c:/st/stm32cubeide_1.7.0/stm32cubeide/plugins/com.st.stm32cube.ide.mcu.externaltools.gnu-tools-for-stm32.9-2020-q2-update.win32_2.0.0.202105311346/tools/bin/../lib/gcc/arm-none-eabi/9.3.1/../../../../arm-none-eabi/lib/thumb/v7e-m+fp/hard\libc.a
LOAD c:/st/stm32cubeide_1.7.0/stm32cubeide/plugins/com.st.stm32cube.ide.mcu.externaltools.gnu-tools-for-stm32.9-2020-q2-update.win32_2.0.0.202105311346/tools/bin/../lib/gcc/arm-none-eabi/9.3.1/../../../../arm-none-eabi/lib/thumb/v7e-m+fp/hard\libm.a
LOAD c:/st/stm32cubeide_1.7.0/stm32cubeide/plugins/com.st.stm32cube.ide.mcu.externaltools.gnu-tools-for-stm32.9-2020-q2-update.win32_2.0.0.202105311346/tools/bin/../lib/gcc/arm-none-eabi/9.3.1/thumb/v7e-m+fp/hard\libgcc.a

.debug_info     0x0000000000000000     0xd12e
 .debug_info    0x0000000000000000      0x93c ./Drivers/STM32F3xx_HAL_Driver/Src/stm32f3xx_hal.o
 .debug_info    0x000000000000093c     0x10af ./Drivers/STM32F3xx_HAL_Driver/Src/stm32f3xx_hal_cortex.o
 .debug_info    0x00000000000019eb      0x9a2 ./Drivers/STM32F3xx_HAL_Driver/Src/stm32f3xx_hal_dma.o
 .debug_info    0x000000000000238d      0x7af ./Drivers/STM32F3xx_HAL_Driver/Src/stm32f3xx_hal_gpio.o
 .debug_info    0x0000000000002b3c     0x17c5 ./Drivers/STM32F3xx_HAL_Driver/Src/stm32f3xx_hal_rcc.o
 .debug_info    0x0000000000004301     0x2cc4 ./Drivers/STM32F3xx_HAL_Driver/Src/stm32f3xx_hal_spi.o
 .debug_info    0x0000000000006fc5     0x1903 ./Src/MN15439A.o
 .debug_info    0x00000000000088c8      0x497 ./Src/dma.o
 .debug_info    0x0000000000008d5f      0x721 ./Src/gpio.o
 .debug_info    0x0000000000009480     0x1402 ./Src/main.o
 .debug_info    0x000000000000a882      0xae7 ./Src/spi.o
 .debug_info    0x000000000000b369      0x2b9 ./Src/stm32f3xx_hal_msp.o
 .debug_info    0x000000000000b622      0x4e8 ./Src/stm32f3xx_it.o
 .debug_info    0x000000000000bb0a     0x1154 ./Src/syscalls.o
 .debug_info    0x000000000000cc5e      0x4ae ./Src/system_stm32f3xx.o
 .debug_info    0x000000000000d10c       0x22 ./Startup/startup_stm32f303vctx.o

.debug_abbrev   0x0000000000000000     0x25bd
 .debug_abbrev  0x0000000000000000      0x27e ./Drivers/STM32F3xx_HAL_Driver/Src/stm32f3xx_hal.o
 .debug_abbrev  0x000000000000027e      0x389 ./Drivers/STM32F3xx_HAL_Driver/Src/stm32f3xx_hal_cortex.o
 .debug_abbrev  0x0000000000000607      0x283 ./Drivers/STM32F3xx_HAL_Driver/Src/stm32f3xx_hal_dma.o
 .debug_abbrev  0x000000000000088a      0x214 ./Drivers/STM32F3xx_HAL_Driver/Src/stm32f3xx_hal_gpio.o
 .debug_abbrev  0x0000000000000a9e      0x360 ./Drivers/STM32F3xx_HAL_Driver/Src/stm32f3xx_hal_rcc.o
 .debug_abbrev  0x0000000000000dfe      0x37a ./Drivers/STM32F3xx_HAL_Driver/Src/stm32f3xx_hal_spi.o
 .debug_abbrev  0x0000000000001178      0x4cf ./Src/MN15439A.o
 .debug_abbrev  0x0000000000001647      0x157 ./Src/dma.o
 .debug_abbrev  0x000000000000179e      0x190 ./Src/gpio.o
 .debug_abbrev  0x000000000000192e      0x2bc ./Src/main.o
 .debug_abbrev  0x0000000000001bea      0x212 ./Src/spi.o
 .debug_abbrev  0x0000000000001dfc      0x14c ./Src/stm32f3xx_hal_msp.o
 .debug_abbrev  0x0000000000001f48      0x1e3 ./Src/stm32f3xx_it.o
 .debug_abbrev  0x000000000000212b      0x335 ./Src/syscalls.o
 .debug_abbrev  0x0000000000002460      0x14b ./Src/system_stm32f3xx.o
 .debug_abbrev  0x00000000000025ab       0x12 ./Startup/startup_stm32f303vctx.o

.debug_loc      0x0000000000000000     0x6bac
 .debug_loc     0x0000000000000000      0x157 ./Drivers/STM32F3xx_HAL_Driver/Src/stm32f3xx_hal.o
 .debug_loc     0x0000000000000157      0x7a7 ./Drivers/STM32F3xx_HAL_Driver/Src/stm32f3xx_hal_cortex.o
 .debug_loc     0x00000000000008fe      0x898 ./Drivers/STM32F3xx_HAL_Driver/Src/stm32f3xx_hal_dma.o
 .debug_loc     0x0000000000001196      0x3b4 ./Drivers/STM32F3xx_HAL_Driver/Src/stm32f3xx_hal_gpio.o
 .debug_loc     0x000000000000154a      0xf36 ./Drivers/STM32F3xx_HAL_Driver/Src/stm32f3xx_hal_rcc.o
 .debug_loc     0x0000000000002480     0x333c ./Drivers/STM32F3xx_HAL_Driver/Src/stm32f3xx_hal_spi.o
 .debug_loc     0x00000000000057bc      0xdd1 ./Src/MN15439A.o
 .debug_loc     0x000000000000658d       0x25 ./Src/main.o
 .debug_loc     0x00000000000065b2       0x9b ./Src/spi.o
 .debug_loc     0x000000000000664d      0x434 ./Src/syscalls.o
 .debug_loc     0x0000000000006a81      0x12b ./Src/system_stm32f3xx.o

.debug_aranges  0x0000000000000000      0x6e0
 .debug_aranges
                0x0000000000000000       0xd8 ./Drivers/STM32F3xx_HAL_Driver/Src/stm32f3xx_hal.o
 .debug_aranges
                0x00000000000000d8       0xa8 ./Drivers/STM32F3xx_HAL_Driver/Src/stm32f3xx_hal_cortex.o
 .debug_aranges
                0x0000000000000180       0x78 ./Drivers/STM32F3xx_HAL_Driver/Src/stm32f3xx_hal_dma.o
 .debug_aranges
                0x00000000000001f8       0x58 ./Drivers/STM32F3xx_HAL_Driver/Src/stm32f3xx_hal_gpio.o
 .debug_aranges
                0x0000000000000250       0x88 ./Drivers/STM32F3xx_HAL_Driver/Src/stm32f3xx_hal_rcc.o
 .debug_aranges
                0x00000000000002d8      0x180 ./Drivers/STM32F3xx_HAL_Driver/Src/stm32f3xx_hal_spi.o
 .debug_aranges
                0x0000000000000458       0x60 ./Src/MN15439A.o
 .debug_aranges
                0x00000000000004b8       0x20 ./Src/dma.o
 .debug_aranges
                0x00000000000004d8       0x20 ./Src/gpio.o
 .debug_aranges
                0x00000000000004f8       0x38 ./Src/main.o
 .debug_aranges
                0x0000000000000530       0x38 ./Src/spi.o
 .debug_aranges
                0x0000000000000568       0x20 ./Src/stm32f3xx_hal_msp.o
 .debug_aranges
                0x0000000000000588       0x58 ./Src/stm32f3xx_it.o
 .debug_aranges
                0x00000000000005e0       0xb0 ./Src/syscalls.o
 .debug_aranges
                0x0000000000000690       0x28 ./Src/system_stm32f3xx.o
 .debug_aranges
                0x00000000000006b8       0x28 ./Startup/startup_stm32f303vctx.o

.debug_ranges   0x0000000000000000     0x1348
 .debug_ranges  0x0000000000000000       0xc8 ./Drivers/STM32F3xx_HAL_Driver/Src/stm32f3xx_hal.o
 .debug_ranges  0x00000000000000c8      0x1c0 ./Drivers/STM32F3xx_HAL_Driver/Src/stm32f3xx_hal_cortex.o
 .debug_ranges  0x0000000000000288      0x110 ./Drivers/STM32F3xx_HAL_Driver/Src/stm32f3xx_hal_dma.o
 .debug_ranges  0x0000000000000398       0x60 ./Drivers/STM32F3xx_HAL_Driver/Src/stm32f3xx_hal_gpio.o
 .debug_ranges  0x00000000000003f8      0x408 ./Drivers/STM32F3xx_HAL_Driver/Src/stm32f3xx_hal_rcc.o
 .debug_ranges  0x0000000000000800      0x668 ./Drivers/STM32F3xx_HAL_Driver/Src/stm32f3xx_hal_spi.o
 .debug_ranges  0x0000000000000e68      0x250 ./Src/MN15439A.o
 .debug_ranges  0x00000000000010b8       0x38 ./Src/dma.o
 .debug_ranges  0x00000000000010f0       0x48 ./Src/gpio.o
 .debug_ranges  0x0000000000001138       0x28 ./Src/main.o
 .debug_ranges  0x0000000000001160       0x88 ./Src/spi.o
 .debug_ranges  0x00000000000011e8       0x28 ./Src/stm32f3xx_hal_msp.o
 .debug_ranges  0x0000000000001210       0x48 ./Src/stm32f3xx_it.o
 .debug_ranges  0x0000000000001258       0xb8 ./Src/syscalls.o
 .debug_ranges  0x0000000000001310       0x18 ./Src/system_stm32f3xx.o
 .debug_ranges  0x0000000000001328       0x20 ./Startup/startup_stm32f303vctx.o

.debug_macro    0x0000000000000000    0x1e0a7
 .debug_macro   0x0000000000000000      0x1e8 ./Drivers/STM32F3xx_HAL_Driver/Src/stm32f3xx_hal.o
 .debug_macro   0x00000000000001e8      0xaae ./Drivers/STM32F3xx_HAL_Driver/Src/stm32f3xx_hal.o
 .debug_macro   0x0000000000000c96      0x151 ./Drivers/STM32F3xx_HAL_Driver/Src/stm32f3xx_hal.o
 .debug_macro   0x0000000000000de7       0x2e ./Drivers/STM32F3xx_HAL_Driver/Src/stm32f3xx_hal.o
 .debug_macro   0x0000000000000e15       0x28 ./Drivers/STM32F3xx_HAL_Driver/Src/stm32f3xx_hal.o
 .debug_macro   0x0000000000000e3d       0x22 ./Drivers/STM32F3xx_HAL_Driver/Src/stm32f3xx_hal.o
 .debug_macro   0x0000000000000e5f       0x8e ./Drivers/STM32F3xx_HAL_Driver/Src/stm32f3xx_hal.o
 .debug_macro   0x0000000000000eed       0x51 ./Drivers/STM32F3xx_HAL_Driver/Src/stm32f3xx_hal.o
 .debug_macro   0x0000000000000f3e      0x103 ./Drivers/STM32F3xx_HAL_Driver/Src/stm32f3xx_hal.o
 .debug_macro   0x0000000000001041       0x6a ./Drivers/STM32F3xx_HAL_Driver/Src/stm32f3xx_hal.o
 .debug_macro   0x00000000000010ab      0x1df ./Drivers/STM32F3xx_HAL_Driver/Src/stm32f3xx_hal.o
 .debug_macro   0x000000000000128a       0x1c ./Drivers/STM32F3xx_HAL_Driver/Src/stm32f3xx_hal.o
 .debug_macro   0x00000000000012a6       0x22 ./Drivers/STM32F3xx_HAL_Driver/Src/stm32f3xx_hal.o
 .debug_macro   0x00000000000012c8       0xdf ./Drivers/STM32F3xx_HAL_Driver/Src/stm32f3xx_hal.o
 .debug_macro   0x00000000000013a7     0x102d ./Drivers/STM32F3xx_HAL_Driver/Src/stm32f3xx_hal.o
 .debug_macro   0x00000000000023d4      0x11f ./Drivers/STM32F3xx_HAL_Driver/Src/stm32f3xx_hal.o
 .debug_macro   0x00000000000024f3    0x12a3a ./Drivers/STM32F3xx_HAL_Driver/Src/stm32f3xx_hal.o
 .debug_macro   0x0000000000014f2d       0x6d ./Drivers/STM32F3xx_HAL_Driver/Src/stm32f3xx_hal.o
 .debug_macro   0x0000000000014f9a     0x3540 ./Drivers/STM32F3xx_HAL_Driver/Src/stm32f3xx_hal.o
 .debug_macro   0x00000000000184da      0x174 ./Drivers/STM32F3xx_HAL_Driver/Src/stm32f3xx_hal.o
 .debug_macro   0x000000000001864e       0x55 ./Drivers/STM32F3xx_HAL_Driver/Src/stm32f3xx_hal.o
 .debug_macro   0x00000000000186a3      0x962 ./Drivers/STM32F3xx_HAL_Driver/Src/stm32f3xx_hal.o
 .debug_macro   0x0000000000019005      0x5fe ./Drivers/STM32F3xx_HAL_Driver/Src/stm32f3xx_hal.o
 .debug_macro   0x0000000000019603      0x1b6 ./Drivers/STM32F3xx_HAL_Driver/Src/stm32f3xx_hal.o
 .debug_macro   0x00000000000197b9      0x1fb ./Drivers/STM32F3xx_HAL_Driver/Src/stm32f3xx_hal.o
 .debug_macro   0x00000000000199b4      0x1dc ./Drivers/STM32F3xx_HAL_Driver/Src/stm32f3xx_hal.o
 .debug_macro   0x0000000000019b90      0x1bc ./Drivers/STM32F3xx_HAL_Driver/Src/stm32f3xx_hal.o
 .debug_macro   0x0000000000019d4c       0x30 ./Drivers/STM32F3xx_HAL_Driver/Src/stm32f3xx_hal.o
 .debug_macro   0x0000000000019d7c       0x3c ./Drivers/STM32F3xx_HAL_Driver/Src/stm32f3xx_hal.o
 .debug_macro   0x0000000000019db8      0x236 ./Drivers/STM32F3xx_HAL_Driver/Src/stm32f3xx_hal.o
 .debug_macro   0x0000000000019fee       0xc5 ./Drivers/STM32F3xx_HAL_Driver/Src/stm32f3xx_hal.o
 .debug_macro   0x000000000001a0b3      0x21d ./Drivers/STM32F3xx_HAL_Driver/Src/stm32f3xx_hal.o
 .debug_macro   0x000000000001a2d0      0x22c ./Drivers/STM32F3xx_HAL_Driver/Src/stm32f3xx_hal.o
 .debug_macro   0x000000000001a4fc       0x5b ./Drivers/STM32F3xx_HAL_Driver/Src/stm32f3xx_hal.o
 .debug_macro   0x000000000001a557       0xa5 ./Drivers/STM32F3xx_HAL_Driver/Src/stm32f3xx_hal.o
 .debug_macro   0x000000000001a5fc       0x81 ./Drivers/STM32F3xx_HAL_Driver/Src/stm32f3xx_hal.o
 .debug_macro   0x000000000001a67d       0xd3 ./Drivers/STM32F3xx_HAL_Driver/Src/stm32f3xx_hal.o
 .debug_macro   0x000000000001a750      0x2fe ./Drivers/STM32F3xx_HAL_Driver/Src/stm32f3xx_hal.o
 .debug_macro   0x000000000001aa4e      0x275 ./Drivers/STM32F3xx_HAL_Driver/Src/stm32f3xx_hal.o
 .debug_macro   0x000000000001acc3      0x1c4 ./Drivers/STM32F3xx_HAL_Driver/Src/stm32f3xx_hal_cortex.o
 .debug_macro   0x000000000001ae87      0x1c4 ./Drivers/STM32F3xx_HAL_Driver/Src/stm32f3xx_hal_dma.o
 .debug_macro   0x000000000001b04b      0x1cb ./Drivers/STM32F3xx_HAL_Driver/Src/stm32f3xx_hal_gpio.o
 .debug_macro   0x000000000001b216      0x1e8 ./Drivers/STM32F3xx_HAL_Driver/Src/stm32f3xx_hal_rcc.o
 .debug_macro   0x000000000001b3fe      0x1cc ./Drivers/STM32F3xx_HAL_Driver/Src/stm32f3xx_hal_spi.o
 .debug_macro   0x000000000001b5ca      0x2e3 ./Src/MN15439A.o
 .debug_macro   0x000000000001b8ad       0x22 ./Src/MN15439A.o
 .debug_macro   0x000000000001b8cf       0x52 ./Src/MN15439A.o
 .debug_macro   0x000000000001b921       0x18 ./Src/MN15439A.o
 .debug_macro   0x000000000001b939       0x3c ./Src/MN15439A.o
 .debug_macro   0x000000000001b975       0x34 ./Src/MN15439A.o
 .debug_macro   0x000000000001b9a9       0x16 ./Src/MN15439A.o
 .debug_macro   0x000000000001b9bf       0x43 ./Src/MN15439A.o
 .debug_macro   0x000000000001ba02       0x34 ./Src/MN15439A.o
 .debug_macro   0x000000000001ba36       0x10 ./Src/MN15439A.o
 .debug_macro   0x000000000001ba46       0x58 ./Src/MN15439A.o
 .debug_macro   0x000000000001ba9e       0x71 ./Src/MN15439A.o
 .debug_macro   0x000000000001bb0f       0x1c ./Src/MN15439A.o
 .debug_macro   0x000000000001bb2b      0x12a ./Src/MN15439A.o
 .debug_macro   0x000000000001bc55      0x333 ./Src/MN15439A.o
 .debug_macro   0x000000000001bf88       0x10 ./Src/MN15439A.o
 .debug_macro   0x000000000001bf98       0x35 ./Src/MN15439A.o
 .debug_macro   0x000000000001bfcd       0x20 ./Src/MN15439A.o
 .debug_macro   0x000000000001bfed       0x16 ./Src/MN15439A.o
 .debug_macro   0x000000000001c003       0x16 ./Src/MN15439A.o
 .debug_macro   0x000000000001c019       0x29 ./Src/MN15439A.o
 .debug_macro   0x000000000001c042      0x1dd ./Src/dma.o
 .debug_macro   0x000000000001c21f       0xa6 ./Src/dma.o
 .debug_macro   0x000000000001c2c5      0x1dd ./Src/gpio.o
 .debug_macro   0x000000000001c4a2      0x3d5 ./Src/main.o
 .debug_macro   0x000000000001c877       0x1c ./Src/main.o
 .debug_macro   0x000000000001c893       0x10 ./Src/main.o
 .debug_macro   0x000000000001c8a3       0x10 ./Src/main.o
 .debug_macro   0x000000000001c8b3       0x1c ./Src/main.o
 .debug_macro   0x000000000001c8cf       0x52 ./Src/main.o
 .debug_macro   0x000000000001c921       0x22 ./Src/main.o
 .debug_macro   0x000000000001c943       0x10 ./Src/main.o
 .debug_macro   0x000000000001c953       0x40 ./Src/main.o
 .debug_macro   0x000000000001c993       0xd5 ./Src/main.o
 .debug_macro   0x000000000001ca68       0x1c ./Src/main.o
 .debug_macro   0x000000000001ca84       0x3d ./Src/main.o
 .debug_macro   0x000000000001cac1       0x16 ./Src/main.o
 .debug_macro   0x000000000001cad7      0x145 ./Src/main.o
 .debug_macro   0x000000000001cc1c      0x1dd ./Src/spi.o
 .debug_macro   0x000000000001cdf9      0x1d3 ./Src/stm32f3xx_hal_msp.o
 .debug_macro   0x000000000001cfcc      0x1f6 ./Src/stm32f3xx_it.o
 .debug_macro   0x000000000001d1c2      0x24c ./Src/syscalls.o
 .debug_macro   0x000000000001d40e       0x4c ./Src/syscalls.o
 .debug_macro   0x000000000001d45a       0x94 ./Src/syscalls.o
 .debug_macro   0x000000000001d4ee       0x57 ./Src/syscalls.o
 .debug_macro   0x000000000001d545      0x339 ./Src/syscalls.o
 .debug_macro   0x000000000001d87e       0x10 ./Src/syscalls.o
 .debug_macro   0x000000000001d88e       0x10 ./Src/syscalls.o
 .debug_macro   0x000000000001d89e       0x10 ./Src/syscalls.o
 .debug_macro   0x000000000001d8ae       0x35 ./Src/syscalls.o
 .debug_macro   0x000000000001d8e3      0x12c ./Src/syscalls.o
 .debug_macro   0x000000000001da0f       0x10 ./Src/syscalls.o
 .debug_macro   0x000000000001da1f      0x241 ./Src/syscalls.o
 .debug_macro   0x000000000001dc60       0x10 ./Src/syscalls.o
 .debug_macro   0x000000000001dc70      0x189 ./Src/syscalls.o
 .debug_macro   0x000000000001ddf9       0x16 ./Src/syscalls.o
 .debug_macro   0x000000000001de0f       0xce ./Src/syscalls.o
 .debug_macro   0x000000000001dedd      0x1ca ./Src/system_stm32f3xx.o

.debug_line     0x0000000000000000     0xddcf
 .debug_line    0x0000000000000000      0xa11 ./Drivers/STM32F3xx_HAL_Driver/Src/stm32f3xx_hal.o
 .debug_line    0x0000000000000a11      0xcb6 ./Drivers/STM32F3xx_HAL_Driver/Src/stm32f3xx_hal_cortex.o
 .debug_line    0x00000000000016c7     0x1065 ./Drivers/STM32F3xx_HAL_Driver/Src/stm32f3xx_hal_dma.o
 .debug_line    0x000000000000272c      0xc07 ./Drivers/STM32F3xx_HAL_Driver/Src/stm32f3xx_hal_gpio.o
 .debug_line    0x0000000000003333     0x19a8 ./Drivers/STM32F3xx_HAL_Driver/Src/stm32f3xx_hal_rcc.o
 .debug_line    0x0000000000004cdb     0x3bba ./Drivers/STM32F3xx_HAL_Driver/Src/stm32f3xx_hal_spi.o
 .debug_line    0x0000000000008895     0x1475 ./Src/MN15439A.o
 .debug_line    0x0000000000009d0a      0x6ce ./Src/dma.o
 .debug_line    0x000000000000a3d8      0x797 ./Src/gpio.o
 .debug_line    0x000000000000ab6f      0x9fe ./Src/main.o
 .debug_line    0x000000000000b56d      0x8fa ./Src/spi.o
 .debug_line    0x000000000000be67      0x6ce ./Src/stm32f3xx_hal_msp.o
 .debug_line    0x000000000000c535      0x7aa ./Src/stm32f3xx_it.o
 .debug_line    0x000000000000ccdf      0x915 ./Src/syscalls.o
 .debug_line    0x000000000000d5f4      0x758 ./Src/system_stm32f3xx.o
 .debug_line    0x000000000000dd4c       0x83 ./Startup/startup_stm32f303vctx.o

.debug_str      0x0000000000000000    0xac4f7
 .debug_str     0x0000000000000000    0xa50a8 ./Drivers/STM32F3xx_HAL_Driver/Src/stm32f3xx_hal.o
                                      0xa5955 (size before relaxing)
 .debug_str     0x00000000000a50a8      0x3d4 ./Drivers/STM32F3xx_HAL_Driver/Src/stm32f3xx_hal_cortex.o
                                      0xa5a1e (size before relaxing)
 .debug_str     0x00000000000a547c      0x3f9 ./Drivers/STM32F3xx_HAL_Driver/Src/stm32f3xx_hal_dma.o
                                      0xa54fa (size before relaxing)
 .debug_str     0x00000000000a5875      0x1f9 ./Drivers/STM32F3xx_HAL_Driver/Src/stm32f3xx_hal_gpio.o
                                      0xa531f (size before relaxing)
 .debug_str     0x00000000000a5a6e      0x400 ./Drivers/STM32F3xx_HAL_Driver/Src/stm32f3xx_hal_rcc.o
                                      0xa5609 (size before relaxing)
 .debug_str     0x00000000000a5e6e      0x789 ./Drivers/STM32F3xx_HAL_Driver/Src/stm32f3xx_hal_spi.o
                                      0xa5ab6 (size before relaxing)
 .debug_str     0x00000000000a65f7     0x3426 ./Src/MN15439A.o
                                      0xa89b1 (size before relaxing)
 .debug_str     0x00000000000a9a1d      0x27d ./Src/dma.o
                                      0xa5795 (size before relaxing)
 .debug_str     0x00000000000a9c9a       0x37 ./Src/gpio.o
                                      0xa5855 (size before relaxing)
 .debug_str     0x00000000000a9cd1      0xfb0 ./Src/main.o
                                      0xa9beb (size before relaxing)
 .debug_str     0x00000000000aac81       0x24 ./Src/spi.o
                                      0xa5853 (size before relaxing)
 .debug_str     0x00000000000aaca5       0x1b ./Src/stm32f3xx_hal_msp.o
                                      0xa535b (size before relaxing)
 .debug_str     0x00000000000aacc0       0xe2 ./Src/stm32f3xx_it.o
                                      0xa5633 (size before relaxing)
 .debug_str     0x00000000000aada2     0x16b6 ./Src/syscalls.o
                                       0x8f27 (size before relaxing)
 .debug_str     0x00000000000ac458       0x6e ./Src/system_stm32f3xx.o
                                      0xa5183 (size before relaxing)
 .debug_str     0x00000000000ac4c6       0x31 ./Startup/startup_stm32f303vctx.o
                                         0x67 (size before relaxing)

.comment        0x0000000000000000       0x53
 .comment       0x0000000000000000       0x53 ./Drivers/STM32F3xx_HAL_Driver/Src/stm32f3xx_hal.o
                                         0x54 (size before relaxing)
 .comment       0x0000000000000053       0x54 ./Drivers/STM32F3xx_HAL_Driver/Src/stm32f3xx_hal_cortex.o
 .comment       0x0000000000000053       0x54 ./Drivers/STM32F3xx_HAL_Driver/Src/stm32f3xx_hal_dma.o
 .comment       0x0000000000000053       0x54 ./Drivers/STM32F3xx_HAL_Driver/Src/stm32f3xx_hal_gpio.o
 .comment       0x0000000000000053       0x54 ./Drivers/STM32F3xx_HAL_Driver/Src/stm32f3xx_hal_rcc.o
 .comment       0x0000000000000053       0x54 ./Drivers/STM32F3xx_HAL_Driver/Src/stm32f3xx_hal_spi.o
 .comment       0x0000000000000053       0x54 ./Src/MN15439A.o
 .comment       0x0000000000000053       0x54 ./Src/dma.o
 .comment       0x0000000000000053       0x54 ./Src/gpio.o
 .comment       0x0000000000000053       0x54 ./Src/main.o
 .comment       0x0000000000000053       0x54 ./Src/spi.o
 .comment       0x0000000000000053       0x54 ./Src/stm32f3xx_hal_msp.o
 .comment       0x0000000000000053       0x54 ./Src/stm32f3xx_it.o
 .comment       0x0000000000000053       0x54 ./Src/syscalls.o
 .comment       0x0000000000000053       0x54 ./Src/system_stm32f3xx.o

.debug_frame    0x0000000000000000     0x1578
 .debug_frame   0x0000000000000000      0x1d4 ./Drivers/STM32F3xx_HAL_Driver/Src/stm32f3xx_hal.o
 .debug_frame   0x00000000000001d4      0x184 ./Drivers/STM32F3xx_HAL_Driver/Src/stm32f3xx_hal_cortex.o
 .debug_frame   0x0000000000000358      0x180 ./Drivers/STM32F3xx_HAL_Driver/Src/stm32f3xx_hal_dma.o
 .debug_frame   0x00000000000004d8       0xec ./Drivers/STM32F3xx_HAL_Driver/Src/stm32f3xx_hal_gpio.o
 .debug_frame   0x00000000000005c4      0x19c ./Drivers/STM32F3xx_HAL_Driver/Src/stm32f3xx_hal_rcc.o
 .debug_frame   0x0000000000000760      0x6b4 ./Drivers/STM32F3xx_HAL_Driver/Src/stm32f3xx_hal_spi.o
 .debug_frame   0x0000000000000e14      0x100 ./Src/MN15439A.o
 .debug_frame   0x0000000000000f14       0x30 ./Src/dma.o
 .debug_frame   0x0000000000000f44       0x38 ./Src/gpio.o
 .debug_frame   0x0000000000000f7c       0x6c ./Src/main.o
 .debug_frame   0x0000000000000fe8       0x9c ./Src/spi.o
 .debug_frame   0x0000000000001084       0x28 ./Src/stm32f3xx_hal_msp.o
 .debug_frame   0x00000000000010ac       0xc0 ./Src/stm32f3xx_it.o
 .debug_frame   0x000000000000116c      0x1a8 ./Src/syscalls.o
 .debug_frame   0x0000000000001314       0x30 ./Src/system_stm32f3xx.o
 .debug_frame   0x0000000000001344       0x20 c:/st/stm32cubeide_1.7.0/stm32cubeide/plugins/com.st.stm32cube.ide.mcu.externaltools.gnu-tools-for-stm32.9-2020-q2-update.win32_2.0.0.202105311346/tools/bin/../lib/gcc/arm-none-eabi/9.3.1/../../../../arm-none-eabi/lib/thumb/v7e-m+fp/hard\libc_nano.a(lib_a-errno.o)
 .debug_frame   0x0000000000001364       0x2c c:/st/stm32cubeide_1.7.0/stm32cubeide/plugins/com.st.stm32cube.ide.mcu.externaltools.gnu-tools-for-stm32.9-2020-q2-update.win32_2.0.0.202105311346/tools/bin/../lib/gcc/arm-none-eabi/9.3.1/../../../../arm-none-eabi/lib/thumb/v7e-m+fp/hard\libc_nano.a(lib_a-init.o)
 .debug_frame   0x0000000000001390       0x30 c:/st/stm32cubeide_1.7.0/stm32cubeide/plugins/com.st.stm32cube.ide.mcu.externaltools.gnu-tools-for-stm32.9-2020-q2-update.win32_2.0.0.202105311346/tools/bin/../lib/gcc/arm-none-eabi/9.3.1/../../../../arm-none-eabi/lib/thumb/v7e-m+fp/hard\libc_nano.a(lib_a-malloc.o)
 .debug_frame   0x00000000000013c0       0x20 c:/st/stm32cubeide_1.7.0/stm32cubeide/plugins/com.st.stm32cube.ide.mcu.externaltools.gnu-tools-for-stm32.9-2020-q2-update.win32_2.0.0.202105311346/tools/bin/../lib/gcc/arm-none-eabi/9.3.1/../../../../arm-none-eabi/lib/thumb/v7e-m+fp/hard\libc_nano.a(lib_a-memset.o)
 .debug_frame   0x00000000000013e0       0x30 c:/st/stm32cubeide_1.7.0/stm32cubeide/plugins/com.st.stm32cube.ide.mcu.externaltools.gnu-tools-for-stm32.9-2020-q2-update.win32_2.0.0.202105311346/tools/bin/../lib/gcc/arm-none-eabi/9.3.1/../../../../arm-none-eabi/lib/thumb/v7e-m+fp/hard\libc_nano.a(lib_a-nano-mallocr.o)
 .debug_frame   0x0000000000001410       0x2c c:/st/stm32cubeide_1.7.0/stm32cubeide/plugins/com.st.stm32cube.ide.mcu.externaltools.gnu-tools-for-stm32.9-2020-q2-update.win32_2.0.0.202105311346/tools/bin/../lib/gcc/arm-none-eabi/9.3.1/../../../../arm-none-eabi/lib/thumb/v7e-m+fp/hard\libc_nano.a(lib_a-sbrkr.o)
 .debug_frame   0x000000000000143c       0x30 c:/st/stm32cubeide_1.7.0/stm32cubeide/plugins/com.st.stm32cube.ide.mcu.externaltools.gnu-tools-for-stm32.9-2020-q2-update.win32_2.0.0.202105311346/tools/bin/../lib/gcc/arm-none-eabi/9.3.1/../../../../arm-none-eabi/lib/thumb/v7e-m+fp/hard\libc_nano.a(lib_a-mlock.o)
 .debug_frame   0x000000000000146c       0x5c c:/st/stm32cubeide_1.7.0/stm32cubeide/plugins/com.st.stm32cube.ide.mcu.externaltools.gnu-tools-for-stm32.9-2020-q2-update.win32_2.0.0.202105311346/tools/bin/../lib/gcc/arm-none-eabi/9.3.1/../../../../arm-none-eabi/lib/thumb/v7e-m+fp/hard\libc_nano.a(lib_a-reent.o)
 .debug_frame   0x00000000000014c8       0xb0 c:/st/stm32cubeide_1.7.0/stm32cubeide/plugins/com.st.stm32cube.ide.mcu.externaltools.gnu-tools-for-stm32.9-2020-q2-update.win32_2.0.0.202105311346/tools/bin/../lib/gcc/arm-none-eabi/9.3.1/../../../../arm-none-eabi/lib/thumb/v7e-m+fp/hard\libc_nano.a(lib_a-lock.o)
