Archive member included to satisfy reference by file (symbol)

c:/st/stm32cubeide_1.7.0/stm32cubeide/plugins/com.st.stm32cube.ide.mcu.externaltools.gnu-tools-for-stm32.9-2020-q2-update.win32_2.0.0.202105311346/tools/bin/../lib/gcc/arm-none-eabi/9.3.1/../../../../arm-none-eabi/lib/thumb/v7e-m+fp/hard\libc_nano.a(lib_a-errno.o)
                              ./Src/syscalls.o (__errno)
c:/st/stm32cubeide_1.7.0/stm32cubeide/plugins/com.st.stm32cube.ide.mcu.externaltools.gnu-tools-for-stm32.9-2020-q2-update.win32_2.0.0.202105311346/tools/bin/../lib/gcc/arm-none-eabi/9.3.1/../../../../arm-none-eabi/lib/thumb/v7e-m+fp/hard\libc_nano.a(lib_a-exit.o)
                              c:/st/stm32cubeide_1.7.0/stm32cubeide/plugins/com.st.stm32cube.ide.mcu.externaltools.gnu-tools-for-stm32.9-2020-q2-update.win32_2.0.0.202105311346/tools/bin/../lib/gcc/arm-none-eabi/9.3.1/../../../../arm-none-eabi/lib/thumb/v7e-m+fp/hard/crt0.o (exit)
c:/st/stm32cubeide_1.7.0/stm32cubeide/plugins/com.st.stm32cube.ide.mcu.externaltools.gnu-tools-for-stm32.9-2020-q2-update.win32_2.0.0.202105311346/tools/bin/../lib/gcc/arm-none-eabi/9.3.1/../../../../arm-none-eabi/lib/thumb/v7e-m+fp/hard\libc_nano.a(lib_a-impure.o)
                              c:/st/stm32cubeide_1.7.0/stm32cubeide/plugins/com.st.stm32cube.ide.mcu.externaltools.gnu-tools-for-stm32.9-2020-q2-update.win32_2.0.0.202105311346/tools/bin/../lib/gcc/arm-none-eabi/9.3.1/../../../../arm-none-eabi/lib/thumb/v7e-m+fp/hard\libc_nano.a(lib_a-exit.o) (_global_impure_ptr)
c:/st/stm32cubeide_1.7.0/stm32cubeide/plugins/com.st.stm32cube.ide.mcu.externaltools.gnu-tools-for-stm32.9-2020-q2-update.win32_2.0.0.202105311346/tools/bin/../lib/gcc/arm-none-eabi/9.3.1/../../../../arm-none-eabi/lib/thumb/v7e-m+fp/hard\libc_nano.a(lib_a-init.o)
                              c:/st/stm32cubeide_1.7.0/stm32cubeide/plugins/com.st.stm32cube.ide.mcu.externaltools.gnu-tools-for-stm32.9-2020-q2-update.win32_2.0.0.202105311346/tools/bin/../lib/gcc/arm-none-eabi/9.3.1/../../../../arm-none-eabi/lib/thumb/v7e-m+fp/hard/crt0.o (__libc_init_array)
c:/st/stm32cubeide_1.7.0/stm32cubeide/plugins/com.st.stm32cube.ide.mcu.externaltools.gnu-tools-for-stm32.9-2020-q2-update.win32_2.0.0.202105311346/tools/bin/../lib/gcc/arm-none-eabi/9.3.1/../../../../arm-none-eabi/lib/thumb/v7e-m+fp/hard\libc_nano.a(lib_a-malloc.o)
                              ./Src/MN15439A.o (malloc)
c:/st/stm32cubeide_1.7.0/stm32cubeide/plugins/com.st.stm32cube.ide.mcu.externaltools.gnu-tools-for-stm32.9-2020-q2-update.win32_2.0.0.202105311346/tools/bin/../lib/gcc/arm-none-eabi/9.3.1/../../../../arm-none-eabi/lib/thumb/v7e-m+fp/hard\libc_nano.a(lib_a-memcpy-stub.o)
                              ./Src/MN15439A.o (memcpy)
c:/st/stm32cubeide_1.7.0/stm32cubeide/plugins/com.st.stm32cube.ide.mcu.externaltools.gnu-tools-for-stm32.9-2020-q2-update.win32_2.0.0.202105311346/tools/bin/../lib/gcc/arm-none-eabi/9.3.1/../../../../arm-none-eabi/lib/thumb/v7e-m+fp/hard\libc_nano.a(lib_a-memset.o)
                              c:/st/stm32cubeide_1.7.0/stm32cubeide/plugins/com.st.stm32cube.ide.mcu.externaltools.gnu-tools-for-stm32.9-2020-q2-update.win32_2.0.0.202105311346/tools/bin/../lib/gcc/arm-none-eabi/9.3.1/../../../../arm-none-eabi/lib/thumb/v7e-m+fp/hard/crt0.o (memset)
c:/st/stm32cubeide_1.7.0/stm32cubeide/plugins/com.st.stm32cube.ide.mcu.externaltools.gnu-tools-for-stm32.9-2020-q2-update.win32_2.0.0.202105311346/tools/bin/../lib/gcc/arm-none-eabi/9.3.1/../../../../arm-none-eabi/lib/thumb/v7e-m+fp/hard\libc_nano.a(lib_a-nano-freer.o)
                              c:/st/stm32cubeide_1.7.0/stm32cubeide/plugins/com.st.stm32cube.ide.mcu.externaltools.gnu-tools-for-stm32.9-2020-q2-update.win32_2.0.0.202105311346/tools/bin/../lib/gcc/arm-none-eabi/9.3.1/../../../../arm-none-eabi/lib/thumb/v7e-m+fp/hard\libc_nano.a(lib_a-malloc.o) (_free_r)
c:/st/stm32cubeide_1.7.0/stm32cubeide/plugins/com.st.stm32cube.ide.mcu.externaltools.gnu-tools-for-stm32.9-2020-q2-update.win32_2.0.0.202105311346/tools/bin/../lib/gcc/arm-none-eabi/9.3.1/../../../../arm-none-eabi/lib/thumb/v7e-m+fp/hard\libc_nano.a(lib_a-nano-mallocr.o)
                              c:/st/stm32cubeide_1.7.0/stm32cubeide/plugins/com.st.stm32cube.ide.mcu.externaltools.gnu-tools-for-stm32.9-2020-q2-update.win32_2.0.0.202105311346/tools/bin/../lib/gcc/arm-none-eabi/9.3.1/../../../../arm-none-eabi/lib/thumb/v7e-m+fp/hard\libc_nano.a(lib_a-malloc.o) (_malloc_r)
c:/st/stm32cubeide_1.7.0/stm32cubeide/plugins/com.st.stm32cube.ide.mcu.externaltools.gnu-tools-for-stm32.9-2020-q2-update.win32_2.0.0.202105311346/tools/bin/../lib/gcc/arm-none-eabi/9.3.1/../../../../arm-none-eabi/lib/thumb/v7e-m+fp/hard\libc_nano.a(lib_a-sbrkr.o)
[...]
Memory Configuration

Name             Origin             Length             Attributes
RAM              0x0000000020000000 0x000000000000a000 xrw
CCMRAM           0x0000000010000000 0x0000000000002000 xrw
FLASH            0x0000000008000000 0x0000000000040000 xr
*default*        0x0000000000000000 0xffffffffffffffff

Linker script and memory map

LOAD c:/st/stm32cubeide_1.7.0/stm32cubeide/plugins/com.st.stm32cube.ide.mcu.externaltools.gnu-tools-for-stm32.9-2020-q2-update.win32_2.0.0.202105311346/tools/bin/../lib/gcc/arm-none-eabi/9.3.1/thumb/v7e-m+fp/hard/crti.o
LOAD c:/st/stm32cubeide_1.7.0/stm32cubeide/plugins/com.st.stm32cube.ide.mcu.externaltools.gnu-tools-for-stm32.9-2020-q2-update.win32_2.0.0.202105311346/tools/bin/../lib/gcc/arm-none-eabi/9.3.1/thumb/v7e-m+fp/hard/crtbegin.o
LOAD c:/st/stm32cubeide_1.7.0/stm32cubeide/plugins/com.st.stm32cube.ide.mcu.externaltools.gnu-tools-for-stm32.9-2020-q2-update.win32_2.0.0.202105311346/tools/bin/../lib/gcc/arm-none-eabi/9.3.1/../../../../arm-none-eabi/lib/thumb/v7e-m+fp/hard/crt0.o
LOAD ./Drivers/STM32F3xx_HAL_Driver/Src/stm32f3xx_hal.o
LOAD ./Drivers/STM32F3xx_HAL_Driver/Src/stm32f3xx_hal_cortex.o
LOAD ./Drivers/STM32F3xx_HAL_Driver/Src/stm32f3xx_hal_dma.o
LOAD ./Drivers/STM32F3xx_HAL_Driver/Src/stm32f3xx_hal_exti.o
LOAD ./Drivers/STM32F3xx_HAL_Driver/Src/stm32f3xx_hal_flash.o
LOAD ./Drivers/STM32F3xx_HAL_Driver/Src/stm32f3xx_hal_flash_ex.o
LOAD ./Drivers/STM32F3xx_HAL_Driver/Src/stm32f3xx_hal_gpio.o
LOAD ./Drivers/STM32F3xx_HAL_Driver/Src/stm32f3xx_hal_i2c.o
LOAD ./Drivers/STM32F3xx_HAL_Driver/Src/stm32f3xx_hal_i2c_ex.o
LOAD ./Drivers/STM32F3xx_HAL_Driver/Src/stm32f3xx_hal_pwr.o
LOAD ./Drivers/STM32F3xx_HAL_Driver/Src/stm32f3xx_hal_pwr_ex.o
LOAD ./Drivers/STM32F3xx_HAL_Driver/Src/stm32f3xx_hal_rcc.o
LOAD ./Drivers/STM32F3xx_HAL_Driver/Src/stm32f3xx_hal_rcc_ex.o
LOAD ./Drivers/STM32F3xx_HAL_Driver/Src/stm32f3xx_hal_spi.o
LOAD ./Drivers/STM32F3xx_HAL_Driver/Src/stm32f3xx_hal_spi_ex.o
LOAD ./Drivers/STM32F3xx_HAL_Driver/Src/stm32f3xx_hal_tim.o
LOAD ./Drivers/STM32F3xx_HAL_Driver/Src/stm32f3xx_hal_tim_ex.o
LOAD ./Src/MN15439A.o
LOAD ./Src/dma.o
LOAD ./Src/gpio.o
LOAD ./Src/main.o
LOAD ./Src/spi.o
LOAD ./Src/stm32f3xx_hal_msp.o
LOAD ./Src/stm32f3xx_it.o
LOAD ./Src/syscalls.o
LOAD ./Src/system_stm32f3xx.o
LOAD ./Src/tim.o
LOAD ./Startup/startup_stm32f303vctx.o
START GROUP
LOAD c:/st/stm32cubeide_1.7.0/stm32cubeide/plugins/com.st.stm32cube.ide.mcu.externaltools.gnu-tools-for-stm32.9-2020-q2-update.win32_2.0.0.202105311346/tools/bin/../lib/gcc/arm-none-eabi/9.3.1/../../../../arm-none-eabi/lib/thumb/v7e-m+fp/hard\libc_nano.a
LOAD c:/st/stm32cubeide_1.7.0/stm32cubeide/plugins/com.st.stm32cube.ide.mcu.externaltools.gnu-tools-for-stm32.9-2020-q2-update.win32_2.0.0.202105311346/tools/bin/../lib/gcc/arm-none-eabi/9.3.1/../../../../arm-none-eabi/lib/thumb/v7e-m+fp/hard\libm.a
END GROUP
START GROUP
LOAD c:/st/stm32cubeide_1.7.0/stm32cubeide/plugins/com.st.stm32cube.ide.mcu.externaltools.gnu-tools-for-stm32.9-2020-q2-update.win32_2.0.0.202105311346/tools/bin/../lib/gcc/arm-none-eabi/9.3.1/thumb/v7e-m+fp/hard\libgcc.a
LOAD c:/st/stm32cubeide_1.7.0/stm32cubeide/plugins/com.st.stm32cube.ide.mcu.externaltools.gnu-tools-for-stm32.9-2020-q2-update.win32_2.0.0.202105311346/tools/bin/../lib/gcc/arm-none-eabi/9.3.1/../../../../arm-none-eabi/lib/thumb/v7e-m+fp/hard\libc_nano.a
END GROUP
START GROUP
LOAD c:/st/stm32cubeide_1.7.0/stm32cubeide/plugins/com.st.stm32cube.ide.mcu.externaltools.gnu-tools-for-stm32.9-2020-q2-update.win32_2.0.0.202105311346/tools/bin/../lib/gcc/arm-none-eabi/9.3.1/thumb/v7e-m+fp/hard\libgcc.a
LOAD c:/st/stm32cubeide_1.7.0/stm32cubeide/plugins/com.st.stm32cube.ide.mcu.externaltools.gnu-tools-for-stm32.9-2020-q2-update.win32_2.0.0.202105311346/tools/bin/../lib/gcc/arm-none-eabi/9.3.1/../../../../arm-none-eabi/lib/thumb/v7e-m+fp/hard\libc_nano.a
LOAD c:/st/stm32cubeide_1.7.0/stm32cubeide/plugins/com.st.stm32cube.ide.mcu.externaltools.gnu-tools-for-stm32.9-2020-q2-update.win32_2.0.0.202105311346/tools/bin/../lib/gcc/arm-none-eabi/9.3.1/../../../../arm-none-eabi/lib/thumb/v7e-m+fp/hard\libnosys.a
END GROUP
START GROUP
LOAD c:/st/stm32cubeide_1.7.0/stm32cubeide/plugins/com.st.stm32cube.ide.mcu.externaltools.gnu-tools-for-stm32.9-2020-q2-update.win32_2.0.0.202105311346/tools/bin/../lib/gcc/arm-none-eabi/9.3.1/thumb/v7e-m+fp/hard\libgcc.a
LOAD c:/st/stm32cubeide_1.7.0/stm32cubeide/plugins/com.st.stm32cube.ide.mcu.externaltools.gnu-tools-for-stm32.9-2020-q2-update.win32_2.0.0.202105311346/tools/bin/../lib/gcc/arm-none-eabi/9.3.1/../../../../arm-none-eabi/lib/thumb/v7e-m+fp/hard\libc_nano.a
LOAD c:/st/stm32cubeide_1.7.0/stm32cubeide/plugins/com.st.stm32cube.ide.mcu.externaltools.gnu-tools-for-stm32.9-2020-q2-update.win32_2.0.0.202105311346/tools/bin/../lib/gcc/arm-none-eabi/9.3.1/../../../../arm-none-eabi/lib/thumb/v7e-m+fp/hard\libnosys.a
END GROUP
LOAD c:/st/stm32cubeide_1.7.0/stm32cubeide/plugins/com.st.stm32cube.ide.mcu.externaltools.gnu-tools-for-stm32.9-2020-q2-update.win32_2.0.0.202105311346/tools/bin/../lib/gcc/arm-none-eabi/9.3.1/thumb/v7e-m+fp/hard/crtend.o
LOAD c:/st/stm32cubeide_1.7.0/stm32cubeide/plugins/com.st.stm32cube.ide.mcu.externaltools.gnu-tools-for-stm32.9-2020-q2-update.win32_2.0.0.202105311346/tools/bin/../lib/gcc/arm-none-eabi/9.3.1/thumb/v7e-m+fp/hard/crtn.o
                0x000000002000a000                _estack = 0x2000a000
                0x0000000000000200                _Min_Heap_Size = 0x200
                0x0000000000000400                _Min_Stack_Size = 0x400

.isr_vector     0x0000000008000000      0x188
                0x0000000008000000                . = ALIGN (0x4)
 *(.isr_vector)
 .isr_vector    0x0000000008000000      0x188 ./Startup/startup_stm32f303vctx.o
                0x0000000008000000                g_pfnVectors
                0x0000000008000188                . = ALIGN (0x4)

.text           0x0000000008000188     0x293c
                0x0000000008000188                . = ALIGN (0x4)
 *(.text)
 .text          0x0000000008000188       0x40 c:/st/stm32cubeide_1.7.0/stm32cubeide/plugins/com.st.stm32cube.ide.mcu.externaltools.gnu-tools-for-stm32.9-2020-q2-update.win32_2.0.0.202105311346/tools/bin/../lib/gcc/arm-none-eabi/9.3.1/thumb/v7e-m+fp/hard/crtbegin.o
 *(.text*)
 .text.HAL_InitTick
                0x00000000080001c8       0x44 ./Drivers/STM32F3xx_HAL_Driver/Src/stm32f3xx_hal.o
                0x00000000080001c8                HAL_InitTick
 .text.HAL_Init
                0x000000000800020c       0x24 ./Drivers/STM32F3xx_HAL_Driver/Src/stm32f3xx_hal.o
                0x000000000800020c                HAL_Init
 .text.HAL_IncTick
                0x0000000008000230       0x18 ./Drivers/STM32F3xx_HAL_Driver/Src/stm32f3xx_hal.o
                0x0000000008000230                HAL_IncTick
 .text.HAL_GetTick
                0x0000000008000248        0xc ./Drivers/STM32F3xx_HAL_Driver/Src/stm32f3xx_hal.o
                0x0000000008000248                HAL_GetTick
 .text.HAL_NVIC_SetPriorityGrouping
                0x0000000008000254       0x28 ./Drivers/STM32F3xx_HAL_Driver/Src/stm32f3xx_hal_cortex.o
                0x0000000008000254                HAL_NVIC_SetPriorityGrouping
 .text.HAL_NVIC_SetPriority
                0x000000000800027c       0x70 ./Drivers/STM32F3xx_HAL_Driver/Src/stm32f3xx_hal_cortex.o
                0x000000000800027c                HAL_NVIC_SetPriority
 .text.HAL_NVIC_EnableIRQ
                0x00000000080002ec       0x1c ./Drivers/STM32F3xx_HAL_Driver/Src/stm32f3xx_hal_cortex.o
                0x00000000080002ec                HAL_NVIC_EnableIRQ
 .text.HAL_SYSTICK_Config
                0x0000000008000308       0x34 ./Drivers/STM32F3xx_HAL_Driver/Src/stm32f3xx_hal_cortex.o
                0x0000000008000308                HAL_SYSTICK_Config
 .text.HAL_DMA_Init
                0x000000000800033c       0x88 ./Drivers/STM32F3xx_HAL_Driver/Src/stm32f3xx_hal_dma.o
                0x000000000800033c                HAL_DMA_Init
 .text.HAL_DMA_Start_IT
                0x00000000080003c4       0x84 ./Drivers/STM32F3xx_HAL_Driver/Src/stm32f3xx_hal_dma.o
                0x00000000080003c4                HAL_DMA_Start_IT
 .text.HAL_DMA_Abort_IT
                0x0000000008000448       0x44 ./Drivers/STM32F3xx_HAL_Driver/Src/stm32f3xx_hal_dma.o
                0x0000000008000448                HAL_DMA_Abort_IT
 .text.HAL_DMA_IRQHandler
                0x000000000800048c       0x94 ./Drivers/STM32F3xx_HAL_Driver/Src/stm32f3xx_hal_dma.o
                0x000000000800048c                HAL_DMA_IRQHandler
 .text.HAL_GPIO_Init
                0x0000000008000520      0x1ec ./Drivers/STM32F3xx_HAL_Driver/Src/stm32f3xx_hal_gpio.o
                0x0000000008000520                HAL_GPIO_Init
 .text.HAL_GPIO_WritePin
                0x000000000800070c        0xc ./Drivers/STM32F3xx_HAL_Driver/Src/stm32f3xx_hal_gpio.o
                0x000000000800070c                HAL_GPIO_WritePin
 .text.HAL_GPIO_EXTI_IRQHandler
                0x0000000008000718       0x18 ./Drivers/STM32F3xx_HAL_Driver/Src/stm32f3xx_hal_gpio.o
                0x0000000008000718                HAL_GPIO_EXTI_IRQHandler
 .text.HAL_RCC_OscConfig
                0x0000000008000730      0x5d8 ./Drivers/STM32F3xx_HAL_Driver/Src/stm32f3xx_hal_rcc.o
                0x0000000008000730                HAL_RCC_OscConfig
 .text.HAL_RCC_ClockConfig
                0x0000000008000d08      0x1e4 ./Drivers/STM32F3xx_HAL_Driver/Src/stm32f3xx_hal_rcc.o
                0x0000000008000d08                HAL_RCC_ClockConfig
 .text.SPI_WaitFifoStateUntilTimeout.constprop.1
                0x0000000008000eec       0xec ./Drivers/STM32F3xx_HAL_Driver/Src/stm32f3xx_hal_spi.o
 .text.SPI_WaitFlagStateUntilTimeout.constprop.0
                0x0000000008000fd8       0xb4 ./Drivers/STM32F3xx_HAL_Driver/Src/stm32f3xx_hal_spi.o
 .text.SPI_EndRxTxTransaction.constprop.0
                0x000000000800108c       0xec ./Drivers/STM32F3xx_HAL_Driver/Src/stm32f3xx_hal_spi.o
 .text.HAL_SPI_Init
                0x0000000008001178      0x10c ./Drivers/STM32F3xx_HAL_Driver/Src/stm32f3xx_hal_spi.o
                0x0000000008001178                HAL_SPI_Init
 .text.HAL_SPI_Transmit_DMA
                0x0000000008001284      0x114 ./Drivers/STM32F3xx_HAL_Driver/Src/stm32f3xx_hal_spi.o
                0x0000000008001284                HAL_SPI_Transmit_DMA
 .text.HAL_SPI_TransmitReceive_DMA
                0x0000000008001398      0x174 ./Drivers/STM32F3xx_HAL_Driver/Src/stm32f3xx_hal_spi.o
                0x0000000008001398                HAL_SPI_TransmitReceive_DMA
 .text.HAL_SPI_Receive_DMA
                0x000000000800150c      0x130 ./Drivers/STM32F3xx_HAL_Driver/Src/stm32f3xx_hal_spi.o
                0x000000000800150c                HAL_SPI_Receive_DMA
 .text.HAL_SPI_TxCpltCallback
                0x000000000800163c        0x4 ./Drivers/STM32F3xx_HAL_Driver/Src/stm32f3xx_hal_spi.o
                0x000000000800163c                HAL_SPI_TxCpltCallback
 .text.HAL_SPI_TxRxCpltCallback
                0x0000000008001640        0x4 ./Drivers/STM32F3xx_HAL_Driver/Src/stm32f3xx_hal_spi.o
                0x0000000008001640                HAL_SPI_TxRxCpltCallback
 .text.HAL_SPI_TxHalfCpltCallback
                0x0000000008001644        0x4 ./Drivers/STM32F3xx_HAL_Driver/Src/stm32f3xx_hal_spi.o
                0x0000000008001644                HAL_SPI_TxHalfCpltCallback
 .text.SPI_DMAHalfTransmitCplt
                0x0000000008001648        0xc ./Drivers/STM32F3xx_HAL_Driver/Src/stm32f3xx_hal_spi.o
 .text.HAL_SPI_RxHalfCpltCallback
                0x0000000008001654        0x4 ./Drivers/STM32F3xx_HAL_Driver/Src/stm32f3xx_hal_spi.o
                0x0000000008001654                HAL_SPI_RxHalfCpltCallback
 .text.SPI_DMAHalfReceiveCplt
                0x0000000008001658        0xc ./Drivers/STM32F3xx_HAL_Driver/Src/stm32f3xx_hal_spi.o
 .text.HAL_SPI_TxRxHalfCpltCallback
                0x0000000008001664        0x4 ./Drivers/STM32F3xx_HAL_Driver/Src/stm32f3xx_hal_spi.o
                0x0000000008001664                HAL_SPI_TxRxHalfCpltCallback
 .text.SPI_DMAHalfTransmitReceiveCplt
                0x0000000008001668        0xc ./Drivers/STM32F3xx_HAL_Driver/Src/stm32f3xx_hal_spi.o
 .text.HAL_SPI_ErrorCallback
                0x0000000008001674        0x4 ./Drivers/STM32F3xx_HAL_Driver/Src/stm32f3xx_hal_spi.o
                0x0000000008001674                HAL_SPI_ErrorCallback
 .text.SPI_DMAError
                0x0000000008001678       0x24 ./Drivers/STM32F3xx_HAL_Driver/Src/stm32f3xx_hal_spi.o
 .text.SPI_DMATransmitCplt
                0x000000000800169c       0x6c ./Drivers/STM32F3xx_HAL_Driver/Src/stm32f3xx_hal_spi.o
 .text.SPI_DMAReceiveCplt
                0x0000000008001708       0xcc ./Drivers/STM32F3xx_HAL_Driver/Src/stm32f3xx_hal_spi.o
 .text.SPI_DMATransmitReceiveCplt
                0x00000000080017d4       0x5c ./Drivers/STM32F3xx_HAL_Driver/Src/stm32f3xx_hal_spi.o
 .text.HAL_SPI_IRQHandler
                0x0000000008001830      0x138 ./Drivers/STM32F3xx_HAL_Driver/Src/stm32f3xx_hal_spi.o
                0x0000000008001830                HAL_SPI_IRQHandler
 .text.SPI_DMAAbortOnError
                0x0000000008001968       0x14 ./Drivers/STM32F3xx_HAL_Driver/Src/stm32f3xx_hal_spi.o
 .text.HAL_TIM_Base_Init
                0x000000000800197c      0x108 ./Drivers/STM32F3xx_HAL_Driver/Src/stm32f3xx_hal_tim.o
                0x000000000800197c                HAL_TIM_Base_Init
 .text.HAL_TIM_Base_Start
                0x0000000008001a84       0x68 ./Drivers/STM32F3xx_HAL_Driver/Src/stm32f3xx_hal_tim.o
                0x0000000008001a84                HAL_TIM_Base_Start
 .text.VFDsetup
                0x0000000008001aec       0x34 ./Src/MN15439A.o
                0x0000000008001aec                VFDsetup
 .text.VFDLoadBMP
                0x0000000008001b20      0x6cc ./Src/MN15439A.o
                0x0000000008001b20                VFDLoadBMP
 .text.VFDPrint
                0x00000000080021ec      0x17c ./Src/MN15439A.o
                0x00000000080021ec                VFDPrint
 .text.MX_DMA_Init
                0x0000000008002368       0x44 ./Src/dma.o
                0x0000000008002368                MX_DMA_Init
 .text.MX_GPIO_Init
                0x00000000080023ac      0x138 ./Src/gpio.o
                0x00000000080023ac                MX_GPIO_Init
 .text.SystemClock_Config
                0x00000000080024e4       0x5c ./Src/main.o
                0x00000000080024e4                SystemClock_Config
 .text.startup.main
                0x0000000008002540       0x7c ./Src/main.o
                0x0000000008002540                main
 .text.HAL_GPIO_EXTI_Callback
                0x00000000080025bc       0x18 ./Src/main.o
                0x00000000080025bc                HAL_GPIO_EXTI_Callback
 .text.HAL_SPI_RxCpltCallback
                0x00000000080025d4        0xc ./Src/main.o
                0x00000000080025d4                HAL_SPI_RxCpltCallback
 .text.Error_Handler
                0x00000000080025e0        0x4 ./Src/main.o
                0x00000000080025e0                Error_Handler
 .text.MX_SPI1_Init
                0x00000000080025e4       0x48 ./Src/spi.o
                0x00000000080025e4                MX_SPI1_Init
 .text.MX_SPI2_Init
                0x000000000800262c       0x50 ./Src/spi.o
                0x000000000800262c                MX_SPI2_Init
 .text.HAL_SPI_MspInit
                0x000000000800267c      0x140 ./Src/spi.o
                0x000000000800267c                HAL_SPI_MspInit
 .text.HAL_MspInit
                0x00000000080027bc       0x30 ./Src/stm32f3xx_hal_msp.o
                0x00000000080027bc                HAL_MspInit
 .text.NMI_Handler
                0x00000000080027ec        0x4 ./Src/stm32f3xx_it.o
                0x00000000080027ec                NMI_Handler
 .text.HardFault_Handler
                0x00000000080027f0        0x4 ./Src/stm32f3xx_it.o
                0x00000000080027f0                HardFault_Handler
 .text.MemManage_Handler
                0x00000000080027f4        0x4 ./Src/stm32f3xx_it.o
                0x00000000080027f4                MemManage_Handler
 .text.BusFault_Handler
                0x00000000080027f8        0x4 ./Src/stm32f3xx_it.o
                0x00000000080027f8                BusFault_Handler
 .text.UsageFault_Handler
                0x00000000080027fc        0x4 ./Src/stm32f3xx_it.o
                0x00000000080027fc                UsageFault_Handler
 .text.SVC_Handler
                0x0000000008002800        0x4 ./Src/stm32f3xx_it.o
                0x0000000008002800                SVC_Handler
 .text.DebugMon_Handler
                0x0000000008002804        0x4 ./Src/stm32f3xx_it.o
                0x0000000008002804                DebugMon_Handler
 .text.PendSV_Handler
                0x0000000008002808        0x4 ./Src/stm32f3xx_it.o
                0x0000000008002808                PendSV_Handler
 .text.SysTick_Handler
                0x000000000800280c        0x4 ./Src/stm32f3xx_it.o
                0x000000000800280c                SysTick_Handler
 .text.EXTI4_IRQHandler
                0x0000000008002810        0x8 ./Src/stm32f3xx_it.o
                0x0000000008002810                EXTI4_IRQHandler
 .text.DMA1_Channel2_IRQHandler
                0x0000000008002818        0xc ./Src/stm32f3xx_it.o
                0x0000000008002818                DMA1_Channel2_IRQHandler
 .text.DMA1_Channel5_IRQHandler
                0x0000000008002824        0xc ./Src/stm32f3xx_it.o
                0x0000000008002824                DMA1_Channel5_IRQHandler
 .text.SPI1_IRQHandler
                0x0000000008002830        0xc ./Src/stm32f3xx_it.o
                0x0000000008002830                SPI1_IRQHandler
 .text._sbrk    0x000000000800283c       0x3c ./Src/syscalls.o
                0x000000000800283c                _sbrk
 .text.SystemInit
                0x0000000008002878       0x1c ./Src/system_stm32f3xx.o
                0x0000000008002878                SystemInit
 .text.MX_TIM17_Init
                0x0000000008002894       0x34 ./Src/tim.o
                0x0000000008002894                MX_TIM17_Init
 .text.HAL_TIM_Base_MspInit
                0x00000000080028c8       0x2c ./Src/tim.o
                0x00000000080028c8                HAL_TIM_Base_MspInit
 .text.Reset_Handler
                0x00000000080028f4       0x50 ./Startup/startup_stm32f303vctx.o
                0x00000000080028f4                Reset_Handler
 .text.Default_Handler
                0x0000000008002944        0x2 ./Startup/startup_stm32f303vctx.o
                0x0000000008002944                RTC_Alarm_IRQHandler
                0x0000000008002944                TIM8_TRG_COM_IRQHandler
                0x0000000008002944                TIM8_CC_IRQHandler
                0x0000000008002944                TIM1_CC_IRQHandler
                0x0000000008002944                USB_HP_IRQHandler
                0x0000000008002944                PVD_IRQHandler
                0x0000000008002944                TAMP_STAMP_IRQHandler
                0x0000000008002944                EXTI3_IRQHandler
                0x0000000008002944                USB_HP_CAN_TX_IRQHandler
                0x0000000008002944                EXTI0_IRQHandler
                0x0000000008002944                I2C2_EV_IRQHandler
                0x0000000008002944                FPU_IRQHandler
                0x0000000008002944                TIM1_UP_TIM16_IRQHandler
                0x0000000008002944                ADC1_2_IRQHandler
                0x0000000008002944                CAN_SCE_IRQHandler
                0x0000000008002944                TIM6_DAC_IRQHandler
                0x0000000008002944                TIM8_UP_IRQHandler
                0x0000000008002944                DMA2_Channel2_IRQHandler
                0x0000000008002944                DMA1_Channel4_IRQHandler
                0x0000000008002944                USART3_IRQHandler
                0x0000000008002944                DMA1_Channel7_IRQHandler
                0x0000000008002944                UART5_IRQHandler
                0x0000000008002944                ADC3_IRQHandler
                0x0000000008002944                TIM4_IRQHandler
                0x0000000008002944                CAN_RX1_IRQHandler
                0x0000000008002944                DMA2_Channel1_IRQHandler
                0x0000000008002944                I2C1_EV_IRQHandler
                0x0000000008002944                DMA1_Channel6_IRQHandler
                0x0000000008002944                UART4_IRQHandler
                0x0000000008002944                DMA2_Channel4_IRQHandler
                0x0000000008002944                TIM3_IRQHandler
                0x0000000008002944                RCC_IRQHandler
                0x0000000008002944                DMA1_Channel1_IRQHandler
                0x0000000008002944                Default_Handler
                0x0000000008002944                USBWakeUp_RMP_IRQHandler
                0x0000000008002944                EXTI15_10_IRQHandler
                0x0000000008002944                TIM7_IRQHandler
                0x0000000008002944                EXTI9_5_IRQHandler
                0x0000000008002944                RTC_WKUP_IRQHandler
                0x0000000008002944                SPI2_IRQHandler
                0x0000000008002944                USB_LP_CAN_RX0_IRQHandler
                0x0000000008002944                DMA2_Channel5_IRQHandler
                0x0000000008002944                USB_LP_IRQHandler
                0x0000000008002944                TIM1_TRG_COM_TIM17_IRQHandler
                0x0000000008002944                DMA1_Channel3_IRQHandler
                0x0000000008002944                ADC4_IRQHandler
                0x0000000008002944                WWDG_IRQHandler
                0x0000000008002944                TIM2_IRQHandler
                0x0000000008002944                COMP7_IRQHandler
                0x0000000008002944                COMP1_2_3_IRQHandler
                0x0000000008002944                EXTI1_IRQHandler
                0x0000000008002944                USART2_IRQHandler
                0x0000000008002944                COMP4_5_6_IRQHandler
                0x0000000008002944                I2C2_ER_IRQHandler
                0x0000000008002944                TIM8_BRK_IRQHandler
                0x0000000008002944                FLASH_IRQHandler
                0x0000000008002944                USART1_IRQHandler
                0x0000000008002944                SPI3_IRQHandler
                0x0000000008002944                I2C1_ER_IRQHandler
                0x0000000008002944                USBWakeUp_IRQHandler
                0x0000000008002944                DMA2_Channel3_IRQHandler
                0x0000000008002944                EXTI2_TSC_IRQHandler
                0x0000000008002944                TIM1_BRK_TIM15_IRQHandler
 *fill*         0x0000000008002946        0x2 
 .text.__errno  0x0000000008002948        0xc c:/st/stm32cubeide_1.7.0/stm32cubeide/plugins/com.st.stm32cube.ide.mcu.externaltools.gnu-tools-for-stm32.9-2020-q2-update.win32_2.0.0.202105311346/tools/bin/../lib/gcc/arm-none-eabi/9.3.1/../../../../arm-none-eabi/lib/thumb/v7e-m+fp/hard\libc_nano.a(lib_a-errno.o)
                0x0000000008002948                __errno
 .text.__libc_init_array
                0x0000000008002954       0x48 c:/st/stm32cubeide_1.7.0/stm32cubeide/plugins/com.st.stm32cube.ide.mcu.externaltools.gnu-tools-for-stm32.9-2020-q2-update.win32_2.0.0.202105311346/tools/bin/../lib/gcc/arm-none-eabi/9.3.1/../../../../arm-none-eabi/lib/thumb/v7e-m+fp/hard\libc_nano.a(lib_a-init.o)
                0x0000000008002954                __libc_init_array
 .text.malloc   0x000000000800299c       0x10 c:/st/stm32cubeide_1.7.0/stm32cubeide/plugins/com.st.stm32cube.ide.mcu.externaltools.gnu-tools-for-stm32.9-2020-q2-update.win32_2.0.0.202105311346/tools/bin/../lib/gcc/arm-none-eabi/9.3.1/../../../../arm-none-eabi/lib/thumb/v7e-m+fp/hard\libc_nano.a(lib_a-malloc.o)
                0x000000000800299c                malloc
 .text.memset   0x00000000080029ac       0x10 c:/st/stm32cubeide_1.7.0/stm32cubeide/plugins/com.st.stm32cube.ide.mcu.externaltools.gnu-tools-for-stm32.9-2020-q2-update.win32_2.0.0.202105311346/tools/bin/../lib/gcc/arm-none-eabi/9.3.1/../../../../arm-none-eabi/lib/thumb/v7e-m+fp/hard\libc_nano.a(lib_a-memset.o)
                0x00000000080029ac                memset
 .text._malloc_r
                0x00000000080029bc       0xb4 c:/st/stm32cubeide_1.7.0/stm32cubeide/plugins/com.st.stm32cube.ide.mcu.externaltools.gnu-tools-for-stm32.9-2020-q2-update.win32_2.0.0.202105311346/tools/bin/../lib/gcc/arm-none-eabi/9.3.1/../../../../arm-none-eabi/lib/thumb/v7e-m+fp/hard\libc_nano.a(lib_a-nano-mallocr.o)
                0x00000000080029bc                _malloc_r
 .text._sbrk_r  0x0000000008002a70       0x20 c:/st/stm32cubeide_1.7.0/stm32cubeide/plugins/com.st.stm32cube.ide.mcu.externaltools.gnu-tools-for-stm32.9-2020-q2-update.win32_2.0.0.202105311346/tools/bin/../lib/gcc/arm-none-eabi/9.3.1/../../../../arm-none-eabi/lib/thumb/v7e-m+fp/hard\libc_nano.a(lib_a-sbrkr.o)
                0x0000000008002a70                _sbrk_r
 .text.__malloc_lock
                0x0000000008002a90        0xc c:/st/stm32cubeide_1.7.0/stm32cubeide/plugins/com.st.stm32cube.ide.mcu.externaltools.gnu-tools-for-stm32.9-2020-q2-update.win32_2.0.0.202105311346/tools/bin/../lib/gcc/arm-none-eabi/9.3.1/../../../../arm-none-eabi/lib/thumb/v7e-m+fp/hard\libc_nano.a(lib_a-mlock.o)
                0x0000000008002a90                __malloc_lock
 .text.__malloc_unlock
                0x0000000008002a9c        0xc c:/st/stm32cubeide_1.7.0/stm32cubeide/plugins/com.st.stm32cube.ide.mcu.externaltools.gnu-tools-for-stm32.9-2020-q2-update.win32_2.0.0.202105311346/tools/bin/../lib/gcc/arm-none-eabi/9.3.1/../../../../arm-none-eabi/lib/thumb/v7e-m+fp/hard\libc_nano.a(lib_a-mlock.o)
                0x0000000008002a9c                __malloc_unlock
 .text.__retarget_lock_acquire_recursive
                0x0000000008002aa8        0x2 c:/st/stm32cubeide_1.7.0/stm32cubeide/plugins/com.st.stm32cube.ide.mcu.externaltools.gnu-tools-for-stm32.9-2020-q2-update.win32_2.0.0.202105311346/tools/bin/../lib/gcc/arm-none-eabi/9.3.1/../../../../arm-none-eabi/lib/thumb/v7e-m+fp/hard\libc_nano.a(lib_a-lock.o)
                0x0000000008002aa8                __retarget_lock_acquire_recursive
 .text.__retarget_lock_release_recursive
                0x0000000008002aaa        0x2 c:/st/stm32cubeide_1.7.0/stm32cubeide/plugins/com.st.stm32cube.ide.mcu.externaltools.gnu-tools-for-stm32.9-2020-q2-update.win32_2.0.0.202105311346/tools/bin/../lib/gcc/arm-none-eabi/9.3.1/../../../../arm-none-eabi/lib/thumb/v7e-m+fp/hard\libc_nano.a(lib_a-lock.o)
                0x0000000008002aaa                __retarget_lock_release_recursive
 *(.glue_7)
 .glue_7        0x0000000008002aac        0x0 linker stubs
 *(.glue_7t)
 .glue_7t       0x0000000008002aac        0x0 linker stubs
 *(.eh_frame)
 .eh_frame      0x0000000008002aac        0x0 c:/st/stm32cubeide_1.7.0/stm32cubeide/plugins/com.st.stm32cube.ide.mcu.externaltools.gnu-tools-for-stm32.9-2020-q2-update.win32_2.0.0.202105311346/tools/bin/../lib/gcc/arm-none-eabi/9.3.1/thumb/v7e-m+fp/hard/crtbegin.o
 *(.init)
 .init          0x0000000008002aac        0x4 c:/st/stm32cubeide_1.7.0/stm32cubeide/plugins/com.st.stm32cube.ide.mcu.externaltools.gnu-tools-for-stm32.9-2020-q2-update.win32_2.0.0.202105311346/tools/bin/../lib/gcc/arm-none-eabi/9.3.1/thumb/v7e-m+fp/hard/crti.o
                0x0000000008002aac                _init
 .init          0x0000000008002ab0        0x8 c:/st/stm32cubeide_1.7.0/stm32cubeide/plugins/com.st.stm32cube.ide.mcu.externaltools.gnu-tools-for-stm32.9-2020-q2-update.win32_2.0.0.202105311346/tools/bin/../lib/gcc/arm-none-eabi/9.3.1/thumb/v7e-m+fp/hard/crtn.o
 *(.fini)
 .fini          0x0000000008002ab8        0x4 c:/st/stm32cubeide_1.7.0/stm32cubeide/plugins/com.st.stm32cube.ide.mcu.externaltools.gnu-tools-for-stm32.9-2020-q2-update.win32_2.0.0.202105311346/tools/bin/../lib/gcc/arm-none-eabi/9.3.1/thumb/v7e-m+fp/hard/crti.o
                0x0000000008002ab8                _fini
 .fini          0x0000000008002abc        0x8 c:/st/stm32cubeide_1.7.0/stm32cubeide/plugins/com.st.stm32cube.ide.mcu.externaltools.gnu-tools-for-stm32.9-2020-q2-update.win32_2.0.0.202105311346/tools/bin/../lib/gcc/arm-none-eabi/9.3.1/thumb/v7e-m+fp/hard/crtn.o
                0x0000000008002ac4                . = ALIGN (0x4)
                0x0000000008002ac4                _etext = .

.vfp11_veneer   0x0000000008002ac4        0x0
 .vfp11_veneer  0x0000000008002ac4        0x0 linker stubs

.v4_bx          0x0000000008002ac4        0x0
 .v4_bx         0x0000000008002ac4        0x0 linker stubs

.iplt           0x0000000008002ac4        0x0
 .iplt          0x0000000008002ac4        0x0 c:/st/stm32cubeide_1.7.0/stm32cubeide/plugins/com.st.stm32cube.ide.mcu.externaltools.gnu-tools-for-stm32.9-2020-q2-update.win32_2.0.0.202105311346/tools/bin/../lib/gcc/arm-none-eabi/9.3.1/thumb/v7e-m+fp/hard/crtbegin.o

.rodata         0x0000000008002ac4      0x3bc
                0x0000000008002ac4                . = ALIGN (0x4)
 *(.rodata)
 .rodata        0x0000000008002ac4       0x20 ./Drivers/STM32F3xx_HAL_Driver/Src/stm32f3xx_hal_rcc.o
                0x0000000008002ac4                aPLLMULFactorTable
                0x0000000008002ad4                aPredivFactorTable
 .rodata        0x0000000008002ae4      0x324 ./Src/MN15439A.o
                0x0000000008002b08                font8x8_basic
 .rodata        0x0000000008002e08       0x18 ./Src/system_stm32f3xx.o
                0x0000000008002e08                AHBPrescTable
                0x0000000008002e18                APBPrescTable
 *(.rodata*)
 .rodata.str1.4
                0x0000000008002e20       0x5f ./Src/main.o
                0x0000000008002e80                . = ALIGN (0x4)
 *fill*         0x0000000008002e7f        0x1 

.rel.dyn        0x0000000008002e80        0x0
 .rel.iplt      0x0000000008002e80        0x0 c:/st/stm32cubeide_1.7.0/stm32cubeide/plugins/com.st.stm32cube.ide.mcu.externaltools.gnu-tools-for-stm32.9-2020-q2-update.win32_2.0.0.202105311346/tools/bin/../lib/gcc/arm-none-eabi/9.3.1/thumb/v7e-m+fp/hard/crtbegin.o

.ARM.extab
 *(.ARM.extab* .gnu.linkonce.armextab.*)

.ARM            0x0000000008002e80        0x0
                0x0000000008002e80                __exidx_start = .
 *(.ARM.exidx*)
                0x0000000008002e80                __exidx_end = .

.preinit_array  0x0000000008002e80        0x0
                0x0000000008002e80                PROVIDE (__preinit_array_start = .)
 *(.preinit_array*)
                0x0000000008002e80                PROVIDE (__preinit_array_end = .)

.init_array     0x0000000008002e80        0x4
                0x0000000008002e80                PROVIDE (__init_array_start = .)
 *(SORT_BY_NAME(.init_array.*))
 *(.init_array*)
 .init_array    0x0000000008002e80        0x4 c:/st/stm32cubeide_1.7.0/stm32cubeide/plugins/com.st.stm32cube.ide.mcu.externaltools.gnu-tools-for-stm32.9-2020-q2-update.win32_2.0.0.202105311346/tools/bin/../lib/gcc/arm-none-eabi/9.3.1/thumb/v7e-m+fp/hard/crtbegin.o
                0x0000000008002e84                PROVIDE (__init_array_end = .)

.fini_array     0x0000000008002e84        0x4
                [!provide]                        PROVIDE (__fini_array_start = .)
 *(SORT_BY_NAME(.fini_array.*))
 *(.fini_array*)
 .fini_array    0x0000000008002e84        0x4 c:/st/stm32cubeide_1.7.0/stm32cubeide/plugins/com.st.stm32cube.ide.mcu.externaltools.gnu-tools-for-stm32.9-2020-q2-update.win32_2.0.0.202105311346/tools/bin/../lib/gcc/arm-none-eabi/9.3.1/thumb/v7e-m+fp/hard/crtbegin.o
                [!provide]                        PROVIDE (__fini_array_end = .)
                0x0000000008002e88                _sidata = LOADADDR (.data)

.data           0x0000000020000000       0x74 load address 0x0000000008002e88
                0x0000000020000000                . = ALIGN (0x4)
                0x0000000020000000                _sdata = .
 *(.data)
 .data          0x0000000020000000        0x8 ./Drivers/STM32F3xx_HAL_Driver/Src/stm32f3xx_hal.o
                0x0000000020000000                uwTickFreq
                0x0000000020000004                uwTickPrio
 .data          0x0000000020000008        0x2 ./Src/MN15439A.o
 .data          0x000000002000000a        0x1 ./Src/main.o
                0x000000002000000a                GridNum
 *fill*         0x000000002000000b        0x1 
 .data          0x000000002000000c        0x4 ./Src/system_stm32f3xx.o
                0x000000002000000c                SystemCoreClock
 *(.data*)
 .data._impure_ptr
                0x0000000020000010        0x4 c:/st/stm32cubeide_1.7.0/stm32cubeide/plugins/com.st.stm32cube.ide.mcu.externaltools.gnu-tools-for-stm32.9-2020-q2-update.win32_2.0.0.202105311346/tools/bin/../lib/gcc/arm-none-eabi/9.3.1/../../../../arm-none-eabi/lib/thumb/v7e-m+fp/hard\libc_nano.a(lib_a-impure.o)
                0x0000000020000010                _impure_ptr
 .data.impure_data
                0x0000000020000014       0x60 c:/st/stm32cubeide_1.7.0/stm32cubeide/plugins/com.st.stm32cube.ide.mcu.externaltools.gnu-tools-for-stm32.9-2020-q2-update.win32_2.0.0.202105311346/tools/bin/../lib/gcc/arm-none-eabi/9.3.1/../../../../arm-none-eabi/lib/thumb/v7e-m+fp/hard\libc_nano.a(lib_a-impure.o)
                0x0000000020000074                . = ALIGN (0x4)
                0x0000000020000074                _edata = .
                0x0000000008002efc                _siccmram = LOADADDR (.ccmram)

.igot.plt       0x0000000020000074        0x0 load address 0x0000000008002efc
 .igot.plt      0x0000000020000074        0x0 c:/st/stm32cubeide_1.7.0/stm32cubeide/plugins/com.st.stm32cube.ide.mcu.externaltools.gnu-tools-for-stm32.9-2020-q2-update.win32_2.0.0.202105311346/tools/bin/../lib/gcc/arm-none-eabi/9.3.1/thumb/v7e-m+fp/hard/crtbegin.o

.ccmram         0x0000000010000000        0x0 load address 0x0000000008002efc
                0x0000000010000000                . = ALIGN (0x4)
                0x0000000010000000                _sccmram = .
 *(.ccmram)
 *(.ccmram*)
                0x0000000010000000                . = ALIGN (0x4)
                0x0000000010000000                _eccmram = .
                0x0000000010000000                . = ALIGN (0x4)

.bss            0x0000000020000078      0x248
                0x0000000020000078                _sbss = .
                0x0000000020000078                __bss_start__ = _sbss
 *(.bss)
 .bss           0x0000000020000078       0x1c c:/st/stm32cubeide_1.7.0/stm32cubeide/plugins/com.st.stm32cube.ide.mcu.externaltools.gnu-tools-for-stm32.9-2020-q2-update.win32_2.0.0.202105311346/tools/bin/../lib/gcc/arm-none-eabi/9.3.1/thumb/v7e-m+fp/hard/crtbegin.o
 *fill*         0x0000000020000094        0x4 
 .bss           0x0000000020000098       0x58 ./Src/MN15439A.o
 .bss           0x00000000200000f0        0x8 ./Src/syscalls.o
                0x00000000200000f4                __env
 *(.bss*)
 .bss.__malloc_free_list
                0x00000000200000f8        0x4 c:/st/stm32cubeide_1.7.0/stm32cubeide/plugins/com.st.stm32cube.ide.mcu.externaltools.gnu-tools-for-stm32.9-2020-q2-update.win32_2.0.0.202105311346/tools/bin/../lib/gcc/arm-none-eabi/9.3.1/../../../../arm-none-eabi/lib/thumb/v7e-m+fp/hard\libc_nano.a(lib_a-nano-mallocr.o)
                0x00000000200000f8                __malloc_free_list
 .bss.__malloc_sbrk_start
                0x00000000200000fc        0x4 c:/st/stm32cubeide_1.7.0/stm32cubeide/plugins/com.st.stm32cube.ide.mcu.externaltools.gnu-tools-for-stm32.9-2020-q2-update.win32_2.0.0.202105311346/tools/bin/../lib/gcc/arm-none-eabi/9.3.1/../../../../arm-none-eabi/lib/thumb/v7e-m+fp/hard\libc_nano.a(lib_a-nano-mallocr.o)
                0x00000000200000fc                __malloc_sbrk_start
 *(COMMON)
 COMMON         0x0000000020000100        0x4 ./Drivers/STM32F3xx_HAL_Driver/Src/stm32f3xx_hal.o
                0x0000000020000100                uwTick
 COMMON         0x0000000020000104       0x10 ./Src/main.o
                0x0000000020000104                VFDDisp
 COMMON         0x0000000020000114      0x150 ./Src/spi.o
                0x0000000020000114                hspi2
                0x0000000020000178                hspi1
                0x00000000200001dc                hdma_spi1_rx
                0x0000000020000220                hdma_spi2_tx
 COMMON         0x0000000020000264       0x4c ./Src/tim.o
                0x0000000020000264                htim17
 COMMON         0x00000000200002b0        0x4 c:/st/stm32cubeide_1.7.0/stm32cubeide/plugins/com.st.stm32cube.ide.mcu.externaltools.gnu-tools-for-stm32.9-2020-q2-update.win32_2.0.0.202105311346/tools/bin/../lib/gcc/arm-none-eabi/9.3.1/../../../../arm-none-eabi/lib/thumb/v7e-m+fp/hard\libc_nano.a(lib_a-reent.o)
                0x00000000200002b0                errno
 COMMON         0x00000000200002b4        0x9 c:/st/stm32cubeide_1.7.0/stm32cubeide/plugins/com.st.stm32cube.ide.mcu.externaltools.gnu-tools-for-stm32.9-2020-q2-update.win32_2.0.0.202105311346/tools/bin/../lib/gcc/arm-none-eabi/9.3.1/../../../../arm-none-eabi/lib/thumb/v7e-m+fp/hard\libc_nano.a(lib_a-lock.o)
                0x00000000200002b4                __lock___atexit_recursive_mutex
                0x00000000200002b5                __lock___arc4random_mutex
                0x00000000200002b6                __lock___env_recursive_mutex
                0x00000000200002b7                __lock___sinit_recursive_mutex
                0x00000000200002b8                __lock___malloc_recursive_mutex
                0x00000000200002b9                __lock___at_quick_exit_mutex
                0x00000000200002ba                __lock___dd_hash_mutex
                0x00000000200002bb                __lock___tz_mutex
                0x00000000200002bc                __lock___sfp_recursive_mutex
                0x00000000200002c0                . = ALIGN (0x4)
 *fill*         0x00000000200002bd        0x3 
                0x00000000200002c0                _ebss = .
                0x00000000200002c0                __bss_end__ = _ebss

._user_heap_stack
                0x00000000200002c0      0x600
                0x00000000200002c0                . = ALIGN (0x8)
                0x00000000200002c0                PROVIDE (end = .)
                [!provide]                        PROVIDE (_end = .)
                0x00000000200004c0                . = (. + _Min_Heap_Size)
 *fill*         0x00000000200002c0      0x200 
                0x00000000200008c0                . = (. + _Min_Stack_Size)
 *fill*         0x00000000200004c0      0x400 
                0x00000000200008c0                . = ALIGN (0x8)

/DISCARD/
 libc.a(*)
 libm.a(*)
 libgcc.a(*)

.ARM.attributes
                0x0000000000000000       0x30
 *(.ARM.attributes)
 .ARM.attributes
                0x0000000000000000       0x1e c:/st/stm32cubeide_1.7.0/stm32cubeide/plugins/com.st.stm32cube.ide.mcu.externaltools.gnu-tools-for-stm32.9-2020-q2-update.win32_2.0.0.202105311346/tools/bin/../lib/gcc/arm-none-eabi/9.3.1/thumb/v7e-m+fp/hard/crti.o
 .ARM.attributes
                0x000000000000001e       0x34 c:/st/stm32cubeide_1.7.0/stm32cubeide/plugins/com.st.stm32cube.ide.mcu.externaltools.gnu-tools-for-stm32.9-2020-q2-update.win32_2.0.0.202105311346/tools/bin/../lib/gcc/arm-none-eabi/9.3.1/thumb/v7e-m+fp/hard/crtbegin.o
 .ARM.attributes
                0x0000000000000052       0x30 ./Drivers/STM32F3xx_HAL_Driver/Src/stm32f3xx_hal.o
 .ARM.attributes
                0x0000000000000082       0x30 ./Drivers/STM32F3xx_HAL_Driver/Src/stm32f3xx_hal_cortex.o
 .ARM.attributes
                0x00000000000000b2       0x30 ./Drivers/STM32F3xx_HAL_Driver/Src/stm32f3xx_hal_dma.o
 .ARM.attributes
                0x00000000000000e2       0x30 ./Drivers/STM32F3xx_HAL_Driver/Src/stm32f3xx_hal_gpio.o
 .ARM.attributes
                0x0000000000000112       0x30 ./Drivers/STM32F3xx_HAL_Driver/Src/stm32f3xx_hal_rcc.o
 .ARM.attributes
                0x0000000000000142       0x30 ./Drivers/STM32F3xx_HAL_Driver/Src/stm32f3xx_hal_spi.o
 .ARM.attributes
                0x0000000000000172       0x30 ./Drivers/STM32F3xx_HAL_Driver/Src/stm32f3xx_hal_tim.o
 .ARM.attributes
                0x00000000000001a2       0x30 ./Src/MN15439A.o
 .ARM.attributes
                0x00000000000001d2       0x30 ./Src/dma.o
 .ARM.attributes
                0x0000000000000202       0x30 ./Src/gpio.o
 .ARM.attributes
                0x0000000000000232       0x30 ./Src/main.o
 .ARM.attributes
                0x0000000000000262       0x30 ./Src/spi.o
 .ARM.attributes
                0x0000000000000292       0x30 ./Src/stm32f3xx_hal_msp.o
 .ARM.attributes
                0x00000000000002c2       0x30 ./Src/stm32f3xx_it.o
 .ARM.attributes
                0x00000000000002f2       0x30 ./Src/syscalls.o
 .ARM.attributes
                0x0000000000000322       0x30 ./Src/system_stm32f3xx.o
 .ARM.attributes
                0x0000000000000352       0x30 ./Src/tim.o
 .ARM.attributes
                0x0000000000000382       0x21 ./Startup/startup_stm32f303vctx.o
 .ARM.attributes
                0x00000000000003a3       0x34 c:/st/stm32cubeide_1.7.0/stm32cubeide/plugins/com.st.stm32cube.ide.mcu.externaltools.gnu-tools-for-stm32.9-2020-q2-update.win32_2.0.0.202105311346/tools/bin/../lib/gcc/arm-none-eabi/9.3.1/../../../../arm-none-eabi/lib/thumb/v7e-m+fp/hard\libc_nano.a(lib_a-errno.o)
 .ARM.attributes
                0x00000000000003d7       0x32 c:/st/stm32cubeide_1.7.0/stm32cubeide/plugins/com.st.stm32cube.ide.mcu.externaltools.gnu-tools-for-stm32.9-2020-q2-update.win32_2.0.0.202105311346/tools/bin/../lib/gcc/arm-none-eabi/9.3.1/../../../../arm-none-eabi/lib/thumb/v7e-m+fp/hard\libc_nano.a(lib_a-impure.o)
 .ARM.attributes
                0x0000000000000409       0x34 c:/st/stm32cubeide_1.7.0/stm32cubeide/plugins/com.st.stm32cube.ide.mcu.externaltools.gnu-tools-for-stm32.9-2020-q2-update.win32_2.0.0.202105311346/tools/bin/../lib/gcc/arm-none-eabi/9.3.1/../../../../arm-none-eabi/lib/thumb/v7e-m+fp/hard\libc_nano.a(lib_a-init.o)
 .ARM.attributes
                0x000000000000043d       0x34 c:/st/stm32cubeide_1.7.0/stm32cubeide/plugins/com.st.stm32cube.ide.mcu.externaltools.gnu-tools-for-stm32.9-2020-q2-update.win32_2.0.0.202105311346/tools/bin/../lib/gcc/arm-none-eabi/9.3.1/../../../../arm-none-eabi/lib/thumb/v7e-m+fp/hard\libc_nano.a(lib_a-malloc.o)
 .ARM.attributes
                0x0000000000000471       0x34 c:/st/stm32cubeide_1.7.0/stm32cubeide/plugins/com.st.stm32cube.ide.mcu.externaltools.gnu-tools-for-stm32.9-2020-q2-update.win32_2.0.0.202105311346/tools/bin/../lib/gcc/arm-none-eabi/9.3.1/../../../../arm-none-eabi/lib/thumb/v7e-m+fp/hard\libc_nano.a(lib_a-memset.o)
 .ARM.attributes
                0x00000000000004a5       0x34 c:/st/stm32cubeide_1.7.0/stm32cubeide/plugins/com.st.stm32cube.ide.mcu.externaltools.gnu-tools-for-stm32.9-2020-q2-update.win32_2.0.0.202105311346/tools/bin/../lib/gcc/arm-none-eabi/9.3.1/../../../../arm-none-eabi/lib/thumb/v7e-m+fp/hard\libc_nano.a(lib_a-nano-mallocr.o)
 .ARM.attributes
                0x00000000000004d9       0x34 c:/st/stm32cubeide_1.7.0/stm32cubeide/plugins/com.st.stm32cube.ide.mcu.externaltools.gnu-tools-for-stm32.9-2020-q2-update.win32_2.0.0.202105311346/tools/bin/../lib/gcc/arm-none-eabi/9.3.1/../../../../arm-none-eabi/lib/thumb/v7e-m+fp/hard\libc_nano.a(lib_a-sbrkr.o)
 .ARM.attributes
                0x000000000000050d       0x34 c:/st/stm32cubeide_1.7.0/stm32cubeide/plugins/com.st.stm32cube.ide.mcu.externaltools.gnu-tools-for-stm32.9-2020-q2-update.win32_2.0.0.202105311346/tools/bin/../lib/gcc/arm-none-eabi/9.3.1/../../../../arm-none-eabi/lib/thumb/v7e-m+fp/hard\libc_nano.a(lib_a-mlock.o)
 .ARM.attributes
                0x0000000000000541       0x34 c:/st/stm32cubeide_1.7.0/stm32cubeide/plugins/com.st.stm32cube.ide.mcu.externaltools.gnu-tools-for-stm32.9-2020-q2-update.win32_2.0.0.202105311346/tools/bin/../lib/gcc/arm-none-eabi/9.3.1/../../../../arm-none-eabi/lib/thumb/v7e-m+fp/hard\libc_nano.a(lib_a-reent.o)
 .ARM.attributes
                0x0000000000000575       0x34 c:/st/stm32cubeide_1.7.0/stm32cubeide/plugins/com.st.stm32cube.ide.mcu.externaltools.gnu-tools-for-stm32.9-2020-q2-update.win32_2.0.0.202105311346/tools/bin/../lib/gcc/arm-none-eabi/9.3.1/../../../../arm-none-eabi/lib/thumb/v7e-m+fp/hard\libc_nano.a(lib_a-lock.o)
 .ARM.attributes
                0x00000000000005a9       0x1e c:/st/stm32cubeide_1.7.0/stm32cubeide/plugins/com.st.stm32cube.ide.mcu.externaltools.gnu-tools-for-stm32.9-2020-q2-update.win32_2.0.0.202105311346/tools/bin/../lib/gcc/arm-none-eabi/9.3.1/thumb/v7e-m+fp/hard/crtn.o
OUTPUT(VFDHack32.elf elf32-littlearm)
LOAD linker stubs
LOAD c:/st/stm32cubeide_1.7.0/stm32cubeide/plugins/com.st.stm32cube.ide.mcu.externaltools.gnu-tools-for-stm32.9-2020-q2-update.win32_2.0.0.202105311346/tools/bin/../lib/gcc/arm-none-eabi/9.3.1/../../../../arm-none-eabi/lib/thumb/v7e-m+fp/hard\libc.a
LOAD c:/st/stm32cubeide_1.7.0/stm32cubeide/plugins/com.st.stm32cube.ide.mcu.externaltools.gnu-tools-for-stm32.9-2020-q2-update.win32_2.0.0.202105311346/tools/bin/../lib/gcc/arm-none-eabi/9.3.1/../../../../arm-none-eabi/lib/thumb/v7e-m+fp/hard\libm.a
LOAD c:/st/stm32cubeide_1.7.0/stm32cubeide/plugins/com.st.stm32cube.ide.mcu.externaltools.gnu-tools-for-stm32.9-2020-q2-update.win32_2.0.0.202105311346/tools/bin/../lib/gcc/arm-none-eabi/9.3.1/thumb/v7e-m+fp/hard\libgcc.a

.debug_info     0x0000000000000000    0x1388f
 .debug_info    0x0000000000000000      0x93c ./Drivers/STM32F3xx_HAL_Driver/Src/stm32f3xx_hal.o
 .debug_info    0x000000000000093c     0x10af ./Drivers/STM32F3xx_HAL_Driver/Src/stm32f3xx_hal_cortex.o
 .debug_info    0x00000000000019eb      0x9a2 ./Drivers/STM32F3xx_HAL_Driver/Src/stm32f3xx_hal_dma.o
 .debug_info    0x000000000000238d      0x7af ./Drivers/STM32F3xx_HAL_Driver/Src/stm32f3xx_hal_gpio.o
 .debug_info    0x0000000000002b3c     0x17c5 ./Drivers/STM32F3xx_HAL_Driver/Src/stm32f3xx_hal_rcc.o
 .debug_info    0x0000000000004301     0x2cc4 ./Drivers/STM32F3xx_HAL_Driver/Src/stm32f3xx_hal_spi.o
 .debug_info    0x0000000000006fc5     0x50b8 ./Drivers/STM32F3xx_HAL_Driver/Src/stm32f3xx_hal_tim.o
 .debug_info    0x000000000000c07d     0x1d0b ./Src/MN15439A.o
 .debug_info    0x000000000000dd88      0x4c7 ./Src/dma.o
 .debug_info    0x000000000000e24f      0x73b ./Src/gpio.o
 .debug_info    0x000000000000e98a     0x17e2 ./Src/main.o
 .debug_info    0x000000000001016c      0xd63 ./Src/spi.o
 .debug_info    0x0000000000010ecf      0x295 ./Src/stm32f3xx_hal_msp.o
 .debug_info    0x0000000000011164      0x802 ./Src/stm32f3xx_it.o
 .debug_info    0x0000000000011966     0x1154 ./Src/syscalls.o
 .debug_info    0x0000000000012aba      0x4ae ./Src/system_stm32f3xx.o
 .debug_info    0x0000000000012f68      0x905 ./Src/tim.o
 .debug_info    0x000000000001386d       0x22 ./Startup/startup_stm32f303vctx.o

.debug_abbrev   0x0000000000000000     0x2bb3
 .debug_abbrev  0x0000000000000000      0x27e ./Drivers/STM32F3xx_HAL_Driver/Src/stm32f3xx_hal.o
 .debug_abbrev  0x000000000000027e      0x389 ./Drivers/STM32F3xx_HAL_Driver/Src/stm32f3xx_hal_cortex.o
 .debug_abbrev  0x0000000000000607      0x283 ./Drivers/STM32F3xx_HAL_Driver/Src/stm32f3xx_hal_dma.o
 .debug_abbrev  0x000000000000088a      0x214 ./Drivers/STM32F3xx_HAL_Driver/Src/stm32f3xx_hal_gpio.o
 .debug_abbrev  0x0000000000000a9e      0x360 ./Drivers/STM32F3xx_HAL_Driver/Src/stm32f3xx_hal_rcc.o
 .debug_abbrev  0x0000000000000dfe      0x37a ./Drivers/STM32F3xx_HAL_Driver/Src/stm32f3xx_hal_spi.o
 .debug_abbrev  0x0000000000001178      0x3c9 ./Drivers/STM32F3xx_HAL_Driver/Src/stm32f3xx_hal_tim.o
 .debug_abbrev  0x0000000000001541      0x50a ./Src/MN15439A.o
 .debug_abbrev  0x0000000000001a4b      0x157 ./Src/dma.o
 .debug_abbrev  0x0000000000001ba2      0x190 ./Src/gpio.o
 .debug_abbrev  0x0000000000001d32      0x2e0 ./Src/main.o
 .debug_abbrev  0x0000000000002012      0x21d ./Src/spi.o
 .debug_abbrev  0x000000000000222f      0x11b ./Src/stm32f3xx_hal_msp.o
 .debug_abbrev  0x000000000000234a      0x1f4 ./Src/stm32f3xx_it.o
 .debug_abbrev  0x000000000000253e      0x335 ./Src/syscalls.o
 .debug_abbrev  0x0000000000002873      0x14b ./Src/system_stm32f3xx.o
 .debug_abbrev  0x00000000000029be      0x1e3 ./Src/tim.o
 .debug_abbrev  0x0000000000002ba1       0x12 ./Startup/startup_stm32f303vctx.o

.debug_loc      0x0000000000000000     0xe417
 .debug_loc     0x0000000000000000      0x157 ./Drivers/STM32F3xx_HAL_Driver/Src/stm32f3xx_hal.o
 .debug_loc     0x0000000000000157      0x7a7 ./Drivers/STM32F3xx_HAL_Driver/Src/stm32f3xx_hal_cortex.o
 .debug_loc     0x00000000000008fe      0x898 ./Drivers/STM32F3xx_HAL_Driver/Src/stm32f3xx_hal_dma.o
 .debug_loc     0x0000000000001196      0x3b4 ./Drivers/STM32F3xx_HAL_Driver/Src/stm32f3xx_hal_gpio.o
 .debug_loc     0x000000000000154a      0xf36 ./Drivers/STM32F3xx_HAL_Driver/Src/stm32f3xx_hal_rcc.o
 .debug_loc     0x0000000000002480     0x333c ./Drivers/STM32F3xx_HAL_Driver/Src/stm32f3xx_hal_spi.o
 .debug_loc     0x00000000000057bc     0x788d ./Drivers/STM32F3xx_HAL_Driver/Src/stm32f3xx_hal_tim.o
 .debug_loc     0x000000000000d049      0xdb2 ./Src/MN15439A.o
 .debug_loc     0x000000000000ddfb       0x25 ./Src/main.o
 .debug_loc     0x000000000000de20       0x98 ./Src/spi.o
 .debug_loc     0x000000000000deb8      0x434 ./Src/syscalls.o
 .debug_loc     0x000000000000e2ec      0x12b ./Src/system_stm32f3xx.o

.debug_aranges  0x0000000000000000      0x9b0
 .debug_aranges
                0x0000000000000000       0xd8 ./Drivers/STM32F3xx_HAL_Driver/Src/stm32f3xx_hal.o
 .debug_aranges
                0x00000000000000d8       0xa8 ./Drivers/STM32F3xx_HAL_Driver/Src/stm32f3xx_hal_cortex.o
 .debug_aranges
                0x0000000000000180       0x78 ./Drivers/STM32F3xx_HAL_Driver/Src/stm32f3xx_hal_dma.o
 .debug_aranges
                0x00000000000001f8       0x58 ./Drivers/STM32F3xx_HAL_Driver/Src/stm32f3xx_hal_gpio.o
 .debug_aranges
                0x0000000000000250       0x88 ./Drivers/STM32F3xx_HAL_Driver/Src/stm32f3xx_hal_rcc.o
 .debug_aranges
                0x00000000000002d8      0x180 ./Drivers/STM32F3xx_HAL_Driver/Src/stm32f3xx_hal_spi.o
 .debug_aranges
                0x0000000000000458      0x288 ./Drivers/STM32F3xx_HAL_Driver/Src/stm32f3xx_hal_tim.o
 .debug_aranges
                0x00000000000006e0       0x60 ./Src/MN15439A.o
 .debug_aranges
                0x0000000000000740       0x20 ./Src/dma.o
 .debug_aranges
                0x0000000000000760       0x20 ./Src/gpio.o
 .debug_aranges
                0x0000000000000780       0x40 ./Src/main.o
 .debug_aranges
                0x00000000000007c0       0x38 ./Src/spi.o
 .debug_aranges
                0x00000000000007f8       0x20 ./Src/stm32f3xx_hal_msp.o
 .debug_aranges
                0x0000000000000818       0x68 ./Src/stm32f3xx_it.o
 .debug_aranges
                0x0000000000000880       0xb0 ./Src/syscalls.o
 .debug_aranges
                0x0000000000000930       0x28 ./Src/system_stm32f3xx.o
 .debug_aranges
                0x0000000000000958       0x30 ./Src/tim.o
 .debug_aranges
                0x0000000000000988       0x28 ./Startup/startup_stm32f303vctx.o

.debug_ranges   0x0000000000000000     0x1cf8
 .debug_ranges  0x0000000000000000       0xc8 ./Drivers/STM32F3xx_HAL_Driver/Src/stm32f3xx_hal.o
 .debug_ranges  0x00000000000000c8      0x1c0 ./Drivers/STM32F3xx_HAL_Driver/Src/stm32f3xx_hal_cortex.o
 .debug_ranges  0x0000000000000288      0x110 ./Drivers/STM32F3xx_HAL_Driver/Src/stm32f3xx_hal_dma.o
 .debug_ranges  0x0000000000000398       0x60 ./Drivers/STM32F3xx_HAL_Driver/Src/stm32f3xx_hal_gpio.o
 .debug_ranges  0x00000000000003f8      0x408 ./Drivers/STM32F3xx_HAL_Driver/Src/stm32f3xx_hal_rcc.o
 .debug_ranges  0x0000000000000800      0x668 ./Drivers/STM32F3xx_HAL_Driver/Src/stm32f3xx_hal_spi.o
 .debug_ranges  0x0000000000000e68      0x910 ./Drivers/STM32F3xx_HAL_Driver/Src/stm32f3xx_hal_tim.o
 .debug_ranges  0x0000000000001778      0x298 ./Src/MN15439A.o
 .debug_ranges  0x0000000000001a10       0x40 ./Src/dma.o
 .debug_ranges  0x0000000000001a50       0x48 ./Src/gpio.o
 .debug_ranges  0x0000000000001a98       0x30 ./Src/main.o
 .debug_ranges  0x0000000000001ac8       0x88 ./Src/spi.o
 .debug_ranges  0x0000000000001b50       0x28 ./Src/stm32f3xx_hal_msp.o
 .debug_ranges  0x0000000000001b78       0x58 ./Src/stm32f3xx_it.o
 .debug_ranges  0x0000000000001bd0       0xb8 ./Src/syscalls.o
 .debug_ranges  0x0000000000001c88       0x18 ./Src/system_stm32f3xx.o
 .debug_ranges  0x0000000000001ca0       0x38 ./Src/tim.o
 .debug_ranges  0x0000000000001cd8       0x20 ./Startup/startup_stm32f303vctx.o

.debug_macro    0x0000000000000000    0x1f136
 .debug_macro   0x0000000000000000      0x1fc ./Drivers/STM32F3xx_HAL_Driver/Src/stm32f3xx_hal.o
 .debug_macro   0x00000000000001fc      0xaae ./Drivers/STM32F3xx_HAL_Driver/Src/stm32f3xx_hal.o
 .debug_macro   0x0000000000000caa      0x157 ./Drivers/STM32F3xx_HAL_Driver/Src/stm32f3xx_hal.o
 .debug_macro   0x0000000000000e01       0x2e ./Drivers/STM32F3xx_HAL_Driver/Src/stm32f3xx_hal.o
 .debug_macro   0x0000000000000e2f       0x28 ./Drivers/STM32F3xx_HAL_Driver/Src/stm32f3xx_hal.o
 .debug_macro   0x0000000000000e57       0x22 ./Drivers/STM32F3xx_HAL_Driver/Src/stm32f3xx_hal.o
 .debug_macro   0x0000000000000e79       0x8e ./Drivers/STM32F3xx_HAL_Driver/Src/stm32f3xx_hal.o
 .debug_macro   0x0000000000000f07       0x51 ./Drivers/STM32F3xx_HAL_Driver/Src/stm32f3xx_hal.o
 .debug_macro   0x0000000000000f58      0x103 ./Drivers/STM32F3xx_HAL_Driver/Src/stm32f3xx_hal.o
 .debug_macro   0x000000000000105b       0x6a ./Drivers/STM32F3xx_HAL_Driver/Src/stm32f3xx_hal.o
 .debug_macro   0x00000000000010c5      0x1df ./Drivers/STM32F3xx_HAL_Driver/Src/stm32f3xx_hal.o
 .debug_macro   0x00000000000012a4       0x1c ./Drivers/STM32F3xx_HAL_Driver/Src/stm32f3xx_hal.o
 .debug_macro   0x00000000000012c0       0x22 ./Drivers/STM32F3xx_HAL_Driver/Src/stm32f3xx_hal.o
 .debug_macro   0x00000000000012e2       0xdf ./Drivers/STM32F3xx_HAL_Driver/Src/stm32f3xx_hal.o
 .debug_macro   0x00000000000013c1     0x102d ./Drivers/STM32F3xx_HAL_Driver/Src/stm32f3xx_hal.o
 .debug_macro   0x00000000000023ee      0x11f ./Drivers/STM32F3xx_HAL_Driver/Src/stm32f3xx_hal.o
 .debug_macro   0x000000000000250d    0x12a3a ./Drivers/STM32F3xx_HAL_Driver/Src/stm32f3xx_hal.o
 .debug_macro   0x0000000000014f47       0x6d ./Drivers/STM32F3xx_HAL_Driver/Src/stm32f3xx_hal.o
 .debug_macro   0x0000000000014fb4     0x3540 ./Drivers/STM32F3xx_HAL_Driver/Src/stm32f3xx_hal.o
 .debug_macro   0x00000000000184f4      0x174 ./Drivers/STM32F3xx_HAL_Driver/Src/stm32f3xx_hal.o
 .debug_macro   0x0000000000018668       0x55 ./Drivers/STM32F3xx_HAL_Driver/Src/stm32f3xx_hal.o
 .debug_macro   0x00000000000186bd      0x962 ./Drivers/STM32F3xx_HAL_Driver/Src/stm32f3xx_hal.o
 .debug_macro   0x000000000001901f      0x5fe ./Drivers/STM32F3xx_HAL_Driver/Src/stm32f3xx_hal.o
 .debug_macro   0x000000000001961d      0x1b6 ./Drivers/STM32F3xx_HAL_Driver/Src/stm32f3xx_hal.o
 .debug_macro   0x00000000000197d3      0x1fb ./Drivers/STM32F3xx_HAL_Driver/Src/stm32f3xx_hal.o
 .debug_macro   0x00000000000199ce      0x1dc ./Drivers/STM32F3xx_HAL_Driver/Src/stm32f3xx_hal.o
 .debug_macro   0x0000000000019baa      0x1bc ./Drivers/STM32F3xx_HAL_Driver/Src/stm32f3xx_hal.o
 .debug_macro   0x0000000000019d66       0x30 ./Drivers/STM32F3xx_HAL_Driver/Src/stm32f3xx_hal.o
 .debug_macro   0x0000000000019d96       0x3c ./Drivers/STM32F3xx_HAL_Driver/Src/stm32f3xx_hal.o
 .debug_macro   0x0000000000019dd2      0x236 ./Drivers/STM32F3xx_HAL_Driver/Src/stm32f3xx_hal.o
 .debug_macro   0x000000000001a008       0xc5 ./Drivers/STM32F3xx_HAL_Driver/Src/stm32f3xx_hal.o
 .debug_macro   0x000000000001a0cd      0x21d ./Drivers/STM32F3xx_HAL_Driver/Src/stm32f3xx_hal.o
 .debug_macro   0x000000000001a2ea      0x22c ./Drivers/STM32F3xx_HAL_Driver/Src/stm32f3xx_hal.o
 .debug_macro   0x000000000001a516       0x5b ./Drivers/STM32F3xx_HAL_Driver/Src/stm32f3xx_hal.o
 .debug_macro   0x000000000001a571       0xa5 ./Drivers/STM32F3xx_HAL_Driver/Src/stm32f3xx_hal.o
 .debug_macro   0x000000000001a616       0x81 ./Drivers/STM32F3xx_HAL_Driver/Src/stm32f3xx_hal.o
 .debug_macro   0x000000000001a697       0xd3 ./Drivers/STM32F3xx_HAL_Driver/Src/stm32f3xx_hal.o
 .debug_macro   0x000000000001a76a      0x2fe ./Drivers/STM32F3xx_HAL_Driver/Src/stm32f3xx_hal.o
 .debug_macro   0x000000000001aa68      0xa3d ./Drivers/STM32F3xx_HAL_Driver/Src/stm32f3xx_hal.o
 .debug_macro   0x000000000001b4a5       0x89 ./Drivers/STM32F3xx_HAL_Driver/Src/stm32f3xx_hal.o
 .debug_macro   0x000000000001b52e      0x275 ./Drivers/STM32F3xx_HAL_Driver/Src/stm32f3xx_hal.o
 .debug_macro   0x000000000001b7a3      0x1d8 ./Drivers/STM32F3xx_HAL_Driver/Src/stm32f3xx_hal_cortex.o
 .debug_macro   0x000000000001b97b      0x1d8 ./Drivers/STM32F3xx_HAL_Driver/Src/stm32f3xx_hal_dma.o
 .debug_macro   0x000000000001bb53      0x1df ./Drivers/STM32F3xx_HAL_Driver/Src/stm32f3xx_hal_gpio.o
 .debug_macro   0x000000000001bd32      0x1fc ./Drivers/STM32F3xx_HAL_Driver/Src/stm32f3xx_hal_rcc.o
 .debug_macro   0x000000000001bf2e      0x1e0 ./Drivers/STM32F3xx_HAL_Driver/Src/stm32f3xx_hal_spi.o
 .debug_macro   0x000000000001c10e      0x1d9 ./Drivers/STM32F3xx_HAL_Driver/Src/stm32f3xx_hal_tim.o
 .debug_macro   0x000000000001c2e7      0x30a ./Src/MN15439A.o
 .debug_macro   0x000000000001c5f1       0x22 ./Src/MN15439A.o
 .debug_macro   0x000000000001c613       0xb8 ./Src/MN15439A.o
 .debug_macro   0x000000000001c6cb       0x52 ./Src/MN15439A.o
 .debug_macro   0x000000000001c71d       0x18 ./Src/MN15439A.o
 .debug_macro   0x000000000001c735       0x3c ./Src/MN15439A.o
 .debug_macro   0x000000000001c771       0x34 ./Src/MN15439A.o
 .debug_macro   0x000000000001c7a5       0x16 ./Src/MN15439A.o
 .debug_macro   0x000000000001c7bb       0x43 ./Src/MN15439A.o
 .debug_macro   0x000000000001c7fe       0x34 ./Src/MN15439A.o
 .debug_macro   0x000000000001c832       0x10 ./Src/MN15439A.o
 .debug_macro   0x000000000001c842       0x58 ./Src/MN15439A.o
 .debug_macro   0x000000000001c89a       0x71 ./Src/MN15439A.o
 .debug_macro   0x000000000001c90b       0x1c ./Src/MN15439A.o
 .debug_macro   0x000000000001c927      0x12a ./Src/MN15439A.o
 .debug_macro   0x000000000001ca51      0x333 ./Src/MN15439A.o
 .debug_macro   0x000000000001cd84       0x10 ./Src/MN15439A.o
 .debug_macro   0x000000000001cd94       0x35 ./Src/MN15439A.o
 .debug_macro   0x000000000001cdc9       0x20 ./Src/MN15439A.o
 .debug_macro   0x000000000001cde9       0x16 ./Src/MN15439A.o
 .debug_macro   0x000000000001cdff       0x16 ./Src/MN15439A.o
 .debug_macro   0x000000000001ce15       0x29 ./Src/MN15439A.o
 .debug_macro   0x000000000001ce3e      0x1f1 ./Src/dma.o
 .debug_macro   0x000000000001d02f       0xb2 ./Src/dma.o
 .debug_macro   0x000000000001d0e1      0x1f1 ./Src/gpio.o
 .debug_macro   0x000000000001d2d2      0x3f3 ./Src/main.o
 .debug_macro   0x000000000001d6c5       0x1c ./Src/main.o
 .debug_macro   0x000000000001d6e1       0x10 ./Src/main.o
 .debug_macro   0x000000000001d6f1       0x10 ./Src/main.o
 .debug_macro   0x000000000001d701       0x1c ./Src/main.o
 .debug_macro   0x000000000001d71d       0x52 ./Src/main.o
 .debug_macro   0x000000000001d76f       0x22 ./Src/main.o
 .debug_macro   0x000000000001d791       0x10 ./Src/main.o
 .debug_macro   0x000000000001d7a1       0x40 ./Src/main.o
 .debug_macro   0x000000000001d7e1       0xd5 ./Src/main.o
 .debug_macro   0x000000000001d8b6       0x1c ./Src/main.o
 .debug_macro   0x000000000001d8d2       0x3d ./Src/main.o
 .debug_macro   0x000000000001d90f       0x16 ./Src/main.o
 .debug_macro   0x000000000001d925      0x145 ./Src/main.o
 .debug_macro   0x000000000001da6a      0x1f1 ./Src/spi.o
 .debug_macro   0x000000000001dc5b      0x1e7 ./Src/stm32f3xx_hal_msp.o
 .debug_macro   0x000000000001de42      0x20a ./Src/stm32f3xx_it.o
 .debug_macro   0x000000000001e04c      0x24c ./Src/syscalls.o
 .debug_macro   0x000000000001e298       0x4c ./Src/syscalls.o
 .debug_macro   0x000000000001e2e4       0x94 ./Src/syscalls.o
 .debug_macro   0x000000000001e378       0x57 ./Src/syscalls.o
 .debug_macro   0x000000000001e3cf      0x339 ./Src/syscalls.o
 .debug_macro   0x000000000001e708       0x10 ./Src/syscalls.o
 .debug_macro   0x000000000001e718       0x10 ./Src/syscalls.o
 .debug_macro   0x000000000001e728       0x10 ./Src/syscalls.o
 .debug_macro   0x000000000001e738       0x35 ./Src/syscalls.o
 .debug_macro   0x000000000001e76d      0x12c ./Src/syscalls.o
 .debug_macro   0x000000000001e899       0x10 ./Src/syscalls.o
 .debug_macro   0x000000000001e8a9      0x241 ./Src/syscalls.o
 .debug_macro   0x000000000001eaea       0x10 ./Src/syscalls.o
 .debug_macro   0x000000000001eafa      0x189 ./Src/syscalls.o
 .debug_macro   0x000000000001ec83       0x16 ./Src/syscalls.o
 .debug_macro   0x000000000001ec99       0xce ./Src/syscalls.o
 .debug_macro   0x000000000001ed67      0x1de ./Src/system_stm32f3xx.o
 .debug_macro   0x000000000001ef45      0x1f1 ./Src/tim.o

.debug_line     0x0000000000000000    0x151d9
 .debug_line    0x0000000000000000      0xa42 ./Drivers/STM32F3xx_HAL_Driver/Src/stm32f3xx_hal.o
 .debug_line    0x0000000000000a42      0xce7 ./Drivers/STM32F3xx_HAL_Driver/Src/stm32f3xx_hal_cortex.o
 .debug_line    0x0000000000001729     0x1096 ./Drivers/STM32F3xx_HAL_Driver/Src/stm32f3xx_hal_dma.o
 .debug_line    0x00000000000027bf      0xc38 ./Drivers/STM32F3xx_HAL_Driver/Src/stm32f3xx_hal_gpio.o
 .debug_line    0x00000000000033f7     0x19d9 ./Drivers/STM32F3xx_HAL_Driver/Src/stm32f3xx_hal_rcc.o
 .debug_line    0x0000000000004dd0     0x3beb ./Drivers/STM32F3xx_HAL_Driver/Src/stm32f3xx_hal_spi.o
 .debug_line    0x00000000000089bb     0x681c ./Drivers/STM32F3xx_HAL_Driver/Src/stm32f3xx_hal_tim.o
 .debug_line    0x000000000000f1d7     0x1580 ./Src/MN15439A.o
 .debug_line    0x0000000000010757      0x703 ./Src/dma.o
 .debug_line    0x0000000000010e5a      0x7d7 ./Src/gpio.o
 .debug_line    0x0000000000011631      0xa68 ./Src/main.o
 .debug_line    0x0000000000012099      0x9a3 ./Src/spi.o
 .debug_line    0x0000000000012a3c      0x6f9 ./Src/stm32f3xx_hal_msp.o
 .debug_line    0x0000000000013135      0x805 ./Src/stm32f3xx_it.o
 .debug_line    0x000000000001393a      0x915 ./Src/syscalls.o
 .debug_line    0x000000000001424f      0x789 ./Src/system_stm32f3xx.o
 .debug_line    0x00000000000149d8      0x77e ./Src/tim.o
 .debug_line    0x0000000000015156       0x83 ./Startup/startup_stm32f303vctx.o

.debug_str      0x0000000000000000    0xb5d4c
 .debug_str     0x0000000000000000    0xad6fe ./Drivers/STM32F3xx_HAL_Driver/Src/stm32f3xx_hal.o
                                      0xadfab (size before relaxing)
 .debug_str     0x00000000000ad6fe      0x3d4 ./Drivers/STM32F3xx_HAL_Driver/Src/stm32f3xx_hal_cortex.o
                                      0xae074 (size before relaxing)
 .debug_str     0x00000000000adad2      0x3f9 ./Drivers/STM32F3xx_HAL_Driver/Src/stm32f3xx_hal_dma.o
                                      0xadb50 (size before relaxing)
 .debug_str     0x00000000000adecb      0x1f9 ./Drivers/STM32F3xx_HAL_Driver/Src/stm32f3xx_hal_gpio.o
                                      0xad975 (size before relaxing)
 .debug_str     0x00000000000ae0c4      0x400 ./Drivers/STM32F3xx_HAL_Driver/Src/stm32f3xx_hal_rcc.o
                                      0xadc5f (size before relaxing)
 .debug_str     0x00000000000ae4c4      0x789 ./Drivers/STM32F3xx_HAL_Driver/Src/stm32f3xx_hal_spi.o
                                      0xae10c (size before relaxing)
 .debug_str     0x00000000000aec4d     0x1162 ./Drivers/STM32F3xx_HAL_Driver/Src/stm32f3xx_hal_tim.o
                                      0xaebf9 (size before relaxing)
 .debug_str     0x00000000000afdaf     0x36c1 ./Src/MN15439A.o
                                      0xb15bf (size before relaxing)
 .debug_str     0x00000000000b3470       0x24 ./Src/dma.o
                                      0xade13 (size before relaxing)
 .debug_str     0x00000000000b3494       0x37 ./Src/gpio.o
                                      0xaded3 (size before relaxing)
 .debug_str     0x00000000000b34cb      0xfb9 ./Src/main.o
                                      0xb25da (size before relaxing)
 .debug_str     0x00000000000b4484       0x31 ./Src/spi.o
                                      0xae34c (size before relaxing)
 .debug_str     0x00000000000b44b5       0x1b ./Src/stm32f3xx_hal_msp.o
                                      0xad9bc (size before relaxing)
 .debug_str     0x00000000000b44d0      0x10b ./Src/stm32f3xx_it.o
                                      0xadef7 (size before relaxing)
 .debug_str     0x00000000000b45db     0x16b6 ./Src/syscalls.o
                                       0x8f27 (size before relaxing)
 .debug_str     0x00000000000b5c91       0x6e ./Src/system_stm32f3xx.o
                                      0xad7d9 (size before relaxing)
 .debug_str     0x00000000000b5cff       0x1c ./Src/tim.o
                                      0xadf39 (size before relaxing)
 .debug_str     0x00000000000b5d1b       0x31 ./Startup/startup_stm32f303vctx.o
                                         0x67 (size before relaxing)

.comment        0x0000000000000000       0x53
 .comment       0x0000000000000000       0x53 ./Drivers/STM32F3xx_HAL_Driver/Src/stm32f3xx_hal.o
                                         0x54 (size before relaxing)
 .comment       0x0000000000000053       0x54 ./Drivers/STM32F3xx_HAL_Driver/Src/stm32f3xx_hal_cortex.o
 .comment       0x0000000000000053       0x54 ./Drivers/STM32F3xx_HAL_Driver/Src/stm32f3xx_hal_dma.o
 .comment       0x0000000000000053       0x54 ./Drivers/STM32F3xx_HAL_Driver/Src/stm32f3xx_hal_gpio.o
 .comment       0x0000000000000053       0x54 ./Drivers/STM32F3xx_HAL_Driver/Src/stm32f3xx_hal_rcc.o
 .comment       0x0000000000000053       0x54 ./Drivers/STM32F3xx_HAL_Driver/Src/stm32f3xx_hal_spi.o
 .comment       0x0000000000000053       0x54 ./Drivers/STM32F3xx_HAL_Driver/Src/stm32f3xx_hal_tim.o
 .comment       0x0000000000000053       0x54 ./Src/MN15439A.o
 .comment       0x0000000000000053       0x54 ./Src/dma.o
 .comment       0x0000000000000053       0x54 ./Src/gpio.o
 .comment       0x0000000000000053       0x54 ./Src/main.o
 .comment       0x0000000000000053       0x54 ./Src/spi.o
 .comment       0x0000000000000053       0x54 ./Src/stm32f3xx_hal_msp.o
 .comment       0x0000000000000053       0x54 ./Src/stm32f3xx_it.o
 .comment       0x0000000000000053       0x54 ./Src/syscalls.o
 .comment       0x0000000000000053       0x54 ./Src/system_stm32f3xx.o
 .comment       0x0000000000000053       0x54 ./Src/tim.o

.debug_frame    0x0000000000000000     0x22c8
 .debug_frame   0x0000000000000000      0x1d4 ./Drivers/STM32F3xx_HAL_Driver/Src/stm32f3xx_hal.o
 .debug_frame   0x00000000000001d4      0x184 ./Drivers/STM32F3xx_HAL_Driver/Src/stm32f3xx_hal_cortex.o
 .debug_frame   0x0000000000000358      0x180 ./Drivers/STM32F3xx_HAL_Driver/Src/stm32f3xx_hal_dma.o
 .debug_frame   0x00000000000004d8       0xec ./Drivers/STM32F3xx_HAL_Driver/Src/stm32f3xx_hal_gpio.o
 .debug_frame   0x00000000000005c4      0x19c ./Drivers/STM32F3xx_HAL_Driver/Src/stm32f3xx_hal_rcc.o
 .debug_frame   0x0000000000000760      0x6b4 ./Drivers/STM32F3xx_HAL_Driver/Src/stm32f3xx_hal_spi.o
 .debug_frame   0x0000000000000e14      0xcc4 ./Drivers/STM32F3xx_HAL_Driver/Src/stm32f3xx_hal_tim.o
 .debug_frame   0x0000000000001ad8      0x100 ./Src/MN15439A.o
 .debug_frame   0x0000000000001bd8       0x30 ./Src/dma.o
 .debug_frame   0x0000000000001c08       0x38 ./Src/gpio.o
 .debug_frame   0x0000000000001c40       0x7c ./Src/main.o
 .debug_frame   0x0000000000001cbc       0xa4 ./Src/spi.o
 .debug_frame   0x0000000000001d60       0x28 ./Src/stm32f3xx_hal_msp.o
 .debug_frame   0x0000000000001d88       0xe0 ./Src/stm32f3xx_it.o
 .debug_frame   0x0000000000001e68      0x1a8 ./Src/syscalls.o
 .debug_frame   0x0000000000002010       0x30 ./Src/system_stm32f3xx.o
 .debug_frame   0x0000000000002040       0x54 ./Src/tim.o
 .debug_frame   0x0000000000002094       0x20 c:/st/stm32cubeide_1.7.0/stm32cubeide/plugins/com.st.stm32cube.ide.mcu.externaltools.gnu-tools-for-stm32.9-2020-q2-update.win32_2.0.0.202105311346/tools/bin/../lib/gcc/arm-none-eabi/9.3.1/../../../../arm-none-eabi/lib/thumb/v7e-m+fp/hard\libc_nano.a(lib_a-errno.o)
 .debug_frame   0x00000000000020b4       0x2c c:/st/stm32cubeide_1.7.0/stm32cubeide/plugins/com.st.stm32cube.ide.mcu.externaltools.gnu-tools-for-stm32.9-2020-q2-update.win32_2.0.0.202105311346/tools/bin/../lib/gcc/arm-none-eabi/9.3.1/../../../../arm-none-eabi/lib/thumb/v7e-m+fp/hard\libc_nano.a(lib_a-init.o)
 .debug_frame   0x00000000000020e0       0x30 c:/st/stm32cubeide_1.7.0/stm32cubeide/plugins/com.st.stm32cube.ide.mcu.externaltools.gnu-tools-for-stm32.9-2020-q2-update.win32_2.0.0.202105311346/tools/bin/../lib/gcc/arm-none-eabi/9.3.1/../../../../arm-none-eabi/lib/thumb/v7e-m+fp/hard\libc_nano.a(lib_a-malloc.o)
 .debug_frame   0x0000000000002110       0x20 c:/st/stm32cubeide_1.7.0/stm32cubeide/plugins/com.st.stm32cube.ide.mcu.externaltools.gnu-tools-for-stm32.9-2020-q2-update.win32_2.0.0.202105311346/tools/bin/../lib/gcc/arm-none-eabi/9.3.1/../../../../arm-none-eabi/lib/thumb/v7e-m+fp/hard\libc_nano.a(lib_a-memset.o)
 .debug_frame   0x0000000000002130       0x30 c:/st/stm32cubeide_1.7.0/stm32cubeide/plugins/com.st.stm32cube.ide.mcu.externaltools.gnu-tools-for-stm32.9-2020-q2-update.win32_2.0.0.202105311346/tools/bin/../lib/gcc/arm-none-eabi/9.3.1/../../../../arm-none-eabi/lib/thumb/v7e-m+fp/hard\libc_nano.a(lib_a-nano-mallocr.o)
 .debug_frame   0x0000000000002160       0x2c c:/st/stm32cubeide_1.7.0/stm32cubeide/plugins/com.st.stm32cube.ide.mcu.externaltools.gnu-tools-for-stm32.9-2020-q2-update.win32_2.0.0.202105311346/tools/bin/../lib/gcc/arm-none-eabi/9.3.1/../../../../arm-none-eabi/lib/thumb/v7e-m+fp/hard\libc_nano.a(lib_a-sbrkr.o)
 .debug_frame   0x000000000000218c       0x30 c:/st/stm32cubeide_1.7.0/stm32cubeide/plugins/com.st.stm32cube.ide.mcu.externaltools.gnu-tools-for-stm32.9-2020-q2-update.win32_2.0.0.202105311346/tools/bin/../lib/gcc/arm-none-eabi/9.3.1/../../../../arm-none-eabi/lib/thumb/v7e-m+fp/hard\libc_nano.a(lib_a-mlock.o)
 .debug_frame   0x00000000000021bc       0x5c c:/st/stm32cubeide_1.7.0/stm32cubeide/plugins/com.st.stm32cube.ide.mcu.externaltools.gnu-tools-for-stm32.9-2020-q2-update.win32_2.0.0.202105311346/tools/bin/../lib/gcc/arm-none-eabi/9.3.1/../../../../arm-none-eabi/lib/thumb/v7e-m+fp/hard\libc_nano.a(lib_a-reent.o)
 .debug_frame   0x0000000000002218       0xb0 c:/st/stm32cubeide_1.7.0/stm32cubeide/plugins/com.st.stm32cube.ide.mcu.externaltools.gnu-tools-for-stm32.9-2020-q2-update.win32_2.0.0.202105311346/tools/bin/../lib/gcc/arm-none-eabi/9.3.1/../../../../arm-none-eabi/lib/thumb/v7e-m+fp/hard\libc_nano.a(lib_a-lock.o)
