Archive member included to satisfy reference by file (symbol)

c:/st/stm32cubeide_1.7.0/stm32cubeide/plugins/com.st.stm32cube.ide.mcu.externaltools.gnu-tools-for-stm32.9-2020-q2-update.win32_2.0.0.202105311346/tools/bin/../lib/gcc/arm-none-eabi/9.3.1/../../../../arm-none-eabi/lib/thumb/v7e-m+fp/hard\libc_nano.a(lib_a-errno.o)
                              ./Src/syscalls.o (__errno)
c:/st/stm32cubeide_1.7.0/stm32cubeide/plugins/com.st.stm32cube.ide.mcu.externaltools.gnu-tools-for-stm32.9-2020-q2-update.win32_2.0.0.202105311346/tools/bin/../lib/gcc/arm-none-eabi/9.3.1/../../../../arm-none-eabi/lib/thumb/v7e-m+fp/hard\libc_nano.a(lib_a-exit.o)
                              c:/st/stm32cubeide_1.7.0/stm32cubeide/plugins/com.st.stm32cube.ide.mcu.externaltools.gnu-tools-for-stm32.9-2020-q2-update.win32_2.0.0.202105311346/tools/bin/../lib/gcc/arm-none-eabi/9.3.1/../../../../arm-none-eabi/lib/thumb/v7e-m+fp/hard/crt0.o (exit)
c:/st/stm32cubeide_1.7.0/stm32cubeide/plugins/com.st.stm32cube.ide.mcu.externaltools.gnu-tools-for-stm32.9-2020-q2-update.win32_2.0.0.202105311346/tools/bin/../lib/gcc/arm-none-eabi/9.3.1/../../../../arm-none-eabi/lib/thumb/v7e-m+fp/hard\libc_nano.a(lib_a-impure.o)
                              c:/st/stm32cubeide_1.7.0/stm32cubeide/plugins/com.st.stm32cube.ide.mcu.externaltools.gnu-tools-for-stm32.9-2020-q2-update.win32_2.0.0.202105311346/tools/bin/../lib/gcc/arm-none-eabi/9.3.1/../../../../arm-none-eabi/lib/thumb/v7e-m+fp/hard\libc_nano.a(lib_a-exit.o) (_global_impure_ptr)
c:/st/stm32cubeide_1.7.0/stm32cubeide/plugins/com.st.stm32cube.ide.mcu.externaltools.gnu-tools-for-stm32.9-2020-q2-update.win32_2.0.0.202105311346/tools/bin/../lib/gcc/arm-none-eabi/9.3.1/../../../../arm-none-eabi/lib/thumb/v7e-m+fp/hard\libc_nano.a(lib_a-init.o)
                              c:/st/stm32cubeide_1.7.0/stm32cubeide/plugins/com.st.stm32cube.ide.mcu.externaltools.gnu-tools-for-stm32.9-2020-q2-update.win32_2.0.0.202105311346/tools/bin/../lib/gcc/arm-none-eabi/9.3.1/../../../../arm-none-eabi/lib/thumb/v7e-m+fp/hard/crt0.o (__libc_init_array)
c:/st/stm32cubeide_1.7.0/stm32cubeide/plugins/com.st.stm32cube.ide.mcu.externaltools.gnu-tools-for-stm32.9-2020-q2-update.win32_2.0.0.202105311346/tools/bin/../lib/gcc/arm-none-eabi/9.3.1/../../../../arm-none-eabi/lib/thumb/v7e-m+fp/hard\libc_nano.a(lib_a-malloc.o)
                              ./Src/MN15439A.o (malloc)
c:/st/stm32cubeide_1.7.0/stm32cubeide/plugins/com.st.stm32cube.ide.mcu.externaltools.gnu-tools-for-stm32.9-2020-q2-update.win32_2.0.0.202105311346/tools/bin/../lib/gcc/arm-none-eabi/9.3.1/../../../../arm-none-eabi/lib/thumb/v7e-m+fp/hard\libc_nano.a(lib_a-memcpy-stub.o)
                              ./Src/MN15439A.o (memcpy)
c:/st/stm32cubeide_1.7.0/stm32cubeide/plugins/com.st.stm32cube.ide.mcu.externaltools.gnu-tools-for-stm32.9-2020-q2-update.win32_2.0.0.202105311346/tools/bin/../lib/gcc/arm-none-eabi/9.3.1/../../../../arm-none-eabi/lib/thumb/v7e-m+fp/hard\libc_nano.a(lib_a-memset.o)
                              c:/st/stm32cubeide_1.7.0/stm32cubeide/plugins/com.st.stm32cube.ide.mcu.externaltools.gnu-tools-for-stm32.9-2020-q2-update.win32_2.0.0.202105311346/tools/bin/../lib/gcc/arm-none-eabi/9.3.1/../../../../arm-none-eabi/lib/thumb/v7e-m+fp/hard/crt0.o (memset)
c:/st/stm32cubeide_1.7.0/stm32cubeide/plugins/com.st.stm32cube.ide.mcu.externaltools.gnu-tools-for-stm32.9-2020-q2-update.win32_2.0.0.202105311346/tools/bin/../lib/gcc/arm-none-eabi/9.3.1/../../../../arm-none-eabi/lib/thumb/v7e-m+fp/hard\libc_nano.a(lib_a-nano-freer.o)
                              c:/st/stm32cubeide_1.7.0/stm32cubeide/plugins/com.st.stm32cube.ide.mcu.externaltools.gnu-tools-for-stm32.9-2020-q2-update.win32_2.0.0.202105311346/tools/bin/../lib/gcc/arm-none-eabi/9.3.1/../../../../arm-none-eabi/lib/thumb/v7e-m+fp/hard\libc_nano.a(lib_a-malloc.o) (_free_r)
c:/st/stm32cubeide_1.7.0/stm32cubeide/plugins/com.st.stm32cube.ide.mcu.externaltools.gnu-tools-for-stm32.9-2020-q2-update.win32_2.0.0.202105311346/tools/bin/../lib/gcc/arm-none-eabi/9.3.1/../../../../arm-none-eabi/lib/thumb/v7e-m+fp/hard\libc_nano.a(lib_a-nano-mallocr.o)
                              c:/st/stm32cubeide_1.7.0/stm32cubeide/plugins/com.st.stm32cube.ide.mcu.externaltools.gnu-tools-for-stm32.9-2020-q2-update.win32_2.0.0.202105311346/tools/bin/../lib/gcc/arm-none-eabi/9.3.1/../../../../arm-none-eabi/lib/thumb/v7e-m+fp/hard\libc_nano.a(lib_a-malloc.o) (_malloc_r)
c:/st/stm32cubeide_1.7.0/stm32cubeide/plugins/com.st.stm32cube.ide.mcu.externaltools.gnu-tools-for-stm32.9-2020-q2-update.win32_2.0.0.202105311346/tools/bin/../lib/gcc/arm-none-eabi/9.3.1/../../../../arm-none-eabi/lib/thumb/v7e-m+fp/hard\libc_nano.a(lib_a-sbrkr.o)
[...]
Memory Configuration

Name             Origin             Length             Attributes
RAM              0x0000000020000000 0x000000000000a000 xrw
CCMRAM           0x0000000010000000 0x0000000000002000 xrw
FLASH            0x0000000008000000 0x0000000000040000 xr
*default*        0x0000000000000000 0xffffffffffffffff

Linker script and memory map

LOAD c:/st/stm32cubeide_1.7.0/stm32cubeide/plugins/com.st.stm32cube.ide.mcu.externaltools.gnu-tools-for-stm32.9-2020-q2-update.win32_2.0.0.202105311346/tools/bin/../lib/gcc/arm-none-eabi/9.3.1/thumb/v7e-m+fp/hard/crti.o
LOAD c:/st/stm32cubeide_1.7.0/stm32cubeide/plugins/com.st.stm32cube.ide.mcu.externaltools.gnu-tools-for-stm32.9-2020-q2-update.win32_2.0.0.202105311346/tools/bin/../lib/gcc/arm-none-eabi/9.3.1/thumb/v7e-m+fp/hard/crtbegin.o
LOAD c:/st/stm32cubeide_1.7.0/stm32cubeide/plugins/com.st.stm32cube.ide.mcu.externaltools.gnu-tools-for-stm32.9-2020-q2-update.win32_2.0.0.202105311346/tools/bin/../lib/gcc/arm-none-eabi/9.3.1/../../../../arm-none-eabi/lib/thumb/v7e-m+fp/hard/crt0.o
LOAD ./Drivers/STM32F3xx_HAL_Driver/Src/stm32f3xx_hal.o
LOAD ./Drivers/STM32F3xx_HAL_Driver/Src/stm32f3xx_hal_cortex.o
LOAD ./Drivers/STM32F3xx_HAL_Driver/Src/stm32f3xx_hal_dma.o
LOAD ./Drivers/STM32F3xx_HAL_Driver/Src/stm32f3xx_hal_exti.o
LOAD ./Drivers/STM32F3xx_HAL_Driver/Src/stm32f3xx_hal_flash.o
LOAD ./Drivers/STM32F3xx_HAL_Driver/Src/stm32f3xx_hal_flash_ex.o
LOAD ./Drivers/STM32F3xx_HAL_Driver/Src/stm32f3xx_hal_gpio.o
LOAD ./Drivers/STM32F3xx_HAL_Driver/Src/stm32f3xx_hal_i2c.o
LOAD ./Drivers/STM32F3xx_HAL_Driver/Src/stm32f3xx_hal_i2c_ex.o
LOAD ./Drivers/STM32F3xx_HAL_Driver/Src/stm32f3xx_hal_pwr.o
LOAD ./Drivers/STM32F3xx_HAL_Driver/Src/stm32f3xx_hal_pwr_ex.o
LOAD ./Drivers/STM32F3xx_HAL_Driver/Src/stm32f3xx_hal_rcc.o
LOAD ./Drivers/STM32F3xx_HAL_Driver/Src/stm32f3xx_hal_rcc_ex.o
LOAD ./Drivers/STM32F3xx_HAL_Driver/Src/stm32f3xx_hal_spi.o
LOAD ./Drivers/STM32F3xx_HAL_Driver/Src/stm32f3xx_hal_spi_ex.o
LOAD ./Drivers/STM32F3xx_HAL_Driver/Src/stm32f3xx_hal_tim.o
LOAD ./Drivers/STM32F3xx_HAL_Driver/Src/stm32f3xx_hal_tim_ex.o
LOAD ./Src/MN15439A.o
LOAD ./Src/dma.o
LOAD ./Src/gpio.o
LOAD ./Src/main.o
LOAD ./Src/spi.o
LOAD ./Src/stm32f3xx_hal_msp.o
LOAD ./Src/stm32f3xx_it.o
LOAD ./Src/syscalls.o
LOAD ./Src/system_stm32f3xx.o
LOAD ./Src/tim.o
LOAD ./Startup/startup_stm32f303vctx.o
START GROUP
LOAD c:/st/stm32cubeide_1.7.0/stm32cubeide/plugins/com.st.stm32cube.ide.mcu.externaltools.gnu-tools-for-stm32.9-2020-q2-update.win32_2.0.0.202105311346/tools/bin/../lib/gcc/arm-none-eabi/9.3.1/../../../../arm-none-eabi/lib/thumb/v7e-m+fp/hard\libc_nano.a
LOAD c:/st/stm32cubeide_1.7.0/stm32cubeide/plugins/com.st.stm32cube.ide.mcu.externaltools.gnu-tools-for-stm32.9-2020-q2-update.win32_2.0.0.202105311346/tools/bin/../lib/gcc/arm-none-eabi/9.3.1/../../../../arm-none-eabi/lib/thumb/v7e-m+fp/hard\libm.a
END GROUP
START GROUP
LOAD c:/st/stm32cubeide_1.7.0/stm32cubeide/plugins/com.st.stm32cube.ide.mcu.externaltools.gnu-tools-for-stm32.9-2020-q2-update.win32_2.0.0.202105311346/tools/bin/../lib/gcc/arm-none-eabi/9.3.1/thumb/v7e-m+fp/hard\libgcc.a
LOAD c:/st/stm32cubeide_1.7.0/stm32cubeide/plugins/com.st.stm32cube.ide.mcu.externaltools.gnu-tools-for-stm32.9-2020-q2-update.win32_2.0.0.202105311346/tools/bin/../lib/gcc/arm-none-eabi/9.3.1/../../../../arm-none-eabi/lib/thumb/v7e-m+fp/hard\libc_nano.a
END GROUP
START GROUP
LOAD c:/st/stm32cubeide_1.7.0/stm32cubeide/plugins/com.st.stm32cube.ide.mcu.externaltools.gnu-tools-for-stm32.9-2020-q2-update.win32_2.0.0.202105311346/tools/bin/../lib/gcc/arm-none-eabi/9.3.1/thumb/v7e-m+fp/hard\libgcc.a
LOAD c:/st/stm32cubeide_1.7.0/stm32cubeide/plugins/com.st.stm32cube.ide.mcu.externaltools.gnu-tools-for-stm32.9-2020-q2-update.win32_2.0.0.202105311346/tools/bin/../lib/gcc/arm-none-eabi/9.3.1/../../../../arm-none-eabi/lib/thumb/v7e-m+fp/hard\libc_nano.a
LOAD c:/st/stm32cubeide_1.7.0/stm32cubeide/plugins/com.st.stm32cube.ide.mcu.externaltools.gnu-tools-for-stm32.9-2020-q2-update.win32_2.0.0.202105311346/tools/bin/../lib/gcc/arm-none-eabi/9.3.1/../../../../arm-none-eabi/lib/thumb/v7e-m+fp/hard\libnosys.a
END GROUP
START GROUP
LOAD c:/st/stm32cubeide_1.7.0/stm32cubeide/plugins/com.st.stm32cube.ide.mcu.externaltools.gnu-tools-for-stm32.9-2020-q2-update.win32_2.0.0.202105311346/tools/bin/../lib/gcc/arm-none-eabi/9.3.1/thumb/v7e-m+fp/hard\libgcc.a
LOAD c:/st/stm32cubeide_1.7.0/stm32cubeide/plugins/com.st.stm32cube.ide.mcu.externaltools.gnu-tools-for-stm32.9-2020-q2-update.win32_2.0.0.202105311346/tools/bin/../lib/gcc/arm-none-eabi/9.3.1/../../../../arm-none-eabi/lib/thumb/v7e-m+fp/hard\libc_nano.a
LOAD c:/st/stm32cubeide_1.7.0/stm32cubeide/plugins/com.st.stm32cube.ide.mcu.externaltools.gnu-tools-for-stm32.9-2020-q2-update.win32_2.0.0.202105311346/tools/bin/../lib/gcc/arm-none-eabi/9.3.1/../../../../arm-none-eabi/lib/thumb/v7e-m+fp/hard\libnosys.a
END GROUP
LOAD c:/st/stm32cubeide_1.7.0/stm32cubeide/plugins/com.st.stm32cube.ide.mcu.externaltools.gnu-tools-for-stm32.9-2020-q2-update.win32_2.0.0.202105311346/tools/bin/../lib/gcc/arm-none-eabi/9.3.1/thumb/v7e-m+fp/hard/crtend.o
LOAD c:/st/stm32cubeide_1.7.0/stm32cubeide/plugins/com.st.stm32cube.ide.mcu.externaltools.gnu-tools-for-stm32.9-2020-q2-update.win32_2.0.0.202105311346/tools/bin/../lib/gcc/arm-none-eabi/9.3.1/thumb/v7e-m+fp/hard/crtn.o
                0x000000002000a000                _estack = 0x2000a000
                0x0000000000000200                _Min_Heap_Size = 0x200
                0x0000000000000400                _Min_Stack_Size = 0x400

.isr_vector     0x0000000008000000      0x188
                0x0000000008000000                . = ALIGN (0x4)
 *(.isr_vector)
 .isr_vector    0x0000000008000000      0x188 ./Startup/startup_stm32f303vctx.o
                0x0000000008000000                g_pfnVectors
                0x0000000008000188                . = ALIGN (0x4)

.text           0x0000000008000188     0x2860
                0x0000000008000188                . = ALIGN (0x4)
 *(.text)
 .text          0x0000000008000188       0x40 c:/st/stm32cubeide_1.7.0/stm32cubeide/plugins/com.st.stm32cube.ide.mcu.externaltools.gnu-tools-for-stm32.9-2020-q2-update.win32_2.0.0.202105311346/tools/bin/../lib/gcc/arm-none-eabi/9.3.1/thumb/v7e-m+fp/hard/crtbegin.o
 *(.text*)
 .text.HAL_InitTick
                0x00000000080001c8       0x48 ./Drivers/STM32F3xx_HAL_Driver/Src/stm32f3xx_hal.o
                0x00000000080001c8                HAL_InitTick
 .text.HAL_Init
                0x0000000008000210       0x24 ./Drivers/STM32F3xx_HAL_Driver/Src/stm32f3xx_hal.o
                0x0000000008000210                HAL_Init
 .text.HAL_IncTick
                0x0000000008000234       0x18 ./Drivers/STM32F3xx_HAL_Driver/Src/stm32f3xx_hal.o
                0x0000000008000234                HAL_IncTick
 .text.HAL_GetTick
                0x000000000800024c        0xc ./Drivers/STM32F3xx_HAL_Driver/Src/stm32f3xx_hal.o
                0x000000000800024c                HAL_GetTick
 .text.HAL_NVIC_SetPriorityGrouping
                0x0000000008000258       0x24 ./Drivers/STM32F3xx_HAL_Driver/Src/stm32f3xx_hal_cortex.o
                0x0000000008000258                HAL_NVIC_SetPriorityGrouping
 .text.HAL_NVIC_SetPriority
                0x000000000800027c       0x68 ./Drivers/STM32F3xx_HAL_Driver/Src/stm32f3xx_hal_cortex.o
                0x000000000800027c                HAL_NVIC_SetPriority
 .text.HAL_NVIC_EnableIRQ
                0x00000000080002e4       0x1c ./Drivers/STM32F3xx_HAL_Driver/Src/stm32f3xx_hal_cortex.o
                0x00000000080002e4                HAL_NVIC_EnableIRQ
 .text.HAL_SYSTICK_Config
                0x0000000008000300       0x2c ./Drivers/STM32F3xx_HAL_Driver/Src/stm32f3xx_hal_cortex.o
                0x0000000008000300                HAL_SYSTICK_Config
 .text.DMA_SetConfig
                0x000000000800032c       0x2c ./Drivers/STM32F3xx_HAL_Driver/Src/stm32f3xx_hal_dma.o
 .text.DMA_CalcBaseAndBitshift
                0x0000000008000358       0x4c ./Drivers/STM32F3xx_HAL_Driver/Src/stm32f3xx_hal_dma.o
 .text.HAL_DMA_Init
                0x00000000080003a4       0x50 ./Drivers/STM32F3xx_HAL_Driver/Src/stm32f3xx_hal_dma.o
                0x00000000080003a4                HAL_DMA_Init
 .text.HAL_DMA_Start_IT
                0x00000000080003f4       0x74 ./Drivers/STM32F3xx_HAL_Driver/Src/stm32f3xx_hal_dma.o
                0x00000000080003f4                HAL_DMA_Start_IT
 .text.HAL_DMA_Abort_IT
                0x0000000008000468       0x4a ./Drivers/STM32F3xx_HAL_Driver/Src/stm32f3xx_hal_dma.o
                0x0000000008000468                HAL_DMA_Abort_IT
 .text.HAL_DMA_IRQHandler
                0x00000000080004b2       0xb4 ./Drivers/STM32F3xx_HAL_Driver/Src/stm32f3xx_hal_dma.o
                0x00000000080004b2                HAL_DMA_IRQHandler
 *fill*         0x0000000008000566        0x2 
 .text.HAL_GPIO_Init
                0x0000000008000568      0x1a0 ./Drivers/STM32F3xx_HAL_Driver/Src/stm32f3xx_hal_gpio.o
                0x0000000008000568                HAL_GPIO_Init
 .text.HAL_GPIO_WritePin
                0x0000000008000708        0xa ./Drivers/STM32F3xx_HAL_Driver/Src/stm32f3xx_hal_gpio.o
                0x0000000008000708                HAL_GPIO_WritePin
 *fill*         0x0000000008000712        0x2 
 .text.HAL_GPIO_EXTI_IRQHandler
                0x0000000008000714       0x1c ./Drivers/STM32F3xx_HAL_Driver/Src/stm32f3xx_hal_gpio.o
                0x0000000008000714                HAL_GPIO_EXTI_IRQHandler
 .text.HAL_RCC_OscConfig
                0x0000000008000730      0x634 ./Drivers/STM32F3xx_HAL_Driver/Src/stm32f3xx_hal_rcc.o
                0x0000000008000730                HAL_RCC_OscConfig
 .text.HAL_RCC_GetSysClockFreq
                0x0000000008000d64       0x70 ./Drivers/STM32F3xx_HAL_Driver/Src/stm32f3xx_hal_rcc.o
                0x0000000008000d64                HAL_RCC_GetSysClockFreq
 .text.HAL_RCC_ClockConfig
                0x0000000008000dd4      0x1a8 ./Drivers/STM32F3xx_HAL_Driver/Src/stm32f3xx_hal_rcc.o
                0x0000000008000dd4                HAL_RCC_ClockConfig
 .text.SPI_WaitFlagStateUntilTimeout
                0x0000000008000f7c       0xd0 ./Drivers/STM32F3xx_HAL_Driver/Src/stm32f3xx_hal_spi.o
 .text.SPI_WaitFifoStateUntilTimeout
                0x000000000800104c       0xf4 ./Drivers/STM32F3xx_HAL_Driver/Src/stm32f3xx_hal_spi.o
 .text.SPI_EndRxTxTransaction
                0x0000000008001140       0x62 ./Drivers/STM32F3xx_HAL_Driver/Src/stm32f3xx_hal_spi.o
 .text.SPI_EndRxTransaction
                0x00000000080011a2       0x82 ./Drivers/STM32F3xx_HAL_Driver/Src/stm32f3xx_hal_spi.o
 .text.HAL_SPI_Init
                0x0000000008001224       0xe8 ./Drivers/STM32F3xx_HAL_Driver/Src/stm32f3xx_hal_spi.o
                0x0000000008001224                HAL_SPI_Init
 .text.HAL_SPI_Transmit_DMA
                0x000000000800130c      0x134 ./Drivers/STM32F3xx_HAL_Driver/Src/stm32f3xx_hal_spi.o
                0x000000000800130c                HAL_SPI_Transmit_DMA
 .text.HAL_SPI_TransmitReceive_DMA
                0x0000000008001440      0x22c ./Drivers/STM32F3xx_HAL_Driver/Src/stm32f3xx_hal_spi.o
                0x0000000008001440                HAL_SPI_TransmitReceive_DMA
 .text.HAL_SPI_Receive_DMA
                0x000000000800166c      0x194 ./Drivers/STM32F3xx_HAL_Driver/Src/stm32f3xx_hal_spi.o
                0x000000000800166c                HAL_SPI_Receive_DMA
 .text.HAL_SPI_TxCpltCallback
                0x0000000008001800        0x2 ./Drivers/STM32F3xx_HAL_Driver/Src/stm32f3xx_hal_spi.o
                0x0000000008001800                HAL_SPI_TxCpltCallback
 .text.HAL_SPI_TxRxCpltCallback
                0x0000000008001802        0x2 ./Drivers/STM32F3xx_HAL_Driver/Src/stm32f3xx_hal_spi.o
                0x0000000008001802                HAL_SPI_TxRxCpltCallback
 .text.HAL_SPI_TxHalfCpltCallback
                0x0000000008001804        0x2 ./Drivers/STM32F3xx_HAL_Driver/Src/stm32f3xx_hal_spi.o
                0x0000000008001804                HAL_SPI_TxHalfCpltCallback
 .text.SPI_DMAHalfTransmitCplt
                0x0000000008001806        0xa ./Drivers/STM32F3xx_HAL_Driver/Src/stm32f3xx_hal_spi.o
 .text.HAL_SPI_RxHalfCpltCallback
                0x0000000008001810        0x2 ./Drivers/STM32F3xx_HAL_Driver/Src/stm32f3xx_hal_spi.o
                0x0000000008001810                HAL_SPI_RxHalfCpltCallback
 .text.SPI_DMAHalfReceiveCplt
                0x0000000008001812        0xa ./Drivers/STM32F3xx_HAL_Driver/Src/stm32f3xx_hal_spi.o
 .text.HAL_SPI_TxRxHalfCpltCallback
                0x000000000800181c        0x2 ./Drivers/STM32F3xx_HAL_Driver/Src/stm32f3xx_hal_spi.o
                0x000000000800181c                HAL_SPI_TxRxHalfCpltCallback
 .text.SPI_DMAHalfTransmitReceiveCplt
                0x000000000800181e        0xa ./Drivers/STM32F3xx_HAL_Driver/Src/stm32f3xx_hal_spi.o
 .text.HAL_SPI_ErrorCallback
                0x0000000008001828        0x2 ./Drivers/STM32F3xx_HAL_Driver/Src/stm32f3xx_hal_spi.o
                0x0000000008001828                HAL_SPI_ErrorCallback
 .text.SPI_DMAError
                0x000000000800182a       0x22 ./Drivers/STM32F3xx_HAL_Driver/Src/stm32f3xx_hal_spi.o
 .text.SPI_DMATransmitCplt
                0x000000000800184c       0x70 ./Drivers/STM32F3xx_HAL_Driver/Src/stm32f3xx_hal_spi.o
 .text.SPI_DMAReceiveCplt
                0x00000000080018bc       0x70 ./Drivers/STM32F3xx_HAL_Driver/Src/stm32f3xx_hal_spi.o
 .text.SPI_DMATransmitReceiveCplt
                0x000000000800192c       0x5e ./Drivers/STM32F3xx_HAL_Driver/Src/stm32f3xx_hal_spi.o
 *fill*         0x000000000800198a        0x2 
 .text.HAL_SPI_IRQHandler
                0x000000000800198c      0x124 ./Drivers/STM32F3xx_HAL_Driver/Src/stm32f3xx_hal_spi.o
                0x000000000800198c                HAL_SPI_IRQHandler
 .text.SPI_DMAAbortOnError
                0x0000000008001ab0       0x12 ./Drivers/STM32F3xx_HAL_Driver/Src/stm32f3xx_hal_spi.o
 *fill*         0x0000000008001ac2        0x2 
 .text.HAL_TIM_Base_Start
                0x0000000008001ac4       0x7c ./Drivers/STM32F3xx_HAL_Driver/Src/stm32f3xx_hal_tim.o
                0x0000000008001ac4                HAL_TIM_Base_Start
 .text.TIM_Base_SetConfig
                0x0000000008001b40       0xb8 ./Drivers/STM32F3xx_HAL_Driver/Src/stm32f3xx_hal_tim.o
                0x0000000008001b40                TIM_Base_SetConfig
 .text.HAL_TIM_Base_Init
                0x0000000008001bf8       0x60 ./Drivers/STM32F3xx_HAL_Driver/Src/stm32f3xx_hal_tim.o
                0x0000000008001bf8                HAL_TIM_Base_Init
 .text.smallRbit
                0x0000000008001c58        0x8 ./Src/MN15439A.o
                0x0000000008001c58                smallRbit
 .text.Delay_us
                0x0000000008001c60       0x14 ./Src/MN15439A.o
                0x0000000008001c60                Delay_us
 .text.VFDLoadBMP
                0x0000000008001c74      0x4f0 ./Src/MN15439A.o
                0x0000000008001c74                VFDLoadBMP
 .text.VFDFill  0x0000000008002164       0x20 ./Src/MN15439A.o
                0x0000000008002164                VFDFill
 .text.VFDsetup
                0x0000000008002184       0x2c ./Src/MN15439A.o
                0x0000000008002184                VFDsetup
 .text.VFDLoadPart
                0x00000000080021b0       0x48 ./Src/MN15439A.o
                0x00000000080021b0                VFDLoadPart
 .text.VFDPrint
                0x00000000080021f8       0x88 ./Src/MN15439A.o
                0x00000000080021f8                VFDPrint
 .text.MX_DMA_Init
                0x0000000008002280       0x44 ./Src/dma.o
                0x0000000008002280                MX_DMA_Init
 .text.MX_GPIO_Init
                0x00000000080022c4      0x128 ./Src/gpio.o
                0x00000000080022c4                MX_GPIO_Init
 .text.SystemClock_Config
                0x00000000080023ec       0x56 ./Src/main.o
                0x00000000080023ec                SystemClock_Config
 *fill*         0x0000000008002442        0x2 
 .text.main     0x0000000008002444       0x7c ./Src/main.o
                0x0000000008002444                main
 .text.HAL_GPIO_EXTI_Callback
                0x00000000080024c0       0x1c ./Src/main.o
                0x00000000080024c0                HAL_GPIO_EXTI_Callback
 .text.HAL_SPI_RxCpltCallback
                0x00000000080024dc        0xc ./Src/main.o
                0x00000000080024dc                HAL_SPI_RxCpltCallback
 .text.Error_Handler
                0x00000000080024e8        0x2 ./Src/main.o
                0x00000000080024e8                Error_Handler
 *fill*         0x00000000080024ea        0x2 
 .text.MX_SPI1_Init
                0x00000000080024ec       0x48 ./Src/spi.o
                0x00000000080024ec                MX_SPI1_Init
 .text.MX_SPI2_Init
                0x0000000008002534       0x50 ./Src/spi.o
                0x0000000008002534                MX_SPI2_Init
 .text.HAL_SPI_MspInit
                0x0000000008002584      0x13c ./Src/spi.o
                0x0000000008002584                HAL_SPI_MspInit
 .text.HAL_MspInit
                0x00000000080026c0       0x30 ./Src/stm32f3xx_hal_msp.o
                0x00000000080026c0                HAL_MspInit
 .text.NMI_Handler
                0x00000000080026f0        0x2 ./Src/stm32f3xx_it.o
                0x00000000080026f0                NMI_Handler
 .text.HardFault_Handler
                0x00000000080026f2        0x2 ./Src/stm32f3xx_it.o
                0x00000000080026f2                HardFault_Handler
 .text.MemManage_Handler
                0x00000000080026f4        0x2 ./Src/stm32f3xx_it.o
                0x00000000080026f4                MemManage_Handler
 .text.BusFault_Handler
                0x00000000080026f6        0x2 ./Src/stm32f3xx_it.o
                0x00000000080026f6                BusFault_Handler
 .text.UsageFault_Handler
                0x00000000080026f8        0x2 ./Src/stm32f3xx_it.o
                0x00000000080026f8                UsageFault_Handler
 .text.SVC_Handler
                0x00000000080026fa        0x2 ./Src/stm32f3xx_it.o
                0x00000000080026fa                SVC_Handler
 .text.DebugMon_Handler
                0x00000000080026fc        0x2 ./Src/stm32f3xx_it.o
                0x00000000080026fc                DebugMon_Handler
 .text.PendSV_Handler
                0x00000000080026fe        0x2 ./Src/stm32f3xx_it.o
                0x00000000080026fe                PendSV_Handler
 .text.SysTick_Handler
                0x0000000008002700        0x8 ./Src/stm32f3xx_it.o
                0x0000000008002700                SysTick_Handler
 .text.EXTI4_IRQHandler
                0x0000000008002708        0xa ./Src/stm32f3xx_it.o
                0x0000000008002708                EXTI4_IRQHandler
 *fill*         0x0000000008002712        0x2 
 .text.DMA1_Channel2_IRQHandler
                0x0000000008002714       0x10 ./Src/stm32f3xx_it.o
                0x0000000008002714                DMA1_Channel2_IRQHandler
 .text.DMA1_Channel5_IRQHandler
                0x0000000008002724       0x10 ./Src/stm32f3xx_it.o
                0x0000000008002724                DMA1_Channel5_IRQHandler
 .text.SPI1_IRQHandler
                0x0000000008002734       0x10 ./Src/stm32f3xx_it.o
                0x0000000008002734                SPI1_IRQHandler
 .text._sbrk    0x0000000008002744       0x3c ./Src/syscalls.o
                0x0000000008002744                _sbrk
 .text.SystemInit
                0x0000000008002780       0x1c ./Src/system_stm32f3xx.o
                0x0000000008002780                SystemInit
 .text.MX_TIM17_Init
                0x000000000800279c       0x34 ./Src/tim.o
                0x000000000800279c                MX_TIM17_Init
 .text.HAL_TIM_Base_MspInit
                0x00000000080027d0       0x2c ./Src/tim.o
                0x00000000080027d0                HAL_TIM_Base_MspInit
 .text.Reset_Handler
                0x00000000080027fc       0x50 ./Startup/startup_stm32f303vctx.o
                0x00000000080027fc                Reset_Handler
 .text.Default_Handler
                0x000000000800284c        0x2 ./Startup/startup_stm32f303vctx.o
                0x000000000800284c                RTC_Alarm_IRQHandler
                0x000000000800284c                TIM8_TRG_COM_IRQHandler
                0x000000000800284c                TIM8_CC_IRQHandler
                0x000000000800284c                TIM1_CC_IRQHandler
                0x000000000800284c                USB_HP_IRQHandler
                0x000000000800284c                PVD_IRQHandler
                0x000000000800284c                TAMP_STAMP_IRQHandler
                0x000000000800284c                EXTI3_IRQHandler
                0x000000000800284c                USB_HP_CAN_TX_IRQHandler
                0x000000000800284c                EXTI0_IRQHandler
                0x000000000800284c                I2C2_EV_IRQHandler
                0x000000000800284c                FPU_IRQHandler
                0x000000000800284c                TIM1_UP_TIM16_IRQHandler
                0x000000000800284c                ADC1_2_IRQHandler
                0x000000000800284c                CAN_SCE_IRQHandler
                0x000000000800284c                TIM6_DAC_IRQHandler
                0x000000000800284c                TIM8_UP_IRQHandler
                0x000000000800284c                DMA2_Channel2_IRQHandler
                0x000000000800284c                DMA1_Channel4_IRQHandler
                0x000000000800284c                USART3_IRQHandler
                0x000000000800284c                DMA1_Channel7_IRQHandler
                0x000000000800284c                UART5_IRQHandler
                0x000000000800284c                ADC3_IRQHandler
                0x000000000800284c                TIM4_IRQHandler
                0x000000000800284c                CAN_RX1_IRQHandler
                0x000000000800284c                DMA2_Channel1_IRQHandler
                0x000000000800284c                I2C1_EV_IRQHandler
                0x000000000800284c                DMA1_Channel6_IRQHandler
                0x000000000800284c                UART4_IRQHandler
                0x000000000800284c                DMA2_Channel4_IRQHandler
                0x000000000800284c                TIM3_IRQHandler
                0x000000000800284c                RCC_IRQHandler
                0x000000000800284c                DMA1_Channel1_IRQHandler
                0x000000000800284c                Default_Handler
                0x000000000800284c                USBWakeUp_RMP_IRQHandler
                0x000000000800284c                EXTI15_10_IRQHandler
                0x000000000800284c                TIM7_IRQHandler
                0x000000000800284c                EXTI9_5_IRQHandler
                0x000000000800284c                RTC_WKUP_IRQHandler
                0x000000000800284c                SPI2_IRQHandler
                0x000000000800284c                USB_LP_CAN_RX0_IRQHandler
                0x000000000800284c                DMA2_Channel5_IRQHandler
                0x000000000800284c                USB_LP_IRQHandler
                0x000000000800284c                TIM1_TRG_COM_TIM17_IRQHandler
                0x000000000800284c                DMA1_Channel3_IRQHandler
                0x000000000800284c                ADC4_IRQHandler
                0x000000000800284c                WWDG_IRQHandler
                0x000000000800284c                TIM2_IRQHandler
                0x000000000800284c                COMP7_IRQHandler
                0x000000000800284c                COMP1_2_3_IRQHandler
                0x000000000800284c                EXTI1_IRQHandler
                0x000000000800284c                USART2_IRQHandler
                0x000000000800284c                COMP4_5_6_IRQHandler
                0x000000000800284c                I2C2_ER_IRQHandler
                0x000000000800284c                TIM8_BRK_IRQHandler
                0x000000000800284c                FLASH_IRQHandler
                0x000000000800284c                USART1_IRQHandler
                0x000000000800284c                SPI3_IRQHandler
                0x000000000800284c                I2C1_ER_IRQHandler
                0x000000000800284c                USBWakeUp_IRQHandler
                0x000000000800284c                DMA2_Channel3_IRQHandler
                0x000000000800284c                EXTI2_TSC_IRQHandler
                0x000000000800284c                TIM1_BRK_TIM15_IRQHandler
 *fill*         0x000000000800284e        0x2 
 .text.__errno  0x0000000008002850        0xc c:/st/stm32cubeide_1.7.0/stm32cubeide/plugins/com.st.stm32cube.ide.mcu.externaltools.gnu-tools-for-stm32.9-2020-q2-update.win32_2.0.0.202105311346/tools/bin/../lib/gcc/arm-none-eabi/9.3.1/../../../../arm-none-eabi/lib/thumb/v7e-m+fp/hard\libc_nano.a(lib_a-errno.o)
                0x0000000008002850                __errno
 .text.__libc_init_array
                0x000000000800285c       0x48 c:/st/stm32cubeide_1.7.0/stm32cubeide/plugins/com.st.stm32cube.ide.mcu.externaltools.gnu-tools-for-stm32.9-2020-q2-update.win32_2.0.0.202105311346/tools/bin/../lib/gcc/arm-none-eabi/9.3.1/../../../../arm-none-eabi/lib/thumb/v7e-m+fp/hard\libc_nano.a(lib_a-init.o)
                0x000000000800285c                __libc_init_array
 .text.malloc   0x00000000080028a4       0x10 c:/st/stm32cubeide_1.7.0/stm32cubeide/plugins/com.st.stm32cube.ide.mcu.externaltools.gnu-tools-for-stm32.9-2020-q2-update.win32_2.0.0.202105311346/tools/bin/../lib/gcc/arm-none-eabi/9.3.1/../../../../arm-none-eabi/lib/thumb/v7e-m+fp/hard\libc_nano.a(lib_a-malloc.o)
                0x00000000080028a4                malloc
 .text.memcpy   0x00000000080028b4       0x1c c:/st/stm32cubeide_1.7.0/stm32cubeide/plugins/com.st.stm32cube.ide.mcu.externaltools.gnu-tools-for-stm32.9-2020-q2-update.win32_2.0.0.202105311346/tools/bin/../lib/gcc/arm-none-eabi/9.3.1/../../../../arm-none-eabi/lib/thumb/v7e-m+fp/hard\libc_nano.a(lib_a-memcpy-stub.o)
                0x00000000080028b4                memcpy
 .text.memset   0x00000000080028d0       0x10 c:/st/stm32cubeide_1.7.0/stm32cubeide/plugins/com.st.stm32cube.ide.mcu.externaltools.gnu-tools-for-stm32.9-2020-q2-update.win32_2.0.0.202105311346/tools/bin/../lib/gcc/arm-none-eabi/9.3.1/../../../../arm-none-eabi/lib/thumb/v7e-m+fp/hard\libc_nano.a(lib_a-memset.o)
                0x00000000080028d0                memset
 .text._malloc_r
                0x00000000080028e0       0xb4 c:/st/stm32cubeide_1.7.0/stm32cubeide/plugins/com.st.stm32cube.ide.mcu.externaltools.gnu-tools-for-stm32.9-2020-q2-update.win32_2.0.0.202105311346/tools/bin/../lib/gcc/arm-none-eabi/9.3.1/../../../../arm-none-eabi/lib/thumb/v7e-m+fp/hard\libc_nano.a(lib_a-nano-mallocr.o)
                0x00000000080028e0                _malloc_r
 .text._sbrk_r  0x0000000008002994       0x20 c:/st/stm32cubeide_1.7.0/stm32cubeide/plugins/com.st.stm32cube.ide.mcu.externaltools.gnu-tools-for-stm32.9-2020-q2-update.win32_2.0.0.202105311346/tools/bin/../lib/gcc/arm-none-eabi/9.3.1/../../../../arm-none-eabi/lib/thumb/v7e-m+fp/hard\libc_nano.a(lib_a-sbrkr.o)
                0x0000000008002994                _sbrk_r
 .text.__malloc_lock
                0x00000000080029b4        0xc c:/st/stm32cubeide_1.7.0/stm32cubeide/plugins/com.st.stm32cube.ide.mcu.externaltools.gnu-tools-for-stm32.9-2020-q2-update.win32_2.0.0.202105311346/tools/bin/../lib/gcc/arm-none-eabi/9.3.1/../../../../arm-none-eabi/lib/thumb/v7e-m+fp/hard\libc_nano.a(lib_a-mlock.o)
                0x00000000080029b4                __malloc_lock
 .text.__malloc_unlock
                0x00000000080029c0        0xc c:/st/stm32cubeide_1.7.0/stm32cubeide/plugins/com.st.stm32cube.ide.mcu.externaltools.gnu-tools-for-stm32.9-2020-q2-update.win32_2.0.0.202105311346/tools/bin/../lib/gcc/arm-none-eabi/9.3.1/../../../../arm-none-eabi/lib/thumb/v7e-m+fp/hard\libc_nano.a(lib_a-mlock.o)
                0x00000000080029c0                __malloc_unlock
 .text.__retarget_lock_acquire_recursive
                0x00000000080029cc        0x2 c:/st/stm32cubeide_1.7.0/stm32cubeide/plugins/com.st.stm32cube.ide.mcu.externaltools.gnu-tools-for-stm32.9-2020-q2-update.win32_2.0.0.202105311346/tools/bin/../lib/gcc/arm-none-eabi/9.3.1/../../../../arm-none-eabi/lib/thumb/v7e-m+fp/hard\libc_nano.a(lib_a-lock.o)
                0x00000000080029cc                __retarget_lock_acquire_recursive
 .text.__retarget_lock_release_recursive
                0x00000000080029ce        0x2 c:/st/stm32cubeide_1.7.0/stm32cubeide/plugins/com.st.stm32cube.ide.mcu.externaltools.gnu-tools-for-stm32.9-2020-q2-update.win32_2.0.0.202105311346/tools/bin/../lib/gcc/arm-none-eabi/9.3.1/../../../../arm-none-eabi/lib/thumb/v7e-m+fp/hard\libc_nano.a(lib_a-lock.o)
                0x00000000080029ce                __retarget_lock_release_recursive
 *(.glue_7)
 .glue_7        0x00000000080029d0        0x0 linker stubs
 *(.glue_7t)
 .glue_7t       0x00000000080029d0        0x0 linker stubs
 *(.eh_frame)
 .eh_frame      0x00000000080029d0        0x0 c:/st/stm32cubeide_1.7.0/stm32cubeide/plugins/com.st.stm32cube.ide.mcu.externaltools.gnu-tools-for-stm32.9-2020-q2-update.win32_2.0.0.202105311346/tools/bin/../lib/gcc/arm-none-eabi/9.3.1/thumb/v7e-m+fp/hard/crtbegin.o
 *(.init)
 .init          0x00000000080029d0        0x4 c:/st/stm32cubeide_1.7.0/stm32cubeide/plugins/com.st.stm32cube.ide.mcu.externaltools.gnu-tools-for-stm32.9-2020-q2-update.win32_2.0.0.202105311346/tools/bin/../lib/gcc/arm-none-eabi/9.3.1/thumb/v7e-m+fp/hard/crti.o
                0x00000000080029d0                _init
 .init          0x00000000080029d4        0x8 c:/st/stm32cubeide_1.7.0/stm32cubeide/plugins/com.st.stm32cube.ide.mcu.externaltools.gnu-tools-for-stm32.9-2020-q2-update.win32_2.0.0.202105311346/tools/bin/../lib/gcc/arm-none-eabi/9.3.1/thumb/v7e-m+fp/hard/crtn.o
 *(.fini)
 .fini          0x00000000080029dc        0x4 c:/st/stm32cubeide_1.7.0/stm32cubeide/plugins/com.st.stm32cube.ide.mcu.externaltools.gnu-tools-for-stm32.9-2020-q2-update.win32_2.0.0.202105311346/tools/bin/../lib/gcc/arm-none-eabi/9.3.1/thumb/v7e-m+fp/hard/crti.o
                0x00000000080029dc                _fini
 .fini          0x00000000080029e0        0x8 c:/st/stm32cubeide_1.7.0/stm32cubeide/plugins/com.st.stm32cube.ide.mcu.externaltools.gnu-tools-for-stm32.9-2020-q2-update.win32_2.0.0.202105311346/tools/bin/../lib/gcc/arm-none-eabi/9.3.1/thumb/v7e-m+fp/hard/crtn.o
                0x00000000080029e8                . = ALIGN (0x4)
                0x00000000080029e8                _etext = .

.vfp11_veneer   0x00000000080029e8        0x0
 .vfp11_veneer  0x00000000080029e8        0x0 linker stubs

.v4_bx          0x00000000080029e8        0x0
 .v4_bx         0x00000000080029e8        0x0 linker stubs

.iplt           0x00000000080029e8        0x0
 .iplt          0x00000000080029e8        0x0 c:/st/stm32cubeide_1.7.0/stm32cubeide/plugins/com.st.stm32cube.ide.mcu.externaltools.gnu-tools-for-stm32.9-2020-q2-update.win32_2.0.0.202105311346/tools/bin/../lib/gcc/arm-none-eabi/9.3.1/thumb/v7e-m+fp/hard/crtbegin.o

.rodata         0x00000000080029e8      0x3bc
                0x00000000080029e8                . = ALIGN (0x4)
 *(.rodata)
 .rodata        0x00000000080029e8       0x20 ./Drivers/STM32F3xx_HAL_Driver/Src/stm32f3xx_hal_rcc.o
                0x00000000080029e8                aPLLMULFactorTable
                0x00000000080029f8                aPredivFactorTable
 .rodata        0x0000000008002a08      0x324 ./Src/MN15439A.o
                0x0000000008002a2c                font8x8_basic
 .rodata        0x0000000008002d2c       0x18 ./Src/system_stm32f3xx.o
                0x0000000008002d2c                AHBPrescTable
                0x0000000008002d3c                APBPrescTable
 *(.rodata*)
 .rodata.str1.4
                0x0000000008002d44       0x5f ./Src/main.o
                0x0000000008002da4                . = ALIGN (0x4)
 *fill*         0x0000000008002da3        0x1 

.rel.dyn        0x0000000008002da4        0x0
 .rel.iplt      0x0000000008002da4        0x0 c:/st/stm32cubeide_1.7.0/stm32cubeide/plugins/com.st.stm32cube.ide.mcu.externaltools.gnu-tools-for-stm32.9-2020-q2-update.win32_2.0.0.202105311346/tools/bin/../lib/gcc/arm-none-eabi/9.3.1/thumb/v7e-m+fp/hard/crtbegin.o

.ARM.extab
 *(.ARM.extab* .gnu.linkonce.armextab.*)

.ARM            0x0000000008002da4        0x0
                0x0000000008002da4                __exidx_start = .
 *(.ARM.exidx*)
                0x0000000008002da4                __exidx_end = .

.preinit_array  0x0000000008002da4        0x0
                0x0000000008002da4                PROVIDE (__preinit_array_start = .)
 *(.preinit_array*)
                0x0000000008002da4                PROVIDE (__preinit_array_end = .)

.init_array     0x0000000008002da4        0x4
                0x0000000008002da4                PROVIDE (__init_array_start = .)
 *(SORT_BY_NAME(.init_array.*))
 *(.init_array*)
 .init_array    0x0000000008002da4        0x4 c:/st/stm32cubeide_1.7.0/stm32cubeide/plugins/com.st.stm32cube.ide.mcu.externaltools.gnu-tools-for-stm32.9-2020-q2-update.win32_2.0.0.202105311346/tools/bin/../lib/gcc/arm-none-eabi/9.3.1/thumb/v7e-m+fp/hard/crtbegin.o
                0x0000000008002da8                PROVIDE (__init_array_end = .)

.fini_array     0x0000000008002da8        0x4
                [!provide]                        PROVIDE (__fini_array_start = .)
 *(SORT_BY_NAME(.fini_array.*))
 *(.fini_array*)
 .fini_array    0x0000000008002da8        0x4 c:/st/stm32cubeide_1.7.0/stm32cubeide/plugins/com.st.stm32cube.ide.mcu.externaltools.gnu-tools-for-stm32.9-2020-q2-update.win32_2.0.0.202105311346/tools/bin/../lib/gcc/arm-none-eabi/9.3.1/thumb/v7e-m+fp/hard/crtbegin.o
                [!provide]                        PROVIDE (__fini_array_end = .)
                0x0000000008002dac                _sidata = LOADADDR (.data)

.data           0x0000000020000000       0x74 load address 0x0000000008002dac
                0x0000000020000000                . = ALIGN (0x4)
                0x0000000020000000                _sdata = .
 *(.data)
 .data          0x0000000020000000        0x8 ./Drivers/STM32F3xx_HAL_Driver/Src/stm32f3xx_hal.o
                0x0000000020000000                uwTickFreq
                0x0000000020000004                uwTickPrio
 .data          0x0000000020000008        0x2 ./Src/MN15439A.o
 .data          0x000000002000000a        0x1 ./Src/main.o
                0x000000002000000a                GridNum
 *fill*         0x000000002000000b        0x1 
 .data          0x000000002000000c        0x4 ./Src/system_stm32f3xx.o
                0x000000002000000c                SystemCoreClock
 *(.data*)
 .data._impure_ptr
                0x0000000020000010        0x4 c:/st/stm32cubeide_1.7.0/stm32cubeide/plugins/com.st.stm32cube.ide.mcu.externaltools.gnu-tools-for-stm32.9-2020-q2-update.win32_2.0.0.202105311346/tools/bin/../lib/gcc/arm-none-eabi/9.3.1/../../../../arm-none-eabi/lib/thumb/v7e-m+fp/hard\libc_nano.a(lib_a-impure.o)
                0x0000000020000010                _impure_ptr
 .data.impure_data
                0x0000000020000014       0x60 c:/st/stm32cubeide_1.7.0/stm32cubeide/plugins/com.st.stm32cube.ide.mcu.externaltools.gnu-tools-for-stm32.9-2020-q2-update.win32_2.0.0.202105311346/tools/bin/../lib/gcc/arm-none-eabi/9.3.1/../../../../arm-none-eabi/lib/thumb/v7e-m+fp/hard\libc_nano.a(lib_a-impure.o)
                0x0000000020000074                . = ALIGN (0x4)
                0x0000000020000074                _edata = .
                0x0000000008002e20                _siccmram = LOADADDR (.ccmram)

.igot.plt       0x0000000020000074        0x0 load address 0x0000000008002e20
 .igot.plt      0x0000000020000074        0x0 c:/st/stm32cubeide_1.7.0/stm32cubeide/plugins/com.st.stm32cube.ide.mcu.externaltools.gnu-tools-for-stm32.9-2020-q2-update.win32_2.0.0.202105311346/tools/bin/../lib/gcc/arm-none-eabi/9.3.1/thumb/v7e-m+fp/hard/crtbegin.o

.ccmram         0x0000000010000000        0x0 load address 0x0000000008002e20
                0x0000000010000000                . = ALIGN (0x4)
                0x0000000010000000                _sccmram = .
 *(.ccmram)
 *(.ccmram*)
                0x0000000010000000                . = ALIGN (0x4)
                0x0000000010000000                _eccmram = .
                0x0000000010000000                . = ALIGN (0x4)

.bss            0x0000000020000074      0x244
                0x0000000020000074                _sbss = .
                0x0000000020000074                __bss_start__ = _sbss
 *(.bss)
 .bss           0x0000000020000074       0x1c c:/st/stm32cubeide_1.7.0/stm32cubeide/plugins/com.st.stm32cube.ide.mcu.externaltools.gnu-tools-for-stm32.9-2020-q2-update.win32_2.0.0.202105311346/tools/bin/../lib/gcc/arm-none-eabi/9.3.1/thumb/v7e-m+fp/hard/crtbegin.o
 .bss           0x0000000020000090       0x58 ./Src/MN15439A.o
 .bss           0x00000000200000e8        0x8 ./Src/syscalls.o
                0x00000000200000ec                __env
 *(.bss*)
 .bss.__malloc_free_list
                0x00000000200000f0        0x4 c:/st/stm32cubeide_1.7.0/stm32cubeide/plugins/com.st.stm32cube.ide.mcu.externaltools.gnu-tools-for-stm32.9-2020-q2-update.win32_2.0.0.202105311346/tools/bin/../lib/gcc/arm-none-eabi/9.3.1/../../../../arm-none-eabi/lib/thumb/v7e-m+fp/hard\libc_nano.a(lib_a-nano-mallocr.o)
                0x00000000200000f0                __malloc_free_list
 .bss.__malloc_sbrk_start
                0x00000000200000f4        0x4 c:/st/stm32cubeide_1.7.0/stm32cubeide/plugins/com.st.stm32cube.ide.mcu.externaltools.gnu-tools-for-stm32.9-2020-q2-update.win32_2.0.0.202105311346/tools/bin/../lib/gcc/arm-none-eabi/9.3.1/../../../../arm-none-eabi/lib/thumb/v7e-m+fp/hard\libc_nano.a(lib_a-nano-mallocr.o)
                0x00000000200000f4                __malloc_sbrk_start
 *(COMMON)
 COMMON         0x00000000200000f8        0x4 ./Drivers/STM32F3xx_HAL_Driver/Src/stm32f3xx_hal.o
                0x00000000200000f8                uwTick
 COMMON         0x00000000200000fc       0x10 ./Src/main.o
                0x00000000200000fc                VFDDisp
 COMMON         0x000000002000010c      0x150 ./Src/spi.o
                0x000000002000010c                hspi2
                0x0000000020000170                hspi1
                0x00000000200001d4                hdma_spi1_rx
                0x0000000020000218                hdma_spi2_tx
 COMMON         0x000000002000025c       0x4c ./Src/tim.o
                0x000000002000025c                htim17
 COMMON         0x00000000200002a8        0x4 c:/st/stm32cubeide_1.7.0/stm32cubeide/plugins/com.st.stm32cube.ide.mcu.externaltools.gnu-tools-for-stm32.9-2020-q2-update.win32_2.0.0.202105311346/tools/bin/../lib/gcc/arm-none-eabi/9.3.1/../../../../arm-none-eabi/lib/thumb/v7e-m+fp/hard\libc_nano.a(lib_a-reent.o)
                0x00000000200002a8                errno
 COMMON         0x00000000200002ac        0x9 c:/st/stm32cubeide_1.7.0/stm32cubeide/plugins/com.st.stm32cube.ide.mcu.externaltools.gnu-tools-for-stm32.9-2020-q2-update.win32_2.0.0.202105311346/tools/bin/../lib/gcc/arm-none-eabi/9.3.1/../../../../arm-none-eabi/lib/thumb/v7e-m+fp/hard\libc_nano.a(lib_a-lock.o)
                0x00000000200002ac                __lock___atexit_recursive_mutex
                0x00000000200002ad                __lock___arc4random_mutex
                0x00000000200002ae                __lock___env_recursive_mutex
                0x00000000200002af                __lock___sinit_recursive_mutex
                0x00000000200002b0                __lock___malloc_recursive_mutex
                0x00000000200002b1                __lock___at_quick_exit_mutex
                0x00000000200002b2                __lock___dd_hash_mutex
                0x00000000200002b3                __lock___tz_mutex
                0x00000000200002b4                __lock___sfp_recursive_mutex
                0x00000000200002b8                . = ALIGN (0x4)
 *fill*         0x00000000200002b5        0x3 
                0x00000000200002b8                _ebss = .
                0x00000000200002b8                __bss_end__ = _ebss

._user_heap_stack
                0x00000000200002b8      0x600
                0x00000000200002b8                . = ALIGN (0x8)
                0x00000000200002b8                PROVIDE (end = .)
                [!provide]                        PROVIDE (_end = .)
                0x00000000200004b8                . = (. + _Min_Heap_Size)
 *fill*         0x00000000200002b8      0x200 
                0x00000000200008b8                . = (. + _Min_Stack_Size)
 *fill*         0x00000000200004b8      0x400 
                0x00000000200008b8                . = ALIGN (0x8)

/DISCARD/
 libc.a(*)
 libm.a(*)
 libgcc.a(*)

.ARM.attributes
                0x0000000000000000       0x30
 *(.ARM.attributes)
 .ARM.attributes
                0x0000000000000000       0x1e c:/st/stm32cubeide_1.7.0/stm32cubeide/plugins/com.st.stm32cube.ide.mcu.externaltools.gnu-tools-for-stm32.9-2020-q2-update.win32_2.0.0.202105311346/tools/bin/../lib/gcc/arm-none-eabi/9.3.1/thumb/v7e-m+fp/hard/crti.o
 .ARM.attributes
                0x000000000000001e       0x34 c:/st/stm32cubeide_1.7.0/stm32cubeide/plugins/com.st.stm32cube.ide.mcu.externaltools.gnu-tools-for-stm32.9-2020-q2-update.win32_2.0.0.202105311346/tools/bin/../lib/gcc/arm-none-eabi/9.3.1/thumb/v7e-m+fp/hard/crtbegin.o
 .ARM.attributes
                0x0000000000000052       0x34 ./Drivers/STM32F3xx_HAL_Driver/Src/stm32f3xx_hal.o
 .ARM.attributes
                0x0000000000000086       0x34 ./Drivers/STM32F3xx_HAL_Driver/Src/stm32f3xx_hal_cortex.o
 .ARM.attributes
                0x00000000000000ba       0x34 ./Drivers/STM32F3xx_HAL_Driver/Src/stm32f3xx_hal_dma.o
 .ARM.attributes
                0x00000000000000ee       0x34 ./Drivers/STM32F3xx_HAL_Driver/Src/stm32f3xx_hal_gpio.o
 .ARM.attributes
                0x0000000000000122       0x34 ./Drivers/STM32F3xx_HAL_Driver/Src/stm32f3xx_hal_rcc.o
 .ARM.attributes
                0x0000000000000156       0x34 ./Drivers/STM32F3xx_HAL_Driver/Src/stm32f3xx_hal_spi.o
 .ARM.attributes
                0x000000000000018a       0x34 ./Drivers/STM32F3xx_HAL_Driver/Src/stm32f3xx_hal_tim.o
 .ARM.attributes
                0x00000000000001be       0x34 ./Src/MN15439A.o
 .ARM.attributes
                0x00000000000001f2       0x34 ./Src/dma.o
 .ARM.attributes
                0x0000000000000226       0x34 ./Src/gpio.o
 .ARM.attributes
                0x000000000000025a       0x34 ./Src/main.o
 .ARM.attributes
                0x000000000000028e       0x34 ./Src/spi.o
 .ARM.attributes
                0x00000000000002c2       0x34 ./Src/stm32f3xx_hal_msp.o
 .ARM.attributes
                0x00000000000002f6       0x34 ./Src/stm32f3xx_it.o
 .ARM.attributes
                0x000000000000032a       0x34 ./Src/syscalls.o
 .ARM.attributes
                0x000000000000035e       0x34 ./Src/system_stm32f3xx.o
 .ARM.attributes
                0x0000000000000392       0x34 ./Src/tim.o
 .ARM.attributes
                0x00000000000003c6       0x21 ./Startup/startup_stm32f303vctx.o
 .ARM.attributes
                0x00000000000003e7       0x34 c:/st/stm32cubeide_1.7.0/stm32cubeide/plugins/com.st.stm32cube.ide.mcu.externaltools.gnu-tools-for-stm32.9-2020-q2-update.win32_2.0.0.202105311346/tools/bin/../lib/gcc/arm-none-eabi/9.3.1/../../../../arm-none-eabi/lib/thumb/v7e-m+fp/hard\libc_nano.a(lib_a-errno.o)
 .ARM.attributes
                0x000000000000041b       0x32 c:/st/stm32cubeide_1.7.0/stm32cubeide/plugins/com.st.stm32cube.ide.mcu.externaltools.gnu-tools-for-stm32.9-2020-q2-update.win32_2.0.0.202105311346/tools/bin/../lib/gcc/arm-none-eabi/9.3.1/../../../../arm-none-eabi/lib/thumb/v7e-m+fp/hard\libc_nano.a(lib_a-impure.o)
 .ARM.attributes
                0x000000000000044d       0x34 c:/st/stm32cubeide_1.7.0/stm32cubeide/plugins/com.st.stm32cube.ide.mcu.externaltools.gnu-tools-for-stm32.9-2020-q2-update.win32_2.0.0.202105311346/tools/bin/../lib/gcc/arm-none-eabi/9.3.1/../../../../arm-none-eabi/lib/thumb/v7e-m+fp/hard\libc_nano.a(lib_a-init.o)
 .ARM.attributes
                0x0000000000000481       0x34 c:/st/stm32cubeide_1.7.0/stm32cubeide/plugins/com.st.stm32cube.ide.mcu.externaltools.gnu-tools-for-stm32.9-2020-q2-update.win32_2.0.0.202105311346/tools/bin/../lib/gcc/arm-none-eabi/9.3.1/../../../../arm-none-eabi/lib/thumb/v7e-m+fp/hard\libc_nano.a(lib_a-malloc.o)
 .ARM.attributes
                0x00000000000004b5       0x34 c:/st/stm32cubeide_1.7.0/stm32cubeide/plugins/com.st.stm32cube.ide.mcu.externaltools.gnu-tools-for-stm32.9-2020-q2-update.win32_2.0.0.202105311346/tools/bin/../lib/gcc/arm-none-eabi/9.3.1/../../../../arm-none-eabi/lib/thumb/v7e-m+fp/hard\libc_nano.a(lib_a-memcpy-stub.o)
 .ARM.attributes
                0x00000000000004e9       0x34 c:/st/stm32cubeide_1.7.0/stm32cubeide/plugins/com.st.stm32cube.ide.mcu.externaltools.gnu-tools-for-stm32.9-2020-q2-update.win32_2.0.0.202105311346/tools/bin/../lib/gcc/arm-none-eabi/9.3.1/../../../../arm-none-eabi/lib/thumb/v7e-m+fp/hard\libc_nano.a(lib_a-memset.o)
 .ARM.attributes
                0x000000000000051d       0x34 c:/st/stm32cubeide_1.7.0/stm32cubeide/plugins/com.st.stm32cube.ide.mcu.externaltools.gnu-tools-for-stm32.9-2020-q2-update.win32_2.0.0.202105311346/tools/bin/../lib/gcc/arm-none-eabi/9.3.1/../../../../arm-none-eabi/lib/thumb/v7e-m+fp/hard\libc_nano.a(lib_a-nano-mallocr.o)
 .ARM.attributes
                0x0000000000000551       0x34 c:/st/stm32cubeide_1.7.0/stm32cubeide/plugins/com.st.stm32cube.ide.mcu.externaltools.gnu-tools-for-stm32.9-2020-q2-update.win32_2.0.0.202105311346/tools/bin/../lib/gcc/arm-none-eabi/9.3.1/../../../../arm-none-eabi/lib/thumb/v7e-m+fp/hard\libc_nano.a(lib_a-sbrkr.o)
 .ARM.attributes
                0x0000000000000585       0x34 c:/st/stm32cubeide_1.7.0/stm32cubeide/plugins/com.st.stm32cube.ide.mcu.externaltools.gnu-tools-for-stm32.9-2020-q2-update.win32_2.0.0.202105311346/tools/bin/../lib/gcc/arm-none-eabi/9.3.1/../../../../arm-none-eabi/lib/thumb/v7e-m+fp/hard\libc_nano.a(lib_a-mlock.o)
 .ARM.attributes
                0x00000000000005b9       0x34 c:/st/stm32cubeide_1.7.0/stm32cubeide/plugins/com.st.stm32cube.ide.mcu.externaltools.gnu-tools-for-stm32.9-2020-q2-update.win32_2.0.0.202105311346/tools/bin/../lib/gcc/arm-none-eabi/9.3.1/../../../../arm-none-eabi/lib/thumb/v7e-m+fp/hard\libc_nano.a(lib_a-reent.o)
 .ARM.attributes
                0x00000000000005ed       0x34 c:/st/stm32cubeide_1.7.0/stm32cubeide/plugins/com.st.stm32cube.ide.mcu.externaltools.gnu-tools-for-stm32.9-2020-q2-update.win32_2.0.0.202105311346/tools/bin/../lib/gcc/arm-none-eabi/9.3.1/../../../../arm-none-eabi/lib/thumb/v7e-m+fp/hard\libc_nano.a(lib_a-lock.o)
 .ARM.attributes
                0x0000000000000621       0x1e c:/st/stm32cubeide_1.7.0/stm32cubeide/plugins/com.st.stm32cube.ide.mcu.externaltools.gnu-tools-for-stm32.9-2020-q2-update.win32_2.0.0.202105311346/tools/bin/../lib/gcc/arm-none-eabi/9.3.1/thumb/v7e-m+fp/hard/crtn.o
OUTPUT(VFDHack32.elf elf32-littlearm)
LOAD linker stubs
LOAD c:/st/stm32cubeide_1.7.0/stm32cubeide/plugins/com.st.stm32cube.ide.mcu.externaltools.gnu-tools-for-stm32.9-2020-q2-update.win32_2.0.0.202105311346/tools/bin/../lib/gcc/arm-none-eabi/9.3.1/../../../../arm-none-eabi/lib/thumb/v7e-m+fp/hard\libc.a
LOAD c:/st/stm32cubeide_1.7.0/stm32cubeide/plugins/com.st.stm32cube.ide.mcu.externaltools.gnu-tools-for-stm32.9-2020-q2-update.win32_2.0.0.202105311346/tools/bin/../lib/gcc/arm-none-eabi/9.3.1/../../../../arm-none-eabi/lib/thumb/v7e-m+fp/hard\libm.a
LOAD c:/st/stm32cubeide_1.7.0/stm32cubeide/plugins/com.st.stm32cube.ide.mcu.externaltools.gnu-tools-for-stm32.9-2020-q2-update.win32_2.0.0.202105311346/tools/bin/../lib/gcc/arm-none-eabi/9.3.1/thumb/v7e-m+fp/hard\libgcc.a

.debug_info     0x0000000000000000    0x11a07
 .debug_info    0x0000000000000000      0x908 ./Drivers/STM32F3xx_HAL_Driver/Src/stm32f3xx_hal.o
 .debug_info    0x0000000000000908     0x10b7 ./Drivers/STM32F3xx_HAL_Driver/Src/stm32f3xx_hal_cortex.o
 .debug_info    0x00000000000019bf      0x972 ./Drivers/STM32F3xx_HAL_Driver/Src/stm32f3xx_hal_dma.o
 .debug_info    0x0000000000002331      0x7b3 ./Drivers/STM32F3xx_HAL_Driver/Src/stm32f3xx_hal_gpio.o
 .debug_info    0x0000000000002ae4     0x1697 ./Drivers/STM32F3xx_HAL_Driver/Src/stm32f3xx_hal_rcc.o
 .debug_info    0x000000000000417b     0x226d ./Drivers/STM32F3xx_HAL_Driver/Src/stm32f3xx_hal_spi.o
 .debug_info    0x00000000000063e8     0x3f73 ./Drivers/STM32F3xx_HAL_Driver/Src/stm32f3xx_hal_tim.o
 .debug_info    0x000000000000a35b     0x1bac ./Src/MN15439A.o
 .debug_info    0x000000000000bf07      0x4cb ./Src/dma.o
 .debug_info    0x000000000000c3d2      0x740 ./Src/gpio.o
 .debug_info    0x000000000000cb12     0x17e3 ./Src/main.o
 .debug_info    0x000000000000e2f5      0xd79 ./Src/spi.o
 .debug_info    0x000000000000f06e      0x299 ./Src/stm32f3xx_hal_msp.o
 .debug_info    0x000000000000f307      0x81a ./Src/stm32f3xx_it.o
 .debug_info    0x000000000000fb21     0x112f ./Src/syscalls.o
 .debug_info    0x0000000000010c50      0x4ae ./Src/system_stm32f3xx.o
 .debug_info    0x00000000000110fe      0x909 ./Src/tim.o

.debug_abbrev   0x0000000000000000     0x2653
 .debug_abbrev  0x0000000000000000      0x21c ./Drivers/STM32F3xx_HAL_Driver/Src/stm32f3xx_hal.o
 .debug_abbrev  0x000000000000021c      0x393 ./Drivers/STM32F3xx_HAL_Driver/Src/stm32f3xx_hal_cortex.o
 .debug_abbrev  0x00000000000005af      0x254 ./Drivers/STM32F3xx_HAL_Driver/Src/stm32f3xx_hal_dma.o
 .debug_abbrev  0x0000000000000803      0x216 ./Drivers/STM32F3xx_HAL_Driver/Src/stm32f3xx_hal_gpio.o
 .debug_abbrev  0x0000000000000a19      0x2e9 ./Drivers/STM32F3xx_HAL_Driver/Src/stm32f3xx_hal_rcc.o
 .debug_abbrev  0x0000000000000d02      0x26a ./Drivers/STM32F3xx_HAL_Driver/Src/stm32f3xx_hal_spi.o
 .debug_abbrev  0x0000000000000f6c      0x25b ./Drivers/STM32F3xx_HAL_Driver/Src/stm32f3xx_hal_tim.o
 .debug_abbrev  0x00000000000011c7      0x3fe ./Src/MN15439A.o
 .debug_abbrev  0x00000000000015c5      0x156 ./Src/dma.o
 .debug_abbrev  0x000000000000171b      0x187 ./Src/gpio.o
 .debug_abbrev  0x00000000000018a2      0x2c9 ./Src/main.o
 .debug_abbrev  0x0000000000001b6b      0x201 ./Src/spi.o
 .debug_abbrev  0x0000000000001d6c      0x11d ./Src/stm32f3xx_hal_msp.o
 .debug_abbrev  0x0000000000001e89      0x1ba ./Src/stm32f3xx_it.o
 .debug_abbrev  0x0000000000002043      0x2e3 ./Src/syscalls.o
 .debug_abbrev  0x0000000000002326      0x14b ./Src/system_stm32f3xx.o
 .debug_abbrev  0x0000000000002471      0x1e2 ./Src/tim.o

.debug_loc      0x0000000000000000     0xa4e0
 .debug_loc     0x0000000000000000      0x141 ./Drivers/STM32F3xx_HAL_Driver/Src/stm32f3xx_hal.o
 .debug_loc     0x0000000000000141      0x744 ./Drivers/STM32F3xx_HAL_Driver/Src/stm32f3xx_hal_cortex.o
 .debug_loc     0x0000000000000885      0x7f8 ./Drivers/STM32F3xx_HAL_Driver/Src/stm32f3xx_hal_dma.o
 .debug_loc     0x000000000000107d      0x32c ./Drivers/STM32F3xx_HAL_Driver/Src/stm32f3xx_hal_gpio.o
 .debug_loc     0x00000000000013a9      0xdf3 ./Drivers/STM32F3xx_HAL_Driver/Src/stm32f3xx_hal_rcc.o
 .debug_loc     0x000000000000219c     0x2078 ./Drivers/STM32F3xx_HAL_Driver/Src/stm32f3xx_hal_spi.o
 .debug_loc     0x0000000000004214     0x54e6 ./Drivers/STM32F3xx_HAL_Driver/Src/stm32f3xx_hal_tim.o
 .debug_loc     0x00000000000096fa      0x7bc ./Src/MN15439A.o
 .debug_loc     0x0000000000009eb6       0x25 ./Src/main.o
 .debug_loc     0x0000000000009edb       0xac ./Src/spi.o
 .debug_loc     0x0000000000009f87      0x436 ./Src/syscalls.o
 .debug_loc     0x000000000000a3bd      0x123 ./Src/system_stm32f3xx.o

.debug_aranges  0x0000000000000000      0xb68
 .debug_aranges
                0x0000000000000000       0xe0 ./Drivers/STM32F3xx_HAL_Driver/Src/stm32f3xx_hal.o
 .debug_aranges
                0x00000000000000e0       0xa8 ./Drivers/STM32F3xx_HAL_Driver/Src/stm32f3xx_hal_cortex.o
 .debug_aranges
                0x0000000000000188       0x88 ./Drivers/STM32F3xx_HAL_Driver/Src/stm32f3xx_hal_dma.o
 .debug_aranges
                0x0000000000000210       0x58 ./Drivers/STM32F3xx_HAL_Driver/Src/stm32f3xx_hal_gpio.o
 .debug_aranges
                0x0000000000000268       0x88 ./Drivers/STM32F3xx_HAL_Driver/Src/stm32f3xx_hal_rcc.o
 .debug_aranges
                0x00000000000002f0      0x1d8 ./Drivers/STM32F3xx_HAL_Driver/Src/stm32f3xx_hal_spi.o
 .debug_aranges
                0x00000000000004c8      0x3e0 ./Drivers/STM32F3xx_HAL_Driver/Src/stm32f3xx_hal_tim.o
 .debug_aranges
                0x00000000000008a8       0x60 ./Src/MN15439A.o
 .debug_aranges
                0x0000000000000908       0x20 ./Src/dma.o
 .debug_aranges
                0x0000000000000928       0x20 ./Src/gpio.o
 .debug_aranges
                0x0000000000000948       0x40 ./Src/main.o
 .debug_aranges
                0x0000000000000988       0x38 ./Src/spi.o
 .debug_aranges
                0x00000000000009c0       0x20 ./Src/stm32f3xx_hal_msp.o
 .debug_aranges
                0x00000000000009e0       0x80 ./Src/stm32f3xx_it.o
 .debug_aranges
                0x0000000000000a60       0xb0 ./Src/syscalls.o
 .debug_aranges
                0x0000000000000b10       0x28 ./Src/system_stm32f3xx.o
 .debug_aranges
                0x0000000000000b38       0x30 ./Src/tim.o

.debug_ranges   0x0000000000000000      0xb20
 .debug_ranges  0x0000000000000000       0xd0 ./Drivers/STM32F3xx_HAL_Driver/Src/stm32f3xx_hal.o
 .debug_ranges  0x00000000000000d0       0xf8 ./Drivers/STM32F3xx_HAL_Driver/Src/stm32f3xx_hal_cortex.o
 .debug_ranges  0x00000000000001c8       0x78 ./Drivers/STM32F3xx_HAL_Driver/Src/stm32f3xx_hal_dma.o
 .debug_ranges  0x0000000000000240       0x48 ./Drivers/STM32F3xx_HAL_Driver/Src/stm32f3xx_hal_gpio.o
 .debug_ranges  0x0000000000000288       0x98 ./Drivers/STM32F3xx_HAL_Driver/Src/stm32f3xx_hal_rcc.o
 .debug_ranges  0x0000000000000320      0x1c8 ./Drivers/STM32F3xx_HAL_Driver/Src/stm32f3xx_hal_spi.o
 .debug_ranges  0x00000000000004e8      0x3d0 ./Drivers/STM32F3xx_HAL_Driver/Src/stm32f3xx_hal_tim.o
 .debug_ranges  0x00000000000008b8       0x98 ./Src/MN15439A.o
 .debug_ranges  0x0000000000000950       0x10 ./Src/dma.o
 .debug_ranges  0x0000000000000960       0x10 ./Src/gpio.o
 .debug_ranges  0x0000000000000970       0x30 ./Src/main.o
 .debug_ranges  0x00000000000009a0       0x28 ./Src/spi.o
 .debug_ranges  0x00000000000009c8       0x10 ./Src/stm32f3xx_hal_msp.o
 .debug_ranges  0x00000000000009d8       0x70 ./Src/stm32f3xx_it.o
 .debug_ranges  0x0000000000000a48       0xa0 ./Src/syscalls.o
 .debug_ranges  0x0000000000000ae8       0x18 ./Src/system_stm32f3xx.o
 .debug_ranges  0x0000000000000b00       0x20 ./Src/tim.o

.debug_macro    0x0000000000000000    0x1f12a
 .debug_macro   0x0000000000000000      0x1fc ./Drivers/STM32F3xx_HAL_Driver/Src/stm32f3xx_hal.o
 .debug_macro   0x00000000000001fc      0xaa2 ./Drivers/STM32F3xx_HAL_Driver/Src/stm32f3xx_hal.o
 .debug_macro   0x0000000000000c9e      0x157 ./Drivers/STM32F3xx_HAL_Driver/Src/stm32f3xx_hal.o
 .debug_macro   0x0000000000000df5       0x2e ./Drivers/STM32F3xx_HAL_Driver/Src/stm32f3xx_hal.o
 .debug_macro   0x0000000000000e23       0x28 ./Drivers/STM32F3xx_HAL_Driver/Src/stm32f3xx_hal.o
 .debug_macro   0x0000000000000e4b       0x22 ./Drivers/STM32F3xx_HAL_Driver/Src/stm32f3xx_hal.o
 .debug_macro   0x0000000000000e6d       0x8e ./Drivers/STM32F3xx_HAL_Driver/Src/stm32f3xx_hal.o
 .debug_macro   0x0000000000000efb       0x51 ./Drivers/STM32F3xx_HAL_Driver/Src/stm32f3xx_hal.o
 .debug_macro   0x0000000000000f4c      0x103 ./Drivers/STM32F3xx_HAL_Driver/Src/stm32f3xx_hal.o
 .debug_macro   0x000000000000104f       0x6a ./Drivers/STM32F3xx_HAL_Driver/Src/stm32f3xx_hal.o
 .debug_macro   0x00000000000010b9      0x1df ./Drivers/STM32F3xx_HAL_Driver/Src/stm32f3xx_hal.o
 .debug_macro   0x0000000000001298       0x1c ./Drivers/STM32F3xx_HAL_Driver/Src/stm32f3xx_hal.o
 .debug_macro   0x00000000000012b4       0x22 ./Drivers/STM32F3xx_HAL_Driver/Src/stm32f3xx_hal.o
 .debug_macro   0x00000000000012d6       0xdf ./Drivers/STM32F3xx_HAL_Driver/Src/stm32f3xx_hal.o
 .debug_macro   0x00000000000013b5     0x102d ./Drivers/STM32F3xx_HAL_Driver/Src/stm32f3xx_hal.o
 .debug_macro   0x00000000000023e2      0x11f ./Drivers/STM32F3xx_HAL_Driver/Src/stm32f3xx_hal.o
 .debug_macro   0x0000000000002501    0x12a3a ./Drivers/STM32F3xx_HAL_Driver/Src/stm32f3xx_hal.o
 .debug_macro   0x0000000000014f3b       0x6d ./Drivers/STM32F3xx_HAL_Driver/Src/stm32f3xx_hal.o
 .debug_macro   0x0000000000014fa8     0x3540 ./Drivers/STM32F3xx_HAL_Driver/Src/stm32f3xx_hal.o
 .debug_macro   0x00000000000184e8      0x174 ./Drivers/STM32F3xx_HAL_Driver/Src/stm32f3xx_hal.o
 .debug_macro   0x000000000001865c       0x55 ./Drivers/STM32F3xx_HAL_Driver/Src/stm32f3xx_hal.o
 .debug_macro   0x00000000000186b1      0x962 ./Drivers/STM32F3xx_HAL_Driver/Src/stm32f3xx_hal.o
 .debug_macro   0x0000000000019013      0x5fe ./Drivers/STM32F3xx_HAL_Driver/Src/stm32f3xx_hal.o
 .debug_macro   0x0000000000019611      0x1b6 ./Drivers/STM32F3xx_HAL_Driver/Src/stm32f3xx_hal.o
 .debug_macro   0x00000000000197c7      0x1fb ./Drivers/STM32F3xx_HAL_Driver/Src/stm32f3xx_hal.o
 .debug_macro   0x00000000000199c2      0x1dc ./Drivers/STM32F3xx_HAL_Driver/Src/stm32f3xx_hal.o
 .debug_macro   0x0000000000019b9e      0x1bc ./Drivers/STM32F3xx_HAL_Driver/Src/stm32f3xx_hal.o
 .debug_macro   0x0000000000019d5a       0x30 ./Drivers/STM32F3xx_HAL_Driver/Src/stm32f3xx_hal.o
 .debug_macro   0x0000000000019d8a       0x3c ./Drivers/STM32F3xx_HAL_Driver/Src/stm32f3xx_hal.o
 .debug_macro   0x0000000000019dc6      0x236 ./Drivers/STM32F3xx_HAL_Driver/Src/stm32f3xx_hal.o
 .debug_macro   0x0000000000019ffc       0xc5 ./Drivers/STM32F3xx_HAL_Driver/Src/stm32f3xx_hal.o
 .debug_macro   0x000000000001a0c1      0x21d ./Drivers/STM32F3xx_HAL_Driver/Src/stm32f3xx_hal.o
 .debug_macro   0x000000000001a2de      0x22c ./Drivers/STM32F3xx_HAL_Driver/Src/stm32f3xx_hal.o
 .debug_macro   0x000000000001a50a       0x5b ./Drivers/STM32F3xx_HAL_Driver/Src/stm32f3xx_hal.o
 .debug_macro   0x000000000001a565       0xa5 ./Drivers/STM32F3xx_HAL_Driver/Src/stm32f3xx_hal.o
 .debug_macro   0x000000000001a60a       0x81 ./Drivers/STM32F3xx_HAL_Driver/Src/stm32f3xx_hal.o
 .debug_macro   0x000000000001a68b       0xd3 ./Drivers/STM32F3xx_HAL_Driver/Src/stm32f3xx_hal.o
 .debug_macro   0x000000000001a75e      0x2fe ./Drivers/STM32F3xx_HAL_Driver/Src/stm32f3xx_hal.o
 .debug_macro   0x000000000001aa5c      0xa3d ./Drivers/STM32F3xx_HAL_Driver/Src/stm32f3xx_hal.o
 .debug_macro   0x000000000001b499       0x89 ./Drivers/STM32F3xx_HAL_Driver/Src/stm32f3xx_hal.o
 .debug_macro   0x000000000001b522      0x275 ./Drivers/STM32F3xx_HAL_Driver/Src/stm32f3xx_hal.o
 .debug_macro   0x000000000001b797      0x1d8 ./Drivers/STM32F3xx_HAL_Driver/Src/stm32f3xx_hal_cortex.o
 .debug_macro   0x000000000001b96f      0x1d8 ./Drivers/STM32F3xx_HAL_Driver/Src/stm32f3xx_hal_dma.o
 .debug_macro   0x000000000001bb47      0x1df ./Drivers/STM32F3xx_HAL_Driver/Src/stm32f3xx_hal_gpio.o
 .debug_macro   0x000000000001bd26      0x1fc ./Drivers/STM32F3xx_HAL_Driver/Src/stm32f3xx_hal_rcc.o
 .debug_macro   0x000000000001bf22      0x1e0 ./Drivers/STM32F3xx_HAL_Driver/Src/stm32f3xx_hal_spi.o
 .debug_macro   0x000000000001c102      0x1d9 ./Drivers/STM32F3xx_HAL_Driver/Src/stm32f3xx_hal_tim.o
 .debug_macro   0x000000000001c2db      0x30a ./Src/MN15439A.o
 .debug_macro   0x000000000001c5e5       0x22 ./Src/MN15439A.o
 .debug_macro   0x000000000001c607       0xb8 ./Src/MN15439A.o
 .debug_macro   0x000000000001c6bf       0x52 ./Src/MN15439A.o
 .debug_macro   0x000000000001c711       0x18 ./Src/MN15439A.o
 .debug_macro   0x000000000001c729       0x3c ./Src/MN15439A.o
 .debug_macro   0x000000000001c765       0x34 ./Src/MN15439A.o
 .debug_macro   0x000000000001c799       0x16 ./Src/MN15439A.o
 .debug_macro   0x000000000001c7af       0x43 ./Src/MN15439A.o
 .debug_macro   0x000000000001c7f2       0x34 ./Src/MN15439A.o
 .debug_macro   0x000000000001c826       0x10 ./Src/MN15439A.o
 .debug_macro   0x000000000001c836       0x58 ./Src/MN15439A.o
 .debug_macro   0x000000000001c88e       0x71 ./Src/MN15439A.o
 .debug_macro   0x000000000001c8ff       0x1c ./Src/MN15439A.o
 .debug_macro   0x000000000001c91b      0x12a ./Src/MN15439A.o
 .debug_macro   0x000000000001ca45      0x333 ./Src/MN15439A.o
 .debug_macro   0x000000000001cd78       0x10 ./Src/MN15439A.o
 .debug_macro   0x000000000001cd88       0x35 ./Src/MN15439A.o
 .debug_macro   0x000000000001cdbd       0x20 ./Src/MN15439A.o
 .debug_macro   0x000000000001cddd       0x16 ./Src/MN15439A.o
 .debug_macro   0x000000000001cdf3       0x16 ./Src/MN15439A.o
 .debug_macro   0x000000000001ce09       0x29 ./Src/MN15439A.o
 .debug_macro   0x000000000001ce32      0x1f1 ./Src/dma.o
 .debug_macro   0x000000000001d023       0xb2 ./Src/dma.o
 .debug_macro   0x000000000001d0d5      0x1f1 ./Src/gpio.o
 .debug_macro   0x000000000001d2c6      0x3f3 ./Src/main.o
 .debug_macro   0x000000000001d6b9       0x1c ./Src/main.o
 .debug_macro   0x000000000001d6d5       0x10 ./Src/main.o
 .debug_macro   0x000000000001d6e5       0x10 ./Src/main.o
 .debug_macro   0x000000000001d6f5       0x1c ./Src/main.o
 .debug_macro   0x000000000001d711       0x52 ./Src/main.o
 .debug_macro   0x000000000001d763       0x22 ./Src/main.o
 .debug_macro   0x000000000001d785       0x10 ./Src/main.o
 .debug_macro   0x000000000001d795       0x40 ./Src/main.o
 .debug_macro   0x000000000001d7d5       0xd5 ./Src/main.o
 .debug_macro   0x000000000001d8aa       0x1c ./Src/main.o
 .debug_macro   0x000000000001d8c6       0x3d ./Src/main.o
 .debug_macro   0x000000000001d903       0x16 ./Src/main.o
 .debug_macro   0x000000000001d919      0x145 ./Src/main.o
 .debug_macro   0x000000000001da5e      0x1f1 ./Src/spi.o
 .debug_macro   0x000000000001dc4f      0x1e7 ./Src/stm32f3xx_hal_msp.o
 .debug_macro   0x000000000001de36      0x20a ./Src/stm32f3xx_it.o
 .debug_macro   0x000000000001e040      0x24c ./Src/syscalls.o
 .debug_macro   0x000000000001e28c       0x4c ./Src/syscalls.o
 .debug_macro   0x000000000001e2d8       0x94 ./Src/syscalls.o
 .debug_macro   0x000000000001e36c       0x57 ./Src/syscalls.o
 .debug_macro   0x000000000001e3c3      0x339 ./Src/syscalls.o
 .debug_macro   0x000000000001e6fc       0x10 ./Src/syscalls.o
 .debug_macro   0x000000000001e70c       0x10 ./Src/syscalls.o
 .debug_macro   0x000000000001e71c       0x10 ./Src/syscalls.o
 .debug_macro   0x000000000001e72c       0x35 ./Src/syscalls.o
 .debug_macro   0x000000000001e761      0x12c ./Src/syscalls.o
 .debug_macro   0x000000000001e88d       0x10 ./Src/syscalls.o
 .debug_macro   0x000000000001e89d      0x241 ./Src/syscalls.o
 .debug_macro   0x000000000001eade       0x10 ./Src/syscalls.o
 .debug_macro   0x000000000001eaee      0x189 ./Src/syscalls.o
 .debug_macro   0x000000000001ec77       0x16 ./Src/syscalls.o
 .debug_macro   0x000000000001ec8d       0xce ./Src/syscalls.o
 .debug_macro   0x000000000001ed5b      0x1de ./Src/system_stm32f3xx.o
 .debug_macro   0x000000000001ef39      0x1f1 ./Src/tim.o

.debug_line     0x0000000000000000    0x12778
 .debug_line    0x0000000000000000      0xa0a ./Drivers/STM32F3xx_HAL_Driver/Src/stm32f3xx_hal.o
 .debug_line    0x0000000000000a0a      0xc52 ./Drivers/STM32F3xx_HAL_Driver/Src/stm32f3xx_hal_cortex.o
 .debug_line    0x000000000000165c      0xf0e ./Drivers/STM32F3xx_HAL_Driver/Src/stm32f3xx_hal_dma.o
 .debug_line    0x000000000000256a      0xbb2 ./Drivers/STM32F3xx_HAL_Driver/Src/stm32f3xx_hal_gpio.o
 .debug_line    0x000000000000311c     0x1684 ./Drivers/STM32F3xx_HAL_Driver/Src/stm32f3xx_hal_rcc.o
 .debug_line    0x00000000000047a0     0x2e2d ./Drivers/STM32F3xx_HAL_Driver/Src/stm32f3xx_hal_spi.o
 .debug_line    0x00000000000075cd     0x56c4 ./Drivers/STM32F3xx_HAL_Driver/Src/stm32f3xx_hal_tim.o
 .debug_line    0x000000000000cc91     0x10ef ./Src/MN15439A.o
 .debug_line    0x000000000000dd80      0x6e9 ./Src/dma.o
 .debug_line    0x000000000000e469      0x7d0 ./Src/gpio.o
 .debug_line    0x000000000000ec39      0xa62 ./Src/main.o
 .debug_line    0x000000000000f69b      0x99a ./Src/spi.o
 .debug_line    0x0000000000010035      0x6f1 ./Src/stm32f3xx_hal_msp.o
 .debug_line    0x0000000000010726      0x852 ./Src/stm32f3xx_it.o
 .debug_line    0x0000000000010f78      0x8ed ./Src/syscalls.o
 .debug_line    0x0000000000011865      0x795 ./Src/system_stm32f3xx.o
 .debug_line    0x0000000000011ffa      0x77e ./Src/tim.o

.debug_str      0x0000000000000000    0xb5cf6
 .debug_str     0x0000000000000000    0xad6d9 ./Drivers/STM32F3xx_HAL_Driver/Src/stm32f3xx_hal.o
                                      0xadf86 (size before relaxing)
 .debug_str     0x00000000000ad6d9      0x3d4 ./Drivers/STM32F3xx_HAL_Driver/Src/stm32f3xx_hal_cortex.o
                                      0xae04f (size before relaxing)
 .debug_str     0x00000000000adaad      0x3f9 ./Drivers/STM32F3xx_HAL_Driver/Src/stm32f3xx_hal_dma.o
                                      0xadb2b (size before relaxing)
 .debug_str     0x00000000000adea6      0x1f9 ./Drivers/STM32F3xx_HAL_Driver/Src/stm32f3xx_hal_gpio.o
                                      0xad950 (size before relaxing)
 .debug_str     0x00000000000ae09f      0x400 ./Drivers/STM32F3xx_HAL_Driver/Src/stm32f3xx_hal_rcc.o
                                      0xadc3a (size before relaxing)
 .debug_str     0x00000000000ae49f      0x789 ./Drivers/STM32F3xx_HAL_Driver/Src/stm32f3xx_hal_spi.o
                                      0xae0e7 (size before relaxing)
 .debug_str     0x00000000000aec28     0x1162 ./Drivers/STM32F3xx_HAL_Driver/Src/stm32f3xx_hal_tim.o
                                      0xaebd4 (size before relaxing)
 .debug_str     0x00000000000afd8a     0x36c1 ./Src/MN15439A.o
                                      0xb159a (size before relaxing)
 .debug_str     0x00000000000b344b       0x24 ./Src/dma.o
                                      0xaddee (size before relaxing)
 .debug_str     0x00000000000b346f       0x37 ./Src/gpio.o
                                      0xadeae (size before relaxing)
 .debug_str     0x00000000000b34a6      0xfb9 ./Src/main.o
                                      0xb25b5 (size before relaxing)
 .debug_str     0x00000000000b445f       0x31 ./Src/spi.o
                                      0xae327 (size before relaxing)
 .debug_str     0x00000000000b4490       0x1b ./Src/stm32f3xx_hal_msp.o
                                      0xad997 (size before relaxing)
 .debug_str     0x00000000000b44ab      0x10b ./Src/stm32f3xx_it.o
                                      0xaded2 (size before relaxing)
 .debug_str     0x00000000000b45b6     0x16b6 ./Src/syscalls.o
                                       0x8f02 (size before relaxing)
 .debug_str     0x00000000000b5c6c       0x6e ./Src/system_stm32f3xx.o
                                      0xad7b4 (size before relaxing)
 .debug_str     0x00000000000b5cda       0x1c ./Src/tim.o
                                      0xadf14 (size before relaxing)

.comment        0x0000000000000000       0x53
 .comment       0x0000000000000000       0x53 ./Drivers/STM32F3xx_HAL_Driver/Src/stm32f3xx_hal.o
                                         0x54 (size before relaxing)
 .comment       0x0000000000000053       0x54 ./Drivers/STM32F3xx_HAL_Driver/Src/stm32f3xx_hal_cortex.o
 .comment       0x0000000000000053       0x54 ./Drivers/STM32F3xx_HAL_Driver/Src/stm32f3xx_hal_dma.o
 .comment       0x0000000000000053       0x54 ./Drivers/STM32F3xx_HAL_Driver/Src/stm32f3xx_hal_gpio.o
 .comment       0x0000000000000053       0x54 ./Drivers/STM32F3xx_HAL_Driver/Src/stm32f3xx_hal_rcc.o
 .comment       0x0000000000000053       0x54 ./Drivers/STM32F3xx_HAL_Driver/Src/stm32f3xx_hal_spi.o
 .comment       0x0000000000000053       0x54 ./Drivers/STM32F3xx_HAL_Driver/Src/stm32f3xx_hal_tim.o
 .comment       0x0000000000000053       0x54 ./Src/MN15439A.o
 .comment       0x0000000000000053       0x54 ./Src/dma.o
 .comment       0x0000000000000053       0x54 ./Src/gpio.o
 .comment       0x0000000000000053       0x54 ./Src/main.o
 .comment       0x0000000000000053       0x54 ./Src/spi.o
 .comment       0x0000000000000053       0x54 ./Src/stm32f3xx_hal_msp.o
 .comment       0x0000000000000053       0x54 ./Src/stm32f3xx_it.o
 .comment       0x0000000000000053       0x54 ./Src/syscalls.o
 .comment       0x0000000000000053       0x54 ./Src/system_stm32f3xx.o
 .comment       0x0000000000000053       0x54 ./Src/tim.o

.debug_frame    0x0000000000000000     0x201c
 .debug_frame   0x0000000000000000      0x1cc ./Drivers/STM32F3xx_HAL_Driver/Src/stm32f3xx_hal.o
 .debug_frame   0x00000000000001cc      0x15c ./Drivers/STM32F3xx_HAL_Driver/Src/stm32f3xx_hal_cortex.o
 .debug_frame   0x0000000000000328      0x164 ./Drivers/STM32F3xx_HAL_Driver/Src/stm32f3xx_hal_dma.o
 .debug_frame   0x000000000000048c       0xd8 ./Drivers/STM32F3xx_HAL_Driver/Src/stm32f3xx_hal_gpio.o
 .debug_frame   0x0000000000000564      0x178 ./Drivers/STM32F3xx_HAL_Driver/Src/stm32f3xx_hal_rcc.o
 .debug_frame   0x00000000000006dc      0x5d4 ./Drivers/STM32F3xx_HAL_Driver/Src/stm32f3xx_hal_spi.o
 .debug_frame   0x0000000000000cb0      0xb5c ./Drivers/STM32F3xx_HAL_Driver/Src/stm32f3xx_hal_tim.o
 .debug_frame   0x000000000000180c       0xfc ./Src/MN15439A.o
 .debug_frame   0x0000000000001908       0x2c ./Src/dma.o
 .debug_frame   0x0000000000001934       0x38 ./Src/gpio.o
 .debug_frame   0x000000000000196c       0x80 ./Src/main.o
 .debug_frame   0x00000000000019ec       0x7c ./Src/spi.o
 .debug_frame   0x0000000000001a68       0x28 ./Src/stm32f3xx_hal_msp.o
 .debug_frame   0x0000000000001a90      0x108 ./Src/stm32f3xx_it.o
 .debug_frame   0x0000000000001b98      0x1a8 ./Src/syscalls.o
 .debug_frame   0x0000000000001d40       0x30 ./Src/system_stm32f3xx.o
 .debug_frame   0x0000000000001d70       0x50 ./Src/tim.o
 .debug_frame   0x0000000000001dc0       0x20 c:/st/stm32cubeide_1.7.0/stm32cubeide/plugins/com.st.stm32cube.ide.mcu.externaltools.gnu-tools-for-stm32.9-2020-q2-update.win32_2.0.0.202105311346/tools/bin/../lib/gcc/arm-none-eabi/9.3.1/../../../../arm-none-eabi/lib/thumb/v7e-m+fp/hard\libc_nano.a(lib_a-errno.o)
 .debug_frame   0x0000000000001de0       0x2c c:/st/stm32cubeide_1.7.0/stm32cubeide/plugins/com.st.stm32cube.ide.mcu.externaltools.gnu-tools-for-stm32.9-2020-q2-update.win32_2.0.0.202105311346/tools/bin/../lib/gcc/arm-none-eabi/9.3.1/../../../../arm-none-eabi/lib/thumb/v7e-m+fp/hard\libc_nano.a(lib_a-init.o)
 .debug_frame   0x0000000000001e0c       0x30 c:/st/stm32cubeide_1.7.0/stm32cubeide/plugins/com.st.stm32cube.ide.mcu.externaltools.gnu-tools-for-stm32.9-2020-q2-update.win32_2.0.0.202105311346/tools/bin/../lib/gcc/arm-none-eabi/9.3.1/../../../../arm-none-eabi/lib/thumb/v7e-m+fp/hard\libc_nano.a(lib_a-malloc.o)
 .debug_frame   0x0000000000001e3c       0x28 c:/st/stm32cubeide_1.7.0/stm32cubeide/plugins/com.st.stm32cube.ide.mcu.externaltools.gnu-tools-for-stm32.9-2020-q2-update.win32_2.0.0.202105311346/tools/bin/../lib/gcc/arm-none-eabi/9.3.1/../../../../arm-none-eabi/lib/thumb/v7e-m+fp/hard\libc_nano.a(lib_a-memcpy-stub.o)
 .debug_frame   0x0000000000001e64       0x20 c:/st/stm32cubeide_1.7.0/stm32cubeide/plugins/com.st.stm32cube.ide.mcu.externaltools.gnu-tools-for-stm32.9-2020-q2-update.win32_2.0.0.202105311346/tools/bin/../lib/gcc/arm-none-eabi/9.3.1/../../../../arm-none-eabi/lib/thumb/v7e-m+fp/hard\libc_nano.a(lib_a-memset.o)
 .debug_frame   0x0000000000001e84       0x30 c:/st/stm32cubeide_1.7.0/stm32cubeide/plugins/com.st.stm32cube.ide.mcu.externaltools.gnu-tools-for-stm32.9-2020-q2-update.win32_2.0.0.202105311346/tools/bin/../lib/gcc/arm-none-eabi/9.3.1/../../../../arm-none-eabi/lib/thumb/v7e-m+fp/hard\libc_nano.a(lib_a-nano-mallocr.o)
 .debug_frame   0x0000000000001eb4       0x2c c:/st/stm32cubeide_1.7.0/stm32cubeide/plugins/com.st.stm32cube.ide.mcu.externaltools.gnu-tools-for-stm32.9-2020-q2-update.win32_2.0.0.202105311346/tools/bin/../lib/gcc/arm-none-eabi/9.3.1/../../../../arm-none-eabi/lib/thumb/v7e-m+fp/hard\libc_nano.a(lib_a-sbrkr.o)
 .debug_frame   0x0000000000001ee0       0x30 c:/st/stm32cubeide_1.7.0/stm32cubeide/plugins/com.st.stm32cube.ide.mcu.externaltools.gnu-tools-for-stm32.9-2020-q2-update.win32_2.0.0.202105311346/tools/bin/../lib/gcc/arm-none-eabi/9.3.1/../../../../arm-none-eabi/lib/thumb/v7e-m+fp/hard\libc_nano.a(lib_a-mlock.o)
 .debug_frame   0x0000000000001f10       0x5c c:/st/stm32cubeide_1.7.0/stm32cubeide/plugins/com.st.stm32cube.ide.mcu.externaltools.gnu-tools-for-stm32.9-2020-q2-update.win32_2.0.0.202105311346/tools/bin/../lib/gcc/arm-none-eabi/9.3.1/../../../../arm-none-eabi/lib/thumb/v7e-m+fp/hard\libc_nano.a(lib_a-reent.o)
 .debug_frame   0x0000000000001f6c       0xb0 c:/st/stm32cubeide_1.7.0/stm32cubeide/plugins/com.st.stm32cube.ide.mcu.externaltools.gnu-tools-for-stm32.9-2020-q2-update.win32_2.0.0.202105311346/tools/bin/../lib/gcc/arm-none-eabi/9.3.1/../../../../arm-none-eabi/lib/thumb/v7e-m+fp/hard\libc_nano.a(lib_a-lock.o)
